02-11 14:46:00.311  3137  3137 W Bundle  : 	at com.alipay.mobile.nebulax.engine.common.CommonNXBridge.sendToNative(CommonNXBridge.java:106)
02-11 14:46:00.311  3137  3137 W Bundle  : 	at com.alipay.mobile.nebulax.engine.webview.f.c.a(NXWebChromeClient.java:1478)
02-11 14:46:00.311  3137  3137 W Bundle  : 	at com.alipay.mobile.nebulax.engine.webview.f.c.onConsoleMessage(NXWebChromeClient.java:248)
02-11 14:46:00.311  3137  3137 W Bundle  : 	at com.alipay.mobile.nebulauc.impl.UCWebChromeClient.onConsoleMessage(UCWebChromeClient.java:137)
02-11 14:46:00.311  3137  3137 W Bundle  : 	at com.uc.sdk_glue.WebChromeClientAdapter.onConsoleMessage(U4Source:487)
02-11 14:46:00.311  3137  3137 W Bundle  : 	at com.uc.webkit.impl.fa.a(U4Source:525)
02-11 14:46:00.311  3137  3137 W Bundle  : 	at com.uc.webkit.impl.a.a(U4Source:395)
02-11 14:46:00.311  3137  3137 W Bundle  : 	at org.chromium.android_webview.bt.addMessageToConsole(U4Source:188)
02-11 14:46:00.311  3137  3137 W Bundle  : 	at android.os.MessageQueue.nativePollOnce(Native Method)
02-11 14:46:00.311  3137  3137 W Bundle  : 	at android.os.MessageQueue.next(MessageQueue.java:325)
02-11 14:46:00.311  3137  3137 W Bundle  : 	at android.os.Looper.loop(Looper.java:142)
02-11 14:46:00.311  3137  3137 W Bundle  : 	at android.app.ActivityThread.main(ActivityThread.java:6577)
02-11 14:46:00.311  3137  3137 W Bundle  : 	at java.lang.reflect.Method.invoke(Native Method)
02-11 14:46:00.311  3137  3137 W Bundle  : 	at com.android.internal.os.RuntimeInit$MethodAndArgsCaller.run(RuntimeInit.java:438)
02-11 14:46:00.311  3137  3137 W Bundle  : 	at com.android.internal.os.ZygoteInit.main(ZygoteInit.java:857)
02-11 14:46:00.313  3137  3137 W Bundle  : getPairValue() used on Bundle with multiple pairs.
02-11 14:46:00.314  3137  3137 W Bundle  : Key getPairValue() expected String but value was a java.lang.Long.  The default value <null> was returned.
02-11 14:46:00.315  3137  3137 W Bundle  : Attempt to cast generated internal exception:
02-11 14:46:00.315  3137  3137 W Bundle  : java.lang.ClassCastException: java.lang.Long cannot be cast to java.lang.String
02-11 14:46:00.315  3137  3137 W Bundle  : 	at android.os.BaseBundle.getPairValue(BaseBundle.java:194)
02-11 14:46:00.315  3137  3137 W Bundle  : 	at java.lang.reflect.Method.invoke(Native Method)
02-11 14:46:00.315  3137  3137 W Bundle  : 	at com.alibaba.fastjson.util.FieldInfo.get(FieldInfo.java:355)
02-11 14:46:00.315  3137  3137 W Bundle  : 	at com.alibaba.fastjson.serializer.FieldSerializer.getPropertyValue(FieldSerializer.java:92)
02-11 14:46:00.315  3137  3137 W Bundle  : 	at com.alibaba.fastjson.serializer.JavaBeanSerializer.write(JavaBeanSerializer.java:354)
02-11 14:46:00.315  3137  3137 W Bundle  : 	at com.alibaba.fastjson.serializer.MapSerializer.write(MapSerializer.java:148)
02-11 14:46:00.315  3137  3137 W Bundle  : 	at com.alibaba.fastjson.serializer.FieldSerializer.writeValue(FieldSerializer.java:146)
02-11 14:46:00.315  3137  3137 W Bundle  : 	at com.alibaba.fastjson.serializer.JavaBeanSerializer.write(JavaBeanSerializer.java:648)
02-11 14:46:00.315  3137  3137 W Bundle  : 	at com.alibaba.fastjson.serializer.MapSerializer.write(MapSerializer.java:148)
02-11 14:46:00.315  3137  3137 W Bundle  : 	at com.alibaba.fastjson.serializer.FieldSerializer.writeValue(FieldSerializer.java:146)
02-11 14:46:00.315  3137  3137 W Bundle  : 	at com.alibaba.fastjson.serializer.JavaBeanSerializer.write(JavaBeanSerializer.java:648)
02-11 14:46:00.315  3137  3137 W Bundle  : 	at com.alibaba.fastjson.serializer.MapSerializer.write(MapSerializer.java:148)
02-11 14:46:00.315  3137  3137 W Bundle  : 	at com.alibaba.fastjson.serializer.MapSerializer.write(MapSerializer.java:148)
02-11 14:46:00.315  3137  3137 W Bundle  : 	at com.alibaba.fastjson.serializer.JSONSerializer.write(JSONSerializer.java:262)
02-11 14:46:00.315  3137  3137 W Bundle  : 	at com.alibaba.fastjson.JSON.toJSONString(JSON.java:574)
02-11 14:46:00.315  3137  3137 W Bundle  : 	at com.alibaba.fastjson.JSON.toString(JSON.java:567)
02-11 14:46:00.315  3137  3137 W Bundle  : 	at java.lang.String.valueOf(String.java:2827)
02-11 14:46:00.315  3137  3137 W Bundle  : 	at java.lang.StringBuilder.append(StringBuilder.java:132)
02-11 14:46:00.315  3137  3137 W Bundle  : 	at com.alipay.android.phone.businesscommon.advertisement.impl.AdvertisementServiceImpl.notifyPageLifeCycle2WebView(AdvertisementServiceImpl.java:2666)
02-11 14:46:00.315  3137  3137 W Bundle  : 	at com.alipay.android.phone.businesscommon.advertisement.trigger.AdScenePlugin.interceptEvent(AdScenePlugin.java:33)
02-11 14:46:00.315  3137  3137 W Bundle  : 	at com.alipay.mobile.nebulacore.manager.H5PluginManagerImpl.interceptEvent(H5PluginManagerImpl.java:211)
02-11 14:46:00.315  3137  3137 W Bundle  : 	at com.alipay.mobile.nebulacore.manager.H5PluginManagerImpl.interceptEvent(H5PluginManagerImpl.java:417)
02-11 14:46:00.315  3137  3137 W Bundle  : 	at com.alipay.mobile.nebulacore.core.H5CoreTarget.interceptEvent(H5CoreTarget.java:154)
02-11 14:46:00.315  3137  3137 W Bundle  : 	at com.alipay.mobile.nebulacore.core.H5EventDispatcher.c(H5EventDispatcher.java:239)
02-11 14:46:00.315  3137  3137 W Bundle  : 	at com.alipay.mobile.nebulacore.core.H5EventDispatcher.b(H5EventDispatcher.java:124)
02-11 14:46:00.315  3137  3137 W Bundle  : 	at com.alipay.mobile.nebulacore.core.H5EventDispatcher.a(H5EventDispatcher.java:35)
02-11 14:46:00.315  3137  3137 W Bundle  : 	at com.alipay.mobile.nebulacore.core.H5EventDispatcher$1.run(H5EventDispatcher.java:87)
02-11 14:46:00.315  3137  3137 W Bundle  : 	at com.alipay.mobile.nebula.util.H5Utils.runOnMain(H5Utils.java:632)
02-11 14:46:00.315  3137  3137 W Bundle  : 	at com.alipay.mobile.nebulacore.core.H5EventDispatcher.dispatch(H5EventDispatcher.java:83)
02-11 14:46:00.315  3137  3137 W Bundle  : 	at com.alipay.mobile.nebulacore.core.H5EventDispatcher.dispatch(H5EventDispatcher.java:67)
02-11 14:46:00.315  3137  3137 W Bundle  : 	at com.alipay.mobile.nebulacore.bridge.H5BridgeImpl.b(H5BridgeImpl.java:312)
02-11 14:46:00.315  3137  3137 W Bundle  : 	at com.alipay.mobile.nebulacore.bridge.H5BridgeImpl.a(H5BridgeImpl.java:46)
02-11 14:46:00.315  3137  3137 W Bundle  : 	at com.alipay.mobile.nebulacore.bridge.H5BridgeImpl$2.run(H5BridgeImpl.java:141)
02-11 14:46:00.315  3137  3137 W Bundle  : 	at com.alipay.mobile.nebula.util.H5Utils.runOnMain(H5Utils.java:632)
02-11 14:46:00.315  3137  3137 W Bundle  : 	at com.alipay.mobile.nebulacore.bridge.H5BridgeImpl.a(H5BridgeImpl.java:138)
02-11 14:46:00.315  3137  3137 W Bundle  : 	at com.alipay.mobile.nebulacore.bridge.H5BridgeImpl.sendToNative(H5BridgeImpl.java:119)
02-11 14:46:00.315  3137  3137 W Bundle  : 	at com.alipay.mobile.nebulax.integration.base.legacy.H5BridgeAdapter.sendToNative(H5BridgeAdapter.java:50)
02-11 14:46:00.315  3137  3137 W Bundle  : 	at com.alipay.mobile.nebulax.engine.common.utils.NXUtils.legacySendToNative(NXUtils.java:143)
02-11 14:46:00.315  3137  3137 W Bundle  : 	at com.alipay.mobile.nebulax.engine.common.CommonNXBridge.a(CommonNXBridge.java:216)
02-11 14:46:00.315  3137  3137 W Bundle  : 	at com.alipay.mobile.nebulax.engine.common.CommonNXBridge.sendToNative(CommonNXBridge.java:106)
02-11 14:46:00.315  3137  3137 W Bundle  : 	at com.alipay.mobile.nebulax.engine.webview.f.c.a(NXWebChromeClient.java:1478)
02-11 14:46:00.315  3137  3137 W Bundle  : 	at com.alipay.mobile.nebulax.engine.webview.f.c.onConsoleMessage(NXWebChromeClient.java:248)
02-11 14:46:00.315  3137  3137 W Bundle  : 	at com.alipay.mobile.nebulauc.impl.UCWebChromeClient.onConsoleMessage(UCWebChromeClient.java:137)
02-11 14:46:00.315  3137  3137 W Bundle  : 	at com.uc.sdk_glue.WebChromeClientAdapter.onConsoleMessage(U4Source:487)
02-11 14:46:00.315  3137  3137 W Bundle  : 	at com.uc.webkit.impl.fa.a(U4Source:525)
02-11 14:46:00.315  3137  3137 W Bundle  : 	at com.uc.webkit.impl.a.a(U4Source:395)
02-11 14:46:00.315  3137  3137 W Bundle  : 	at org.chromium.android_webview.bt.addMessageToConsole(U4Source:188)
02-11 14:46:00.315  3137  3137 W Bundle  : 	at android.os.MessageQueue.nativePollOnce(Native Method)
02-11 14:46:00.315  3137  3137 W Bundle  : 	at android.os.MessageQueue.next(MessageQueue.java:325)
02-11 14:46:00.315  3137  3137 W Bundle  : 	at android.os.Looper.loop(Looper.java:142)
02-11 14:46:00.315  3137  3137 W Bundle  : 	at android.app.ActivityThread.main(ActivityThread.java:6577)
02-11 14:46:00.315  3137  3137 W Bundle  : 	at java.lang.reflect.Method.invoke(Native Method)
02-11 14:46:00.315  3137  3137 W Bundle  : 	at com.android.internal.os.RuntimeInit$MethodAndArgsCaller.run(RuntimeInit.java:438)
02-11 14:46:00.315  3137  3137 W Bundle  : 	at com.android.internal.os.ZygoteInit.main(ZygoteInit.java:857)
02-11 14:46:00.315  3137  3137 W Bundle  : getPairValue() used on Bundle with multiple pairs.
02-11 14:46:00.316  3137  3137 W Bundle  : Key getPairValue() expected String but value was a java.lang.Boolean.  The default value <null> was returned.
02-11 14:46:00.317  3137  3137 W Bundle  : Attempt to cast generated internal exception:
02-11 14:46:00.317  3137  3137 W Bundle  : java.lang.ClassCastException: java.lang.Boolean cannot be cast to java.lang.String
02-11 14:46:00.317  3137  3137 W Bundle  : 	at android.os.BaseBundle.getPairValue(BaseBundle.java:194)
02-11 14:46:00.317  3137  3137 W Bundle  : 	at java.lang.reflect.Method.invoke(Native Method)
02-11 14:46:00.317  3137  3137 W Bundle  : 	at com.alibaba.fastjson.util.FieldInfo.get(FieldInfo.java:355)
02-11 14:46:00.317  3137  3137 W Bundle  : 	at com.alibaba.fastjson.serializer.FieldSerializer.getPropertyValue(FieldSerializer.java:92)
02-11 14:46:00.317  3137  3137 W Bundle  : 	at com.alibaba.fastjson.serializer.JavaBeanSerializer.write(JavaBeanSerializer.java:354)
02-11 14:46:00.317  3137  3137 W Bundle  : 	at com.alibaba.fastjson.serializer.MapSerializer.write(MapSerializer.java:148)
02-11 14:46:00.317  3137  3137 W Bundle  : 	at com.alibaba.fastjson.serializer.FieldSerializer.writeValue(FieldSerializer.java:146)
02-11 14:46:00.317  3137  3137 W Bundle  : 	at com.alibaba.fastjson.serializer.JavaBeanSerializer.write(JavaBeanSerializer.java:648)
02-11 14:46:00.317  3137  3137 W Bundle  : 	at com.alibaba.fastjson.serializer.MapSerializer.write(MapSerializer.java:148)
02-11 14:46:00.317  3137  3137 W Bundle  : 	at com.alibaba.fastjson.serializer.FieldSerializer.writeValue(FieldSerializer.java:146)
02-11 14:46:00.317  3137  3137 W Bundle  : 	at com.alibaba.fastjson.serializer.JavaBeanSerializer.write(JavaBeanSerializer.java:648)
02-11 14:46:00.317  3137  3137 W Bundle  : 	at com.alibaba.fastjson.serializer.MapSerializer.write(MapSerializer.java:148)
02-11 14:46:00.317  3137  3137 W Bundle  : 	at com.alibaba.fastjson.serializer.MapSerializer.write(MapSerializer.java:148)
02-11 14:46:00.317  3137  3137 W Bundle  : 	at com.alibaba.fastjson.serializer.JSONSerializer.write(JSONSerializer.java:262)
02-11 14:46:00.317  3137  3137 W Bundle  : 	at com.alibaba.fastjson.JSON.toJSONString(JSON.java:574)
02-11 14:46:00.317  3137  3137 W Bundle  : 	at com.alibaba.fastjson.JSON.toString(JSON.java:567)
02-11 14:46:00.317  3137  3137 W Bundle  : 	at java.lang.String.valueOf(String.java:2827)
02-11 14:46:00.317  3137  3137 W Bundle  : 	at java.lang.StringBuilder.append(StringBuilder.java:132)
02-11 14:46:00.317  3137  3137 W Bundle  : 	at com.alipay.android.phone.businesscommon.advertisement.impl.AdvertisementServiceImpl.notifyPageLifeCycle2WebView(AdvertisementServiceImpl.java:2666)
02-11 14:46:00.317  3137  3137 W Bundle  : 	at com.alipay.android.phone.businesscommon.advertisement.trigger.AdScenePlugin.interceptEvent(AdScenePlugin.java:33)
02-11 14:46:00.317  3137  3137 W Bundle  : 	at com.alipay.mobile.nebulacore.manager.H5PluginManagerImpl.interceptEvent(H5PluginManagerImpl.java:211)
02-11 14:46:00.317  3137  3137 W Bundle  : 	at com.alipay.mobile.nebulacore.manager.H5PluginManagerImpl.interceptEvent(H5PluginManagerImpl.java:417)
02-11 14:46:00.317  3137  3137 W Bundle  : 	at com.alipay.mobile.nebulacore.core.H5CoreTarget.interceptEvent(H5CoreTarget.java:154)
02-11 14:46:00.317  3137  3137 W Bundle  : 	at com.alipay.mobile.nebulacore.core.H5EventDispatcher.c(H5EventDispatcher.java:239)
02-11 14:46:00.317  3137  3137 W Bundle  : 	at com.alipay.mobile.nebulacore.core.H5EventDispatcher.b(H5EventDispatcher.java:124)
02-11 14:46:00.317  3137  3137 W Bundle  : 	at com.alipay.mobile.nebulacore.core.H5EventDispatcher.a(H5EventDispatcher.java:35)
02-11 14:46:00.317  3137  3137 W Bundle  : 	at com.alipay.mobile.nebulacore.core.H5EventDispatcher$1.run(H5EventDispatcher.java:87)
02-11 14:46:00.317  3137  3137 W Bundle  : 	at com.alipay.mobile.nebula.util.H5Utils.runOnMain(H5Utils.java:632)
02-11 14:46:00.317  3137  3137 W Bundle  : 	at com.alipay.mobile.nebulacore.core.H5EventDispatcher.dispatch(H5EventDispatcher.java:83)
02-11 14:46:00.317  3137  3137 W Bundle  : 	at com.alipay.mobile.nebulacore.core.H5EventDispatcher.dispatch(H5EventDispatcher.java:67)
02-11 14:46:00.317  3137  3137 W Bundle  : 	at com.alipay.mobile.nebulacore.bridge.H5BridgeImpl.b(H5BridgeImpl.java:312)
02-11 14:46:00.317  3137  3137 W Bundle  : 	at com.alipay.mobile.nebulacore.bridge.H5BridgeImpl.a(H5BridgeImpl.java:46)
02-11 14:46:00.317  3137  3137 W Bundle  : 	at com.alipay.mobile.nebulacore.bridge.H5BridgeImpl$2.run(H5BridgeImpl.java:141)
02-11 14:46:00.317  3137  3137 W Bundle  : 	at com.alipay.mobile.nebula.util.H5Utils.runOnMain(H5Utils.java:632)
02-11 14:46:00.317  3137  3137 W Bundle  : 	at com.alipay.mobile.nebulacore.bridge.H5BridgeImpl.a(H5BridgeImpl.java:138)
02-11 14:46:00.317  3137  3137 W Bundle  : 	at com.alipay.mobile.nebulacore.bridge.H5BridgeImpl.sendToNative(H5BridgeImpl.java:119)
02-11 14:46:00.317  3137  3137 W Bundle  : 	at com.alipay.mobile.nebulax.integration.base.legacy.H5BridgeAdapter.sendToNative(H5BridgeAdapter.java:50)
02-11 14:46:00.317  3137  3137 W Bundle  : 	at com.alipay.mobile.nebulax.engine.common.utils.NXUtils.legacySendToNative(NXUtils.java:143)
02-11 14:46:00.317  3137  3137 W Bundle  : 	at com.alipay.mobile.nebulax.engine.common.CommonNXBridge.a(CommonNXBridge.java:216)
02-11 14:46:00.317  3137  3137 W Bundle  : 	at com.alipay.mobile.nebulax.engine.common.CommonNXBridge.sendToNative(CommonNXBridge.java:106)
02-11 14:46:00.317  3137  3137 W Bundle  : 	at com.alipay.mobile.nebulax.engine.webview.f.c.a(NXWebChromeClient.java:1478)
02-11 14:46:00.317  3137  3137 W Bundle  : 	at com.alipay.mobile.nebulax.engine.webview.f.c.onConsoleMessage(NXWebChromeClient.java:248)
02-11 14:46:00.317  3137  3137 W Bundle  : 	at com.alipay.mobile.nebulauc.impl.UCWebChromeClient.onConsoleMessage(UCWebChromeClient.java:137)
02-11 14:46:00.317  3137  3137 W Bundle  : 	at com.uc.sdk_glue.WebChromeClientAdapter.onConsoleMessage(U4Source:487)
02-11 14:46:00.317  3137  3137 W Bundle  : 	at com.uc.webkit.impl.fa.a(U4Source:525)
02-11 14:46:00.317  3137  3137 W Bundle  : 	at com.uc.webkit.impl.a.a(U4Source:395)
02-11 14:46:00.317  3137  3137 W Bundle  : 	at org.chromium.android_webview.bt.addMessageToConsole(U4Source:188)
02-11 14:46:00.317  3137  3137 W Bundle  : 	at android.os.MessageQueue.nativePollOnce(Native Method)
02-11 14:46:00.317  3137  3137 W Bundle  : 	at android.os.MessageQueue.next(MessageQueue.java:325)
02-11 14:46:00.317  3137  3137 W Bundle  : 	at android.os.Looper.loop(Looper.java:142)
02-11 14:46:00.317  3137  3137 W Bundle  : 	at android.app.ActivityThread.main(ActivityThread.java:6577)
02-11 14:46:00.317  3137  3137 W Bundle  : 	at java.lang.reflect.Method.invoke(Native Method)
02-11 14:46:00.317  3137  3137 W Bundle  : 	at com.android.internal.os.RuntimeInit$MethodAndArgsCaller.run(RuntimeInit.java:438)
02-11 14:46:00.317  3137  3137 W Bundle  : 	at com.android.internal.os.ZygoteInit.main(ZygoteInit.java:857)
02-11 14:46:00.317  3137  3137 W Bundle  : getPairValue() used on Bundle with multiple pairs.
02-11 14:46:00.317  3137  3137 W Bundle  : Key getPairValue() expected String but value was a java.lang.Long.  The default value <null> was returned.
02-11 14:46:00.318  3137  3137 W Bundle  : Attempt to cast generated internal exception:
02-11 14:46:00.318  3137  3137 W Bundle  : java.lang.ClassCastException: java.lang.Long cannot be cast to java.lang.String
02-11 14:46:00.318  3137  3137 W Bundle  : 	at android.os.BaseBundle.getPairValue(BaseBundle.java:194)
02-11 14:46:00.318  3137  3137 W Bundle  : 	at java.lang.reflect.Method.invoke(Native Method)
02-11 14:46:00.318  3137  3137 W Bundle  : 	at com.alibaba.fastjson.util.FieldInfo.get(FieldInfo.java:355)
02-11 14:46:00.318  3137  3137 W Bundle  : 	at com.alibaba.fastjson.serializer.FieldSerializer.getPropertyValue(FieldSerializer.java:92)
02-11 14:46:00.318  3137  3137 W Bundle  : 	at com.alibaba.fastjson.serializer.JavaBeanSerializer.write(JavaBeanSerializer.java:354)
02-11 14:46:00.318  3137  3137 W Bundle  : 	at com.alibaba.fastjson.serializer.MapSerializer.write(MapSerializer.java:148)
02-11 14:46:00.318  3137  3137 W Bundle  : 	at com.alibaba.fastjson.serializer.FieldSerializer.writeValue(FieldSerializer.java:146)
02-11 14:46:00.318  3137  3137 W Bundle  : 	at com.alibaba.fastjson.serializer.JavaBeanSerializer.write(JavaBeanSerializer.java:648)
02-11 14:46:00.318  3137  3137 W Bundle  : 	at com.alibaba.fastjson.serializer.MapSerializer.write(MapSerializer.java:148)
02-11 14:46:00.318  3137  3137 W Bundle  : 	at com.alibaba.fastjson.serializer.MapSerializer.write(MapSerializer.java:148)
02-11 14:46:00.318  3137  3137 W Bundle  : 	at com.alibaba.fastjson.serializer.JSONSerializer.write(JSONSerializer.java:262)
02-11 14:46:00.318  3137  3137 W Bundle  : 	at com.alibaba.fastjson.JSON.toJSONString(JSON.java:574)
02-11 14:46:00.318  3137  3137 W Bundle  : 	at com.alibaba.fastjson.JSON.toString(JSON.java:567)
02-11 14:46:00.318  3137  3137 W Bundle  : 	at java.lang.String.valueOf(String.java:2827)
02-11 14:46:00.318  3137  3137 W Bundle  : 	at java.lang.StringBuilder.append(StringBuilder.java:132)
02-11 14:46:00.318  3137  3137 W Bundle  : 	at com.alipay.android.phone.businesscommon.advertisement.impl.AdvertisementServiceImpl.notifyPageLifeCycle2WebView(AdvertisementServiceImpl.java:2666)
02-11 14:46:00.318  3137  3137 W Bundle  : 	at com.alipay.android.phone.businesscommon.advertisement.trigger.AdScenePlugin.interceptEvent(AdScenePlugin.java:33)
02-11 14:46:00.318  3137  3137 W Bundle  : 	at com.alipay.mobile.nebulacore.manager.H5PluginManagerImpl.interceptEvent(H5PluginManagerImpl.java:211)
02-11 14:46:00.318  3137  3137 W Bundle  : 	at com.alipay.mobile.nebulacore.manager.H5PluginManagerImpl.interceptEvent(H5PluginManagerImpl.java:417)
02-11 14:46:00.318  3137  3137 W Bundle  : 	at com.alipay.mobile.nebulacore.core.H5CoreTarget.interceptEvent(H5CoreTarget.java:154)
02-11 14:46:00.318  3137  3137 W Bundle  : 	at com.alipay.mobile.nebulacore.core.H5EventDispatcher.c(H5EventDispatcher.java:239)
02-11 14:46:00.318  3137  3137 W Bundle  : 	at com.alipay.mobile.nebulacore.core.H5EventDispatcher.b(H5EventDispatcher.java:124)
02-11 14:46:00.318  3137  3137 W Bundle  : 	at com.alipay.mobile.nebulacore.core.H5EventDispatcher.a(H5EventDispatcher.java:35)
02-11 14:46:00.318  3137  3137 W Bundle  : 	at com.alipay.mobile.nebulacore.core.H5EventDispatcher$1.run(H5EventDispatcher.java:87)
02-11 14:46:00.318  3137  3137 W Bundle  : 	at com.alipay.mobile.nebula.util.H5Utils.runOnMain(H5Utils.java:632)
02-11 14:46:00.318  3137  3137 W Bundle  : 	at com.alipay.mobile.nebulacore.core.H5EventDispatcher.dispatch(H5EventDispatcher.java:83)
02-11 14:46:00.318  3137  3137 W Bundle  : 	at com.alipay.mobile.nebulacore.core.H5EventDispatcher.dispatch(H5EventDispatcher.java:67)
02-11 14:46:00.318  3137  3137 W Bundle  : 	at com.alipay.mobile.nebulacore.bridge.H5BridgeImpl.b(H5BridgeImpl.java:312)
02-11 14:46:00.318  3137  3137 W Bundle  : 	at com.alipay.mobile.nebulacore.bridge.H5BridgeImpl.a(H5BridgeImpl.java:46)
02-11 14:46:00.318  3137  3137 W Bundle  : 	at com.alipay.mobile.nebulacore.bridge.H5BridgeImpl$2.run(H5BridgeImpl.java:141)
02-11 14:46:00.318  3137  3137 W Bundle  : 	at com.alipay.mobile.nebula.util.H5Utils.runOnMain(H5Utils.java:632)
02-11 14:46:00.318  3137  3137 W Bundle  : 	at com.alipay.mobile.nebulacore.bridge.H5BridgeImpl.a(H5BridgeImpl.java:138)
02-11 14:46:00.318  3137  3137 W Bundle  : 	at com.alipay.mobile.nebulacore.bridge.H5BridgeImpl.sendToNative(H5BridgeImpl.java:119)
02-11 14:46:00.318  3137  3137 W Bundle  : 	at com.alipay.mobile.nebulax.integration.base.legacy.H5BridgeAdapter.sendToNative(H5BridgeAdapter.java:50)
02-11 14:46:00.318  3137  3137 W Bundle  : 	at com.alipay.mobile.nebulax.engine.common.utils.NXUtils.legacySendToNative(NXUtils.java:143)
02-11 14:46:00.318  3137  3137 W Bundle  : 	at com.alipay.mobile.nebulax.engine.common.CommonNXBridge.a(CommonNXBridge.java:216)
02-11 14:46:00.318  3137  3137 W Bundle  : 	at com.alipay.mobile.nebulax.engine.common.CommonNXBridge.sendToNative(CommonNXBridge.java:106)
02-11 14:46:00.318  3137  3137 W Bundle  : 	at com.alipay.mobile.nebulax.engine.webview.f.c.a(NXWebChromeClient.java:1478)
02-11 14:46:00.318  3137  3137 W Bundle  : 	at com.alipay.mobile.nebulax.engine.webview.f.c.onConsoleMessage(NXWebChromeClient.java:248)
02-11 14:46:00.318  3137  3137 W Bundle  : 	at com.alipay.mobile.nebulauc.impl.UCWebChromeClient.onConsoleMessage(UCWebChromeClient.java:137)
02-11 14:46:00.318  3137  3137 W Bundle  : 	at com.uc.sdk_glue.WebChromeClientAdapter.onConsoleMessage(U4Source:487)
02-11 14:46:00.318  3137  3137 W Bundle  : 	at com.uc.webkit.impl.fa.a(U4Source:525)
02-11 14:46:00.318  3137  3137 W Bundle  : 	at com.uc.webkit.impl.a.a(U4Source:395)
02-11 14:46:00.318  3137  3137 W Bundle  : 	at org.chromium.android_webview.bt.addMessageToConsole(U4Source:188)
02-11 14:46:00.318  3137  3137 W Bundle  : 	at android.os.MessageQueue.nativePollOnce(Native Method)
02-11 14:46:00.318  3137  3137 W Bundle  : 	at android.os.MessageQueue.next(MessageQueue.java:325)
02-11 14:46:00.318  3137  3137 W Bundle  : 	at android.os.Looper.loop(Looper.java:142)
02-11 14:46:00.318  3137  3137 W Bundle  : 	at android.app.ActivityThread.main(ActivityThread.java:6577)
02-11 14:46:00.318  3137  3137 W Bundle  : 	at java.lang.reflect.Method.invoke(Native Method)
02-11 14:46:00.319  3137  3137 W Bundle  : 	at com.android.internal.os.RuntimeInit$MethodAndArgsCaller.run(RuntimeInit.java:438)
02-11 14:46:00.319  3137  3137 W Bundle  : 	at com.android.internal.os.ZygoteInit.main(ZygoteInit.java:857)
02-11 14:46:00.322  3137  3137 W Bundle  : getPairValue() used on Bundle with multiple pairs.
02-11 14:46:00.322  3137  3137 W Bundle  : Key getPairValue() expected String but value was a java.lang.Boolean.  The default value <null> was returned.
02-11 14:46:00.323  3137  3137 W Bundle  : Attempt to cast generated internal exception:
02-11 14:46:00.323  3137  3137 W Bundle  : java.lang.ClassCastException: java.lang.Boolean cannot be cast to java.lang.String
02-11 14:46:00.323  3137  3137 W Bundle  : 	at android.os.BaseBundle.getPairValue(BaseBundle.java:194)
02-11 14:46:00.323  3137  3137 W Bundle  : 	at java.lang.reflect.Method.invoke(Native Method)
02-11 14:46:00.323  3137  3137 W Bundle  : 	at com.alibaba.fastjson.util.FieldInfo.get(FieldInfo.java:355)
02-11 14:46:00.323  3137  3137 W Bundle  : 	at com.alibaba.fastjson.serializer.FieldSerializer.getPropertyValue(FieldSerializer.java:92)
02-11 14:46:00.323  3137  3137 W Bundle  : 	at com.alibaba.fastjson.serializer.JavaBeanSerializer.write(JavaBeanSerializer.java:354)
02-11 14:46:00.323  3137  3137 W Bundle  : 	at com.alibaba.fastjson.serializer.MapSerializer.write(MapSerializer.java:148)
02-11 14:46:00.323  3137  3137 W Bundle  : 	at com.alibaba.fastjson.serializer.MapSerializer.write(MapSerializer.java:148)
02-11 14:46:00.323  3137  3137 W Bundle  : 	at com.alibaba.fastjson.serializer.JSONSerializer.write(JSONSerializer.java:262)
02-11 14:46:00.323  3137  3137 W Bundle  : 	at com.alibaba.fastjson.JSON.toJSONString(JSON.java:574)
02-11 14:46:00.323  3137  3137 W Bundle  : 	at com.alibaba.fastjson.JSON.toString(JSON.java:567)
02-11 14:46:00.323  3137  3137 W Bundle  : 	at java.lang.String.valueOf(String.java:2827)
02-11 14:46:00.323  3137  3137 W Bundle  : 	at java.lang.StringBuilder.append(StringBuilder.java:132)
02-11 14:46:00.323  3137  3137 W Bundle  : 	at com.alipay.android.phone.businesscommon.advertisement.impl.AdvertisementServiceImpl.notifyPageLifeCycle2WebView(AdvertisementServiceImpl.java:2666)
02-11 14:46:00.323  3137  3137 W Bundle  : 	at com.alipay.android.phone.businesscommon.advertisement.trigger.AdScenePlugin.interceptEvent(AdScenePlugin.java:33)
02-11 14:46:00.323  3137  3137 W Bundle  : 	at com.alipay.mobile.nebulacore.manager.H5PluginManagerImpl.interceptEvent(H5PluginManagerImpl.java:211)
02-11 14:46:00.323  3137  3137 W Bundle  : 	at com.alipay.mobile.nebulacore.manager.H5PluginManagerImpl.interceptEvent(H5PluginManagerImpl.java:417)
02-11 14:46:00.323  3137  3137 W Bundle  : 	at com.alipay.mobile.nebulacore.core.H5CoreTarget.interceptEvent(H5CoreTarget.java:154)
02-11 14:46:00.323  3137  3137 W Bundle  : 	at com.alipay.mobile.nebulacore.core.H5EventDispatcher.c(H5EventDispatcher.java:239)
02-11 14:46:00.323  3137  3137 W Bundle  : 	at com.alipay.mobile.nebulacore.core.H5EventDispatcher.b(H5EventDispatcher.java:124)
02-11 14:46:00.323  3137  3137 W Bundle  : 	at com.alipay.mobile.nebulacore.core.H5EventDispatcher.a(H5EventDispatcher.java:35)
02-11 14:46:00.323  3137  3137 W Bundle  : 	at com.alipay.mobile.nebulacore.core.H5EventDispatcher$1.run(H5EventDispatcher.java:87)
02-11 14:46:00.323  3137  3137 W Bundle  : 	at com.alipay.mobile.nebula.util.H5Utils.runOnMain(H5Utils.java:632)
02-11 14:46:00.323  3137  3137 W Bundle  : 	at com.alipay.mobile.nebulacore.core.H5EventDispatcher.dispatch(H5EventDispatcher.java:83)
02-11 14:46:00.323  3137  3137 W Bundle  : 	at com.alipay.mobile.nebulacore.core.H5EventDispatcher.dispatch(H5EventDispatcher.java:67)
02-11 14:46:00.323  3137  3137 W Bundle  : 	at com.alipay.mobile.nebulacore.bridge.H5BridgeImpl.b(H5BridgeImpl.java:312)
02-11 14:46:00.323  3137  3137 W Bundle  : 	at com.alipay.mobile.nebulacore.bridge.H5BridgeImpl.a(H5BridgeImpl.java:46)
02-11 14:46:00.323  3137  3137 W Bundle  : 	at com.alipay.mobile.nebulacore.bridge.H5BridgeImpl$2.run(H5BridgeImpl.java:141)
02-11 14:46:00.323  3137  3137 W Bundle  : 	at com.alipay.mobile.nebula.util.H5Utils.runOnMain(H5Utils.java:632)
02-11 14:46:00.323  3137  3137 W Bundle  : 	at com.alipay.mobile.nebulacore.bridge.H5BridgeImpl.a(H5BridgeImpl.java:138)
02-11 14:46:00.323  3137  3137 W Bundle  : 	at com.alipay.mobile.nebulacore.bridge.H5BridgeImpl.sendToNative(H5BridgeImpl.java:119)
02-11 14:46:00.323  3137  3137 W Bundle  : 	at com.alipay.mobile.nebulax.integration.base.legacy.H5BridgeAdapter.sendToNative(H5BridgeAdapter.java:50)
02-11 14:46:00.323  3137  3137 W Bundle  : 	at com.alipay.mobile.nebulax.engine.common.utils.NXUtils.legacySendToNative(NXUtils.java:143)
02-11 14:46:00.323  3137  3137 W Bundle  : 	at com.alipay.mobile.nebulax.engine.common.CommonNXBridge.a(CommonNXBridge.java:216)
02-11 14:46:00.323  3137  3137 W Bundle  : 	at com.alipay.mobile.nebulax.engine.common.CommonNXBridge.sendToNative(CommonNXBridge.java:106)
02-11 14:46:00.323  3137  3137 W Bundle  : 	at com.alipay.mobile.nebulax.engine.webview.f.c.a(NXWebChromeClient.java:1478)
02-11 14:46:00.323  3137  3137 W Bundle  : 	at com.alipay.mobile.nebulax.engine.webview.f.c.onConsoleMessage(NXWebChromeClient.java:248)
02-11 14:46:00.323  3137  3137 W Bundle  : 	at com.alipay.mobile.nebulauc.impl.UCWebChromeClient.onConsoleMessage(UCWebChromeClient.java:137)
02-11 14:46:00.323  3137  3137 W Bundle  : 	at com.uc.sdk_glue.WebChromeClientAdapter.onConsoleMessage(U4Source:487)
02-11 14:46:00.323  3137  3137 W Bundle  : 	at com.uc.webkit.impl.fa.a(U4Source:525)
02-11 14:46:00.323  3137  3137 W Bundle  : 	at com.uc.webkit.impl.a.a(U4Source:395)
02-11 14:46:00.323  3137  3137 W Bundle  : 	at org.chromium.android_webview.bt.addMessageToConsole(U4Source:188)
02-11 14:46:00.323  3137  3137 W Bundle  : 	at android.os.MessageQueue.nativePollOnce(Native Method)
02-11 14:46:00.323  3137  3137 W Bundle  : 	at android.os.MessageQueue.next(MessageQueue.java:325)
02-11 14:46:00.323  3137  3137 W Bundle  : 	at android.os.Looper.loop(Looper.java:142)
02-11 14:46:00.323  3137  3137 W Bundle  : 	at android.app.ActivityThread.main(ActivityThread.java:6577)
02-11 14:46:00.323  3137  3137 W Bundle  : 	at java.lang.reflect.Method.invoke(Native Method)
02-11 14:46:00.323  3137  3137 W Bundle  : 	at com.android.internal.os.RuntimeInit$MethodAndArgsCaller.run(RuntimeInit.java:438)
02-11 14:46:00.323  3137  3137 W Bundle  : 	at com.android.internal.os.ZygoteInit.main(ZygoteInit.java:857)
02-11 14:46:00.510  1149  1958 E TtsManager: isInterrupted, sessionId = -1
02-11 14:46:00.513  1149  1958 E Websocket-gateway: Put to queue: type 1, size 512, sessionId 5246328
02-11 14:46:00.513  1149  1958 E GcsManager: sending, requestId = 5246328, eventNs = AliGenie.Speaker, eventName =TextToSpeech
02-11 14:46:00.513  1149  1958 E TtsManager: tts = , asrLogId = NULL
02-11 14:46:00.514  1149  1958 E GenieTable: play curSessionId = 5246328, ttsInfo= TtsInfo{sessionId=-1, text='', isOpenMic=false, wakeupType=1, needFeedback=false, isInterrupted=true, ignoreMute=false, fingerPrint='null', secretKey='', pkg='com.alipay.arome.app'}
02-11 14:46:00.518  3137  3137 E AliTVASRManager: sessionId = -1, id = 5246328,isOpenMic = false, secretKey = , tts=
02-11 14:46:00.522  1149  1656 E Websocket-gateway: MSG_TYPE_SEND_TEXT:5246328, 512
02-11 14:46:00.587  1149  1656 E Websocket-gateway: MSG_ON_RECEIVE_TEXT_FINAL_MSG 689
02-11 14:46:00.588  1149  1546 E ProtocolParser: stream to text = { "needVoice": true, "expectSpeech": false, "needLight": true, "text": "\r", "type": "stream", "ttsConfig": { "voiceNeedMix": false, "voiceAttachment": "01" }, "needFeedback": false }
02-11 14:46:00.590  1149  1380 E SessionDispatch: type =4, arg1 =5246328  arg2=0, size = 1
02-11 14:46:00.591  1149  1380 E JNI_COMM: appDetailInfo = 0, app command info:0
02-11 14:46:00.592  1149  1656 E Websocket-gateway: MSG_ON_RECEIVE_BIN_MSG 2
02-11 14:46:00.592  1149  1149 E NativeUIManager: iuiManager what = 1101,sessionId = 4
02-11 14:46:00.592  1149  1149 W PreResultScreenMode: onCommand: returnCode = CONTINUE,commandDomain = null,command = null
02-11 14:46:00.596  1149  1656 E Websocket-gateway: MSG_ON_RECEIVE_BIN_MSG 2048
02-11 14:46:00.598  1149  1656 E Websocket-gateway: MSG_ON_RECEIVE_BIN_MSG 2048
02-11 14:46:00.605  1149  1667 E [apollo 2.17.4.113]: [FFmpegMediaStream.cpp:74] log_callback_ffmpeg - [16] av_log: [content @ 0x8815b240] content_open
02-11 14:46:00.605  1149  1667 E [apollo 2.17.4.113]: 
02-11 14:46:00.605  1149  1667 E [apollo 2.17.4.113]: [FFmpegMediaStream.cpp:74] log_callback_ffmpeg - [16] av_log: [content @ 0x8815b240] content_open h->is_streamed 1
02-11 14:46:00.605  1149  1667 E [apollo 2.17.4.113]: 
02-11 14:46:00.605  1149  1452 E [apollo 2.17.4.113]: [MediaPlayer.cpp:1824] pauseToBuffering - call _pauseToBuffering in error state:2
02-11 14:46:00.608  1149  1656 E Websocket-gateway: MSG_ON_RECEIVE_BIN_MSG 2048
02-11 14:46:00.609  1149  1380 E SessionDispatch: type =1011, arg1 =5  arg2=0, size = 1
02-11 14:46:00.612  1149  1656 E Websocket-gateway: MSG_ON_RECEIVE_BIN_MSG 2048
02-11 14:46:00.612  1149  1656 E Websocket-gateway: MSG_ON_RECEIVE_BIN_MSG 2048
02-11 14:46:00.613  1149  1656 E Websocket-gateway: MSG_ON_RECEIVE_BIN_MSG 2000
02-11 14:46:00.613  1149  1656 E Websocket-gateway: MSG_ON_RECEIVE_BIN_FINAL_MSG
02-11 14:46:00.620  1149  1454 W AudioTrack: notificationFrames=-30 clamped to the range -1 to -8
02-11 14:46:00.627   284   284 W AudioFlinger_Threads: createTrack_l(): mismatch between requested flags (00000104) and output flags (00000004)
02-11 14:46:00.627  1149  1149 W QUICK   : getCurrentScene info :SceneInfo{sceneType=router_loading, taskType=0}
02-11 14:46:00.631  1149  1149 E NativeUIManager: iuiManager what = 1101,sessionId = 1011
02-11 14:46:00.632  1149  1454 W AudioTrack: Client adjusted notificationFrames from 1024 to 256 for frameCount 2048
02-11 14:46:00.632  1149  1467 W UnconvWakeupManager: feed,72:feed when not started
02-11 14:46:00.638  1149  4066 E Thread  : create thread count = 25
02-11 14:46:00.638  1149  1667 E [apollo 2.17.4.113]: [FFmpegMediaStream.cpp:74] log_callback_ffmpeg - [16] av_log: [content @ 0x8815b240] content_seek
02-11 14:46:00.638  1149  1667 E [apollo 2.17.4.113]: 
02-11 14:46:00.638  1149  1667 E [apollo 2.17.4.113]: [FFmpegMediaStream.cpp:74] log_callback_ffmpeg - [16] av_log: [content @ 0x8815b240] content_seek
02-11 14:46:00.638  1149  1667 E [apollo 2.17.4.113]: 
02-11 14:46:00.638  1149  1667 E [apollo 2.17.4.113]: [FFmpegMediaStream.cpp:74] log_callback_ffmpeg - [40] av_log: [mp3 @ 0x887c1000] Skipping 0 bytes of junk at 0.
02-11 14:46:00.638  1149  1667 E [apollo 2.17.4.113]: 
02-11 14:46:00.639  1149  1667 E [apollo 2.17.4.113]: [FFmpegMediaStream.cpp:74] log_callback_ffmpeg - [16] av_log: [content @ 0x8815b240] content_seek
02-11 14:46:00.639  1149  1667 E [apollo 2.17.4.113]: 
02-11 14:46:00.639  1149  1667 I chatty  : uid=1000(system) FFmpegMediaTrac identical 4 lines
02-11 14:46:00.639  1149  1667 E [apollo 2.17.4.113]: [FFmpegMediaStream.cpp:74] log_callback_ffmpeg - [16] av_log: [content @ 0x8815b240] content_seek
02-11 14:46:00.639  1149  1667 E [apollo 2.17.4.113]: 
02-11 14:46:00.640  1149  1667 W [apollo 2.17.4.113]: [FFmpegDataSource.cpp:2444] getRotation - wrong rotation, ignore it
02-11 14:46:00.649  1149  1452 E [apollo 2.17.4.113]: [MediaPlayer.cpp:1855] playFromBuffering - call _playFromBuffering in error state:3
02-11 14:46:00.696   284   284 E APM_AudioPolicyManager: computeVolume stream:3 index:50 volumeDb:-25.000000
02-11 14:46:00.696   270  2758 E AudioMTKGainController: Error: get mixer ctl fail, Audio_Speaker_PGA_gain
02-11 14:46:00.696   270  2758 E AudioMTKGainController: Error: get mixer ctl fail, Audio_Speaker_PGA_gain
02-11 14:46:00.700  1149  1380 E SessionDispatch: type =10, arg1 =0  arg2=5246328, size = 1
02-11 14:46:00.706  1149  1458 E AudioStateManager: [source switch]Unknown source type=3
02-11 14:46:00.706  1149  1494 E FocusMgr_Java: requestFocus get focus, status = 1, reason = 2
02-11 14:46:00.706  1149  1494 W AudioManager: Use of stream types is deprecated for operations other than volume control
02-11 14:46:00.706  1149  1494 W AudioManager: See the documentation of requestAudioFocus() for what to use instead with android.media.AudioAttributes to qualify your playback use case
02-11 14:46:00.712  1149  1494 E FocusMgr_Java: requestFocus status = 1, time = 1
02-11 14:46:00.715   683  2677 E AudioAttributes: Illegal value unmarshalling AudioAttributes, can't initialize bundle
02-11 14:46:00.716   683  2677 E AudioService.PlaybackActivityMonitor: Error updating audio attributes
02-11 14:46:00.717   683  2677 E AudioAttributes: Illegal value unmarshalling AudioAttributes, can't initialize bundle
02-11 14:46:00.717   683  2677 E AudioService.PlaybackActivityMonitor: Error updating audio attributes
02-11 14:46:00.718   683  2677 E AudioAttributes: Illegal value unmarshalling AudioAttributes, can't initialize bundle
02-11 14:46:00.718   683  2677 E AudioService.PlaybackActivityMonitor: Error updating audio attributes
02-11 14:46:00.718  1149  1149 E NativeUIManager: iuiManager what = 1101,sessionId = 10
02-11 14:46:00.718  1149  1149 E NativeUIManager: status  = 10  ttsId = 5246328
02-11 14:46:00.730  1149  4066 E Thread  : destroy thread count = 24
02-11 14:46:00.736  1203  1584 E LEMON   : 14:46:00.736 AvatarTimer:  start android 6.0 delay:39420
02-11 14:46:00.735   880   880 E GenieUiController: scheduleList: {"duration":0,"status":5,"tips":"","type":0,"who":"agis"}
02-11 14:46:00.747   880   880 E GenieUiController: scheduleList: []
02-11 14:46:00.749   880   880 E GenieUiController: 55555555555555
02-11 14:46:00.750   880   880 E GenieUiController: scheduleList2222: [{"duration":0,"status":5,"tips":"","type":0,"who":"agis"}]
02-11 14:46:00.763  1149  1958 W StatusProvider: TYPE_USER_TABLE callingPackage = com.alibaba.ailabs.genie.smartapp
02-11 14:46:01.071  1149  1685 W VISION  : AVEHandlerThread:[AVEManagerService.java run() :: line 353] --> cmd = activityChange args = com.alipay.arome.app/com.alipay.mobile.nebulax.integration.mpaas.activity.NebulaActivity$AppInsideMain
02-11 14:46:01.145   808   808 W SystemUI-Access: [AccessibilityServiceGesture:onAccessibilityEvent:9] classN.equals(lastClass) return android.widget.LinearLayout
02-11 14:46:01.329  1149  1459 W SystemStateManager: current mode is not standby.
02-11 14:46:01.440   808   909 W System  : Ignoring header x-s because its value was null.
02-11 14:46:01.459   808   909 W System  : ClassLoader referenced unknown path: system/framework/mediatek-cta.jar
02-11 14:46:01.478  3137  3896 W System  : ClassLoader referenced unknown path: system/framework/mediatek-cta.jar
02-11 14:46:01.515   808   909 W System  : ClassLoader referenced unknown path: system/framework/mediatek-cta.jar
02-11 14:46:01.521  3137  3871 W System  : ClassLoader referenced unknown path: system/framework/mediatek-cta.jar
02-11 14:46:01.547  3137  3894 W System  : ClassLoader referenced unknown path: system/framework/mediatek-cta.jar
02-11 14:46:01.576  3137  3872 W System  : ClassLoader referenced unknown path: system/framework/mediatek-cta.jar
02-11 14:46:01.653  3137  3821 W System  : ClassLoader referenced unknown path: system/framework/mediatek-cta.jar
02-11 14:46:01.663  3137  3849 W System  : ClassLoader referenced unknown path: system/framework/mediatek-cta.jar
02-11 14:46:01.667  3137  3897 W System  : ClassLoader referenced unknown path: system/framework/mediatek-cta.jar
02-11 14:46:01.748  3137  3844 W System  : ClassLoader referenced unknown path: system/framework/mediatek-cta.jar
02-11 14:46:01.770  3137  3899 W System  : ClassLoader referenced unknown path: system/framework/mediatek-cta.jar
02-11 14:46:01.777  3137  3851 W System  : ClassLoader referenced unknown path: system/framework/mediatek-cta.jar
02-11 14:46:02.176  3137  3896 W System  : ClassLoader referenced unknown path: system/framework/mediatek-cta.jar
02-11 14:46:02.230   683   719 W ActivityManager: Unable to start service Intent { act=com.alipay.arome.app.monitor.action.NOTE_TRAFIC_CONSUME pkg=com.alipay.arome.app cmp=com.alipay.arome.app/com.alipay.mobile.logmonitor.ClientMonitorService (has extras) } U=0: not found
02-11 14:46:02.249  1149  1467 W UnconvWakeupManager: feed,72:feed when not started
02-11 14:46:02.309  1149  1467 E MultiModalManager: event data is  = {"param_arr":[102.500000,0.751841,97.500000,0.168169,92.500000,0.079989],"score_arr":[9518856192,9519273984,9520523264,9522596864,9525482496,9529151488,9533564928,9538662400,9544360960,9550548992,9557086208,9563800576,9570499584,9576967168,9582982144,9588326400,9592797184,9596229632,9598499840,9599540224,9599342592,9597957120,9595489280,9592091648,9587949568,9583267840,9578260480,9573131264,9568075776,9563262976,9558839296,9554922496,9551606784,9548964864,9547043840,9545879552,9545488384,102.500000]}
02-11 14:46:02.434   683   785 W ActivityManager: Unable to start service Intent { act=com.alipay.arome.app.monitor.action.NOTE_TRAFIC_CONSUME pkg=com.alipay.arome.app cmp=com.alipay.arome.app/com.alipay.mobile.logmonitor.ClientMonitorService (has extras) } U=0: not found
02-11 14:46:02.453  3137  3872 W System  : ClassLoader referenced unknown path: system/framework/mediatek-cta.jar
02-11 14:46:02.878  3137  3894 W System  : ClassLoader referenced unknown path: system/framework/mediatek-cta.jar
02-11 14:46:02.827   683   785 W ActivityManager: Unable to start service Intent { act=com.alipay.arome.app.monitor.action.NOTE_TRAFIC_CONSUME pkg=com.alipay.arome.app cmp=com.alipay.arome.app/com.alipay.mobile.logmonitor.ClientMonitorService (has extras) } U=0: not found
02-11 14:46:03.179   683   766 W NetworkStatsRecorder: unknown interfaces [p2p0, lo], ignoring those stats
02-11 14:46:03.182   683   766 I chatty  : uid=1000(system) NetworkStats identical 2 lines
02-11 14:46:03.182   683   766 W NetworkStatsRecorder: unknown interfaces [p2p0, lo], ignoring those stats
02-11 14:46:03.201   683   719 W ActivityManager: Unable to start service Intent { act=com.alipay.arome.app.monitor.action.NOTE_TRAFIC_CONSUME pkg=com.alipay.arome.app cmp=com.alipay.arome.app/com.alipay.mobile.logmonitor.ClientMonitorService (has extras) } U=0: not found
02-11 14:46:03.265  3137  3871 W System  : ClassLoader referenced unknown path: system/framework/mediatek-cta.jar
02-11 14:46:03.290  3137  3137 W Bundle  : getPairValue() used on Bundle with multiple pairs.
02-11 14:46:03.291  3137  3137 W Bundle  : Key getPairValue() expected String but value was a java.lang.Long.  The default value <null> was returned.
02-11 14:46:03.306  3137  3137 W Bundle  : Attempt to cast generated internal exception:
02-11 14:46:03.306  3137  3137 W Bundle  : java.lang.ClassCastException: java.lang.Long cannot be cast to java.lang.String
02-11 14:46:03.306  3137  3137 W Bundle  : 	at android.os.BaseBundle.getPairValue(BaseBundle.java:194)
02-11 14:46:03.306  3137  3137 W Bundle  : 	at java.lang.reflect.Method.invoke(Native Method)
02-11 14:46:03.306  3137  3137 W Bundle  : 	at com.alibaba.fastjson.util.FieldInfo.get(FieldInfo.java:355)
02-11 14:46:03.306  3137  3137 W Bundle  : 	at com.alibaba.fastjson.serializer.FieldSerializer.getPropertyValue(FieldSerializer.java:92)
02-11 14:46:03.306  3137  3137 W Bundle  : 	at com.alibaba.fastjson.serializer.JavaBeanSerializer.write(JavaBeanSerializer.java:354)
02-11 14:46:03.306  3137  3137 W Bundle  : 	at com.alibaba.fastjson.serializer.MapSerializer.write(MapSerializer.java:148)
02-11 14:46:03.306  3137  3137 W Bundle  : 	at com.alibaba.fastjson.serializer.FieldSerializer.writeValue(FieldSerializer.java:146)
02-11 14:46:03.306  3137  3137 W Bundle  : 	at com.alibaba.fastjson.serializer.JavaBeanSerializer.write(JavaBeanSerializer.java:648)
02-11 14:46:03.306  3137  3137 W Bundle  : 	at com.alibaba.fastjson.serializer.MapSerializer.write(MapSerializer.java:148)
02-11 14:46:03.306  3137  3137 W Bundle  : 	at com.alibaba.fastjson.serializer.FieldSerializer.writeValue(FieldSerializer.java:146)
02-11 14:46:03.306  3137  3137 W Bundle  : 	at com.alibaba.fastjson.serializer.JavaBeanSerializer.write(JavaBeanSerializer.java:648)
02-11 14:46:03.306  3137  3137 W Bundle  : 	at com.alibaba.fastjson.serializer.MapSerializer.write(MapSerializer.java:148)
02-11 14:46:03.306  3137  3137 W Bundle  : 	at com.alibaba.fastjson.serializer.MapSerializer.write(MapSerializer.java:148)
02-11 14:46:03.306  3137  3137 W Bundle  : 	at com.alibaba.fastjson.serializer.JSONSerializer.write(JSONSerializer.java:262)
02-11 14:46:03.306  3137  3137 W Bundle  : 	at com.alibaba.fastjson.JSON.toJSONString(JSON.java:574)
02-11 14:46:03.306  3137  3137 W Bundle  : 	at com.alibaba.fastjson.JSON.toString(JSON.java:567)
02-11 14:46:03.306  3137  3137 W Bundle  : 	at java.lang.String.valueOf(String.java:2827)
02-11 14:46:03.306  3137  3137 W Bundle  : 	at java.lang.StringBuilder.append(StringBuilder.java:132)
02-11 14:46:03.306  3137  3137 W Bundle  : 	at com.alipay.android.phone.businesscommon.advertisement.trigger.AdScenePlugin.interceptEvent(AdScenePlugin.java:30)
02-11 14:46:03.306  3137  3137 W Bundle  : 	at com.alipay.mobile.nebulacore.manager.H5PluginManagerImpl.interceptEvent(H5PluginManagerImpl.java:211)
02-11 14:46:03.306  3137  3137 W Bundle  : 	at com.alipay.mobile.nebulacore.manager.H5PluginManagerImpl.interceptEvent(H5PluginManagerImpl.java:417)
02-11 14:46:03.306  3137  3137 W Bundle  : 	at com.alipay.mobile.nebulacore.core.H5CoreTarget.interceptEvent(H5CoreTarget.java:154)
02-11 14:46:03.306  3137  3137 W Bundle  : 	at com.alipay.mobile.nebulacore.core.H5EventDispatcher.c(H5EventDispatcher.java:239)
02-11 14:46:03.306  3137  3137 W Bundle  : 	at com.alipay.mobile.nebulacore.core.H5EventDispatcher.b(H5EventDispatcher.java:124)
02-11 14:46:03.306  3137  3137 W Bundle  : 	at com.alipay.mobile.nebulacore.core.H5EventDispatcher.a(H5EventDispatcher.java:35)
02-11 14:46:03.306  3137  3137 W Bundle  : 	at com.alipay.mobile.nebulacore.core.H5EventDispatcher$1.run(H5EventDispatcher.java:87)
02-11 14:46:03.306  3137  3137 W Bundle  : 	at com.alipay.mobile.nebula.util.H5Utils.runOnMain(H5Utils.java:632)
02-11 14:46:03.306  3137  3137 W Bundle  : 	at com.alipay.mobile.nebulacore.core.H5EventDispatcher.dispatch(H5EventDispatcher.java:83)
02-11 14:46:03.306  3137  3137 W Bundle  : 	at com.alipay.mobile.nebulacore.core.H5EventDispatcher.dispatch(H5EventDispatcher.java:67)
02-11 14:46:03.306  3137  3137 W Bundle  : 	at com.alipay.mobile.nebulacore.bridge.H5BridgeImpl.b(H5BridgeImpl.java:312)
02-11 14:46:03.306  3137  3137 W Bundle  : 	at com.alipay.mobile.nebulacore.bridge.H5BridgeImpl.a(H5BridgeImpl.java:46)
02-11 14:46:03.306  3137  3137 W Bundle  : 	at com.alipay.mobile.nebulacore.bridge.H5BridgeImpl$2.run(H5BridgeImpl.java:141)
02-11 14:46:03.306  3137  3137 W Bundle  : 	at com.alipay.mobile.nebula.util.H5Utils.runOnMain(H5Utils.java:632)
02-11 14:46:03.306  3137  3137 W Bundle  : 	at com.alipay.mobile.nebulacore.bridge.H5BridgeImpl.a(H5BridgeImpl.java:138)
02-11 14:46:03.306  3137  3137 W Bundle  : 	at com.alipay.mobile.nebulacore.bridge.H5BridgeImpl.sendToNative(H5BridgeImpl.java:119)
02-11 14:46:03.306  3137  3137 W Bundle  : 	at com.alipay.mobile.nebulax.integration.base.legacy.H5BridgeAdapter.sendToNative(H5BridgeAdapter.java:50)
02-11 14:46:03.306  3137  3137 W Bundle  : 	at com.alipay.mobile.nebulax.engine.common.utils.NXUtils.legacySendToNative(NXUtils.java:143)
02-11 14:46:03.306  3137  3137 W Bundle  : 	at com.alipay.mobile.nebulax.engine.common.CommonNXBridge.a(CommonNXBridge.java:216)
02-11 14:46:03.306  3137  3137 W Bundle  : 	at com.alipay.mobile.nebulax.engine.common.CommonNXBridge.sendToNative(CommonNXBridge.java:106)
02-11 14:46:03.306  3137  3137 W Bundle  : 	at com.alipay.mobile.nebulax.engine.webview.f.c.a(NXWebChromeClient.java:1478)
02-11 14:46:03.306  3137  3137 W Bundle  : 	at com.alipay.mobile.nebulax.engine.webview.f.c.onConsoleMessage(NXWebChromeClient.java:248)
02-11 14:46:03.306  3137  3137 W Bundle  : 	at com.alipay.mobile.nebulauc.impl.UCWebChromeClient.onConsoleMessage(UCWebChromeClient.java:137)
02-11 14:46:03.306  3137  3137 W Bundle  : 	at com.uc.sdk_glue.WebChromeClientAdapter.onConsoleMessage(U4Source:487)
02-11 14:46:03.306  3137  3137 W Bundle  : 	at com.uc.webkit.impl.fa.a(U4Source:525)
02-11 14:46:03.306  3137  3137 W Bundle  : 	at com.uc.webkit.impl.a.a(U4Source:395)
02-11 14:46:03.306  3137  3137 W Bundle  : 	at org.chromium.android_webview.bt.addMessageToConsole(U4Source:188)
02-11 14:46:03.306  3137  3137 W Bundle  : 	at android.os.MessageQueue.nativePollOnce(Native Method)
02-11 14:46:03.306  3137  3137 W Bundle  : 	at android.os.MessageQueue.next(MessageQueue.java:325)
02-11 14:46:03.306  3137  3137 W Bundle  : 	at android.os.Looper.loop(Looper.java:142)
02-11 14:46:03.306  3137  3137 W Bundle  : 	at android.app.ActivityThread.main(ActivityThread.java:6577)
02-11 14:46:03.306  3137  3137 W Bundle  : 	at java.lang.reflect.Method.invoke(Native Method)
02-11 14:46:03.306  3137  3137 W Bundle  : 	at com.android.internal.os.RuntimeInit$MethodAndArgsCaller.run(RuntimeInit.java:438)
02-11 14:46:03.306  3137  3137 W Bundle  : 	at com.android.internal.os.ZygoteInit.main(ZygoteInit.java:857)
02-11 14:46:03.306  3137  3137 W Bundle  : getPairValue() used on Bundle with multiple pairs.
02-11 14:46:03.306  3137  3137 W Bundle  : Key getPairValue() expected String but value was a java.lang.Boolean.  The default value <null> was returned.
02-11 14:46:03.308  3137  3137 W Bundle  : Attempt to cast generated internal exception:
02-11 14:46:03.308  3137  3137 W Bundle  : java.lang.ClassCastException: java.lang.Boolean cannot be cast to java.lang.String
02-11 14:46:03.308  3137  3137 W Bundle  : 	at android.os.BaseBundle.getPairValue(BaseBundle.java:194)
02-11 14:46:03.308  3137  3137 W Bundle  : 	at java.lang.reflect.Method.invoke(Native Method)
02-11 14:46:03.308  3137  3137 W Bundle  : 	at com.alibaba.fastjson.util.FieldInfo.get(FieldInfo.java:355)
02-11 14:46:03.308  3137  3137 W Bundle  : 	at com.alibaba.fastjson.serializer.FieldSerializer.getPropertyValue(FieldSerializer.java:92)
02-11 14:46:03.308  3137  3137 W Bundle  : 	at com.alibaba.fastjson.serializer.JavaBeanSerializer.write(JavaBeanSerializer.java:354)
02-11 14:46:03.308  3137  3137 W Bundle  : 	at com.alibaba.fastjson.serializer.MapSerializer.write(MapSerializer.java:148)
02-11 14:46:03.308  3137  3137 W Bundle  : 	at com.alibaba.fastjson.serializer.FieldSerializer.writeValue(FieldSerializer.java:146)
02-11 14:46:03.308  3137  3137 W Bundle  : 	at com.alibaba.fastjson.serializer.JavaBeanSerializer.write(JavaBeanSerializer.java:648)
02-11 14:46:03.308  3137  3137 W Bundle  : 	at com.alibaba.fastjson.serializer.MapSerializer.write(MapSerializer.java:148)
02-11 14:46:03.308  3137  3137 W Bundle  : 	at com.alibaba.fastjson.serializer.FieldSerializer.writeValue(FieldSerializer.java:146)
02-11 14:46:03.308  3137  3137 W Bundle  : 	at com.alibaba.fastjson.serializer.JavaBeanSerializer.write(JavaBeanSerializer.java:648)
02-11 14:46:03.308  3137  3137 W Bundle  : 	at com.alibaba.fastjson.serializer.MapSerializer.write(MapSerializer.java:148)
02-11 14:46:03.308  3137  3137 W Bundle  : 	at com.alibaba.fastjson.serializer.MapSerializer.write(MapSerializer.java:148)
02-11 14:46:03.308  3137  3137 W Bundle  : 	at com.alibaba.fastjson.serializer.JSONSerializer.write(JSONSerializer.java:262)
02-11 14:46:03.308  3137  3137 W Bundle  : 	at com.alibaba.fastjson.JSON.toJSONString(JSON.java:574)
02-11 14:46:03.308  3137  3137 W Bundle  : 	at com.alibaba.fastjson.JSON.toString(JSON.java:567)
