--------- beginning of system
02-11 14:42:33.754   240   240 I vold    : Vold 3.0 (the awakening) firing up
02-11 14:42:33.754   240   240 V vold    : Detected support for: ext4 vfat
02-11 14:42:33.762   240   240 W Vold    : Tearing down stale mount /storage/usbotg
02-11 14:42:33.762   240   240 W Vold    : Tearing down stale mount /mnt/media_rw
02-11 14:42:33.773   240   246 D vold    : e4crypt_init_user0
02-11 14:42:33.773   240   246 D vold    : e4crypt_prepare_user_storage for volume null, user 0, serial 0, flags 1
02-11 14:42:33.773   240   246 D vold    : Preparing: /data/system/users/0
02-11 14:42:33.773   240   246 D vold    : Preparing: /data/profiles/cur/0
02-11 14:42:33.774   240   246 D vold    : Preparing: /data/system_de/0
02-11 14:42:33.774   240   246 D vold    : Preparing: /data/misc_de/0
02-11 14:42:33.774   240   246 D vold    : Preparing: /data/user_de/0
02-11 14:42:33.774   240   246 D vold    : e4crypt_unlock_user_key 0 serial=0 token_present=0
02-11 14:42:35.409   285   285 E BootLogoUpdater: [boot_logo_updater]boot package = 0
02-11 14:42:35.411   285   285 E BootLogoUpdater: [boot_logo_updater]update boot reason = 0, ret = 2
02-11 14:42:41.692   683   702 W SystemConfig: Got exception parsing permissions.
02-11 14:42:41.692   683   702 W SystemConfig: org.xmlpull.v1.XmlPullParserException: Unexpected start tag in /vendor/etc/permissions/media_codecs.xml: found MediaCodecs, expected 'permissions' or 'config'
02-11 14:42:41.692   683   702 W SystemConfig: 	at com.android.server.SystemConfig.readPermissionsFromXml(SystemConfig.java:320)
02-11 14:42:41.692   683   702 W SystemConfig: 	at com.android.server.SystemConfig.readPermissions(SystemConfig.java:285)
02-11 14:42:41.692   683   702 W SystemConfig: 	at com.android.server.SystemConfig.<init>(SystemConfig.java:239)
02-11 14:42:41.692   683   702 W SystemConfig: 	at com.android.server.SystemConfig.getInstance(SystemConfig.java:149)
02-11 14:42:41.692   683   702 W SystemConfig: 	at com.android.server.SystemServer.-com_android_server_SystemServer-mthref-0(SystemServer.java:531)
02-11 14:42:41.692   683   702 W SystemConfig: 	at com.android.server.-$Lambda$T7cKu_OKm_Fk2kBNthmo_uUJTSo.$m$0(Unknown Source:0)
02-11 14:42:41.692   683   702 W SystemConfig: 	at com.android.server.-$Lambda$T7cKu_OKm_Fk2kBNthmo_uUJTSo.run(Unknown Source:11)
02-11 14:42:41.692   683   702 W SystemConfig: 	at java.util.concurrent.Executors$RunnableAdapter.call(Executors.java:457)
02-11 14:42:41.692   683   702 W SystemConfig: 	at java.util.concurrent.FutureTask.run(FutureTask.java:266)
02-11 14:42:41.692   683   702 W SystemConfig: 	at java.util.concurrent.ThreadPoolExecutor.runWorker(ThreadPoolExecutor.java:1162)
02-11 14:42:41.692   683   702 W SystemConfig: 	at java.util.concurrent.ThreadPoolExecutor$Worker.run(ThreadPoolExecutor.java:636)
02-11 14:42:41.692   683   702 W SystemConfig: 	at com.android.internal.util.ConcurrentUtils$1$1.run(ConcurrentUtils.java:59)
02-11 14:42:41.745   683   707 E BatteryExternalStatsWorker: no controller energy info supplied for telephony
02-11 14:42:41.750   683   707 E KernelUidCpuFreqTimeReader: Failed to read /proc/uid_time_in_state: java.io.FileNotFoundException: /proc/uid_time_in_state (No such file or directory)
02-11 14:42:41.754   683   707 W KernelMemoryBandwidthStats: No kernel memory bandwidth stats available
02-11 14:42:42.010   683   683 W SystemServiceManager: Service com.android.server.am.ActivityManagerService$Lifecycle took 67 ms in onStart
02-11 14:42:42.324   683   683 W PackageManager: Failed to parse /system/framework/arm: Missing base APK in /system/framework/arm
02-11 14:42:42.326   683   683 W PackageManager: Failed to parse /system/framework/oat: Missing base APK in /system/framework/oat
02-11 14:42:42.557   683   728 W PackageParser: Ignoring duplicate uses-permissions/uses-permissions-sdk-m: android.permission.INSTALL_GRANT_RUNTIME_PERMISSIONS in package: com.android.shell at: Binary XML file line #106
02-11 14:42:42.650   683   733 W PackageParser: Ignoring duplicate uses-permissions/uses-permissions-sdk-m: android.permission.REAL_GET_TASKS in package: com.android.systemui at: Binary XML file line #62
02-11 14:42:42.651   683   733 W PackageParser: Ignoring duplicate uses-permissions/uses-permissions-sdk-m: android.permission.CONFIGURE_WIFI_DISPLAY in package: com.android.systemui at: Binary XML file line #105
02-11 14:42:42.653   683   732 W PackageParser: Ignoring duplicate uses-permissions/uses-permissions-sdk-m: android.permission.WAKE_LOCK in package: com.aligenie.ags at: Binary XML file line #20
02-11 14:42:42.661   683   734 W PackageParser: Unknown element under <manifest>: meta-data at /system/app/AliTvYingshi/AliTvYingshi.apk Binary XML file line #15
02-11 14:42:42.661   683   734 W PackageParser: Unknown element under <manifest>: meta-data at /system/app/AliTvYingshi/AliTvYingshi.apk Binary XML file line #16
02-11 14:42:42.662   683   734 W PackageParser: Ignoring duplicate uses-permissions/uses-permissions-sdk-m: android.permission.boot_tvshop_service in package: com.youku.iot at: Binary XML file line #36
02-11 14:42:42.701   683   683 W PackageManager: Trying to update system app code path from /system/app/SystemUI to /system/app/AliSystemUI
02-11 14:42:42.705   683   683 W PackageManager: Code path for com.android.systemui changing from /system/app/SystemUI to /system/app/AliSystemUI
02-11 14:42:42.705   683   683 W PackageManager: Resource path for com.android.systemui changing from /system/app/SystemUI to /system/app/AliSystemUI
02-11 14:42:42.706   683   683 W PackageManager: Package com.aligenie.ags at /system/app/AliGenieService reverting from /data/app/com.aligenie.ags-9FVy3gEujDTUD3CyzbVR1A==: new version 244 better than installed 226
02-11 14:42:42.709   683   734 W PackageParser: No actions in intent filter at /system/app/AliTvYingshi/AliTvYingshi.apk Binary XML file line #1286
02-11 14:42:42.711   683   733 W PackageParser: Unknown element under <manifest>: meta-data at /system/app/AliVideoPlayer/AliVideoPlayer.apk Binary XML file line #3
02-11 14:42:42.711   683   733 W PackageParser: Unknown element under <manifest>: meta-data at /system/app/AliVideoPlayer/AliVideoPlayer.apk Binary XML file line #4
02-11 14:42:42.711   683   733 W PackageParser: Ignoring duplicate uses-permissions/uses-permissions-sdk-m: android.permission.GET_TASKS in package: com.ailabs.youku.iot at: Binary XML file line #12
02-11 14:42:42.749   683   683 W PackageManager: Trying to update system app code path from /data/app/com.aligenie.ags-9FVy3gEujDTUD3CyzbVR1A== to /system/app/AliGenieService
02-11 14:42:42.758   683   683 W PackageManager: Code path for com.aligenie.ags changing from /data/app/com.aligenie.ags-9FVy3gEujDTUD3CyzbVR1A== to /system/app/AliGenieService
02-11 14:42:42.758   683   683 W PackageManager: Resource path for com.aligenie.ags changing from /data/app/com.aligenie.ags-9FVy3gEujDTUD3CyzbVR1A== to /system/app/AliGenieService
02-11 14:42:42.763   683   683 W PackageManager: Failed to scan /system/app/AliVideoPlayer: Package com.ailabs.youku.iot at /system/app/AliVideoPlayer ignored: updated version 2120202165 better than this 2120202165
02-11 14:42:42.785   683   732 W PackageParser: Ignoring duplicate uses-permissions/uses-permissions-sdk-m: android.permission.READ_PHONE_STATE in package: com.ailabs.emode at: Binary XML file line #31
02-11 14:42:42.786   683   732 W PackageParser: Ignoring duplicate uses-permissions/uses-permissions-sdk-m: android.permission.RECEIVE_BOOT_COMPLETED in package: com.ailabs.emode at: Binary XML file line #32
02-11 14:42:42.786   683   732 W PackageParser: Ignoring duplicate uses-permissions/uses-permissions-sdk-m: android.permission.WRITE_EXTERNAL_STORAGE in package: com.ailabs.emode at: Binary XML file line #38
02-11 14:42:42.851   683   683 W PackageManager: Trying to update system app code path from /system/app/GenieAlbums1.4.0 to /system/app/GenieAlbums
02-11 14:42:42.853   683   683 W PackageManager: Code path for com.alibaba.ailabs.genie.albums changing from /system/app/GenieAlbums1.4.0 to /system/app/GenieAlbums
02-11 14:42:42.853   683   683 W PackageManager: Resource path for com.alibaba.ailabs.genie.albums changing from /system/app/GenieAlbums1.4.0 to /system/app/GenieAlbums
02-11 14:42:42.901   683   732 W PackageParser: Ignoring duplicate uses-permissions/uses-permissions-sdk-m: android.permission.READ_EXTERNAL_STORAGE in package: com.alibaba.ailabs.genie.iot at: Binary XML file line #30
02-11 14:42:43.005   683   732 W PackageParser: No actions in intent filter at /system/app/GenieRTC/GenieRTC.apk Binary XML file line #356
02-11 14:42:43.039   683   733 W PackageParser: Ignoring duplicate uses-permissions/uses-permissions-sdk-m: android.permission.READ_CONTACTS in package: com.android.bluetooth at: Binary XML file line #61
02-11 14:42:43.048   683   733 W PackageParser: No actions in intent filter at /system/app/MtkBluetooth/MtkBluetooth.apk Binary XML file line #257
02-11 14:42:43.075   683   683 W PackageManager: Trying to update system app code path from /system/app/app-release to /system/app/GenieChildren
02-11 14:42:43.078   365   446 E /system/bin/storaged: getService package_native failed
02-11 14:42:43.084   683   734 W PackageParser: Ignoring duplicate uses-permissions/uses-permissions-sdk-m: android.permission.BLUETOOTH in package: com.android.settings at: Binary XML file line #22
02-11 14:42:43.085   683   683 W PackageManager: Code path for com.alibaba.ailabs.genie.children changing from /system/app/app-release to /system/app/GenieChildren
02-11 14:42:43.085   683   683 W PackageManager: Resource path for com.alibaba.ailabs.genie.children changing from /system/app/app-release to /system/app/GenieChildren
02-11 14:42:43.115   683   732 W PackageParser: Ignoring duplicate uses-permissions/uses-permissions-sdk-m: android.permission.CHANGE_NETWORK_STATE in package: com.alibaba.ailabs.genie.custom.rtc at: Binary XML file line #37
02-11 14:42:43.194   683   734 W PackageParser: Ignoring duplicate uses-permissions/uses-permissions-sdk-m: android.permission.INTERNET in package: com.alibaba.ailabs.cutc at: Binary XML file line #17
02-11 14:42:43.194   683   734 W PackageParser: Ignoring duplicate uses-permissions/uses-permissions-sdk-m: android.permission.ACCESS_NETWORK_STATE in package: com.alibaba.ailabs.cutc at: Binary XML file line #18
02-11 14:42:43.244   683   683 W PackageManager: Trying to update system app code path from /system/app/GenieScreensaver2.1.5 to /system/app/GenieScreensaver
02-11 14:42:43.249   683   683 W PackageManager: Code path for com.alibaba.ailabs.genie.screensaver changing from /system/app/GenieScreensaver2.1.5 to /system/app/GenieScreensaver
02-11 14:42:43.249   683   683 W PackageManager: Resource path for com.alibaba.ailabs.genie.screensaver changing from /system/app/GenieScreensaver2.1.5 to /system/app/GenieScreensaver
02-11 14:42:43.269   683   732 W PackageParser: No actions in intent filter at /system/app/smartapp/smartapp.apk Binary XML file line #264
02-11 14:42:43.283   683   683 W PackageManager: Package com.alibaba.ailabs.genie.custom.rtc at /system/app/TelecomRTC reverting from /data/app/com.alibaba.ailabs.genie.custom.rtc-9AUm7rYk0bn6dOCUzEauQg==: new version 53 better than installed 13
02-11 14:42:43.302   683   733 W PackageParser: Unknown element under <manifest>: meta-data at /system/app/xiaoxiaoyouku/xiaoxiaoyouku.apk Binary XML file line #42
02-11 14:42:43.333   683   733 W PackageParser: No actions in intent filter at /system/app/xiaoxiaoyouku/xiaoxiaoyouku.apk Binary XML file line #1067
02-11 14:42:43.338   683   733 W PackageParser: No actions in intent filter at /system/app/xiaoxiaoyouku/xiaoxiaoyouku.apk Binary XML file line #1189
02-11 14:42:43.381   683   683 W PackageManager: Trying to update system app code path from /data/app/com.alibaba.ailabs.genie.custom.rtc-9AUm7rYk0bn6dOCUzEauQg== to /system/app/TelecomRTC
02-11 14:42:43.385   683   683 W PackageManager: Code path for com.alibaba.ailabs.genie.custom.rtc changing from /data/app/com.alibaba.ailabs.genie.custom.rtc-9AUm7rYk0bn6dOCUzEauQg== to /system/app/TelecomRTC
02-11 14:42:43.385   683   683 W PackageManager: Resource path for com.alibaba.ailabs.genie.custom.rtc changing from /data/app/com.alibaba.ailabs.genie.custom.rtc-9AUm7rYk0bn6dOCUzEauQg== to /system/app/TelecomRTC
02-11 14:42:43.406   683   683 W PackageManager: Package com.youkuchild.android at /system/app/xiaoxiaoyouku reverting from /data/app/com.youkuchild.android-hYwqDCw3VdwJy-5RhMJ2Vg==: new version 79 better than installed 70
02-11 14:42:43.719   683   683 W PackageManager: Trying to update system app code path from /data/app/com.youkuchild.android-hYwqDCw3VdwJy-5RhMJ2Vg== to /system/app/xiaoxiaoyouku
02-11 14:42:43.724   683   683 W PackageManager: Code path for com.youkuchild.android changing from /data/app/com.youkuchild.android-hYwqDCw3VdwJy-5RhMJ2Vg== to /system/app/xiaoxiaoyouku
02-11 14:42:43.724   683   683 W PackageManager: Resource path for com.youkuchild.android changing from /data/app/com.youkuchild.android-hYwqDCw3VdwJy-5RhMJ2Vg== to /system/app/xiaoxiaoyouku
02-11 14:42:43.727   683   683 W PackageManager: Package com.alibaba.ailabs.genie.smartapp at /system/app/smartapp reverting from /data/app/com.alibaba.ailabs.genie.smartapp-atbPQcK1_sf8DsixJyRyVQ==: new version 2102086235 better than installed 2101811312
02-11 14:42:44.086   683   683 W PackageManager: Trying to update system app code path from /data/app/com.alibaba.ailabs.genie.smartapp-atbPQcK1_sf8DsixJyRyVQ== to /system/app/smartapp
02-11 14:42:44.090   683   683 W PackageManager: Code path for com.alibaba.ailabs.genie.smartapp changing from /data/app/com.alibaba.ailabs.genie.smartapp-atbPQcK1_sf8DsixJyRyVQ== to /system/app/smartapp
02-11 14:42:44.090   683   683 W PackageManager: Resource path for com.alibaba.ailabs.genie.smartapp changing from /data/app/com.alibaba.ailabs.genie.smartapp-atbPQcK1_sf8DsixJyRyVQ== to /system/app/smartapp
02-11 14:42:44.092   683   683 W PackageManager: New decl Package{1a820ea com.alibaba.ailabs.genie.smartapp} of permission  com.alibaba.ailabs.genie.datacenter.permission is system; overriding com.alibaba.ailabs.genie.children
02-11 14:42:44.209   683   740 W PackageParser: Unknown element under <manifest>: meta-data at /data/app/com.ailabs.youku.iot-c5TSaBrpSjFDm6SUVHUdFQ==/base.apk Binary XML file line #3
02-11 14:42:44.210   683   743 W PackageParser: No actions in intent filter at /data/app/com.alibaba.tvtaobao-UCqjtoOuH6jTE4ujjskPFw==/base.apk Binary XML file line #202
02-11 14:42:44.210   683   740 W PackageParser: Unknown element under <manifest>: meta-data at /data/app/com.ailabs.youku.iot-c5TSaBrpSjFDm6SUVHUdFQ==/base.apk Binary XML file line #4
02-11 14:42:44.210   683   740 W PackageParser: Ignoring duplicate uses-permissions/uses-permissions-sdk-m: android.permission.GET_TASKS in package: com.ailabs.youku.iot at: Binary XML file line #12
02-11 14:42:44.264   683   742 W PackageParser: Unknown element under <manifest>: supports-gl-texture at /data/app/com.yueme.itv-3OMJpbaANmXO2YY47mswyQ==/base.apk Binary XML file line #33
02-11 14:42:44.264   683   742 W PackageParser: Unknown element under <manifest>: supports-gl-texture at /data/app/com.yueme.itv-3OMJpbaANmXO2YY47mswyQ==/base.apk Binary XML file line #34
02-11 14:42:44.288   683   740 W PackageParser: Unknown element under <manifest>: supports-gl-texture at /data/app/com.alibaba.aligenie.telecom.yijia-3j1EhmYIKiZuTqFW3XaC2A==/base.apk Binary XML file line #29
02-11 14:42:44.289   683   740 W PackageParser: Unknown element under <manifest>: supports-gl-texture at /data/app/com.alibaba.aligenie.telecom.yijia-3j1EhmYIKiZuTqFW3XaC2A==/base.apk Binary XML file line #30
02-11 14:42:45.663   683   683 E PackageManager: There should probably be exactly one setup wizard; found 0: matches=[]
02-11 14:42:45.713   683   683 W PackageManager: Privileged permission android.permission.WRITE_SECURE_SETTINGS for package com.yunos.tv.provision - not in privapp-permissions whitelist
02-11 14:42:46.508   683   702 E SystemServer: Unable to preload default resources
02-11 14:42:46.638   683   683 E AlarmManager: SysUI permission android.permission.systemui.IDENTITY defined by non-privileged app com.android.systemui - ignoring
02-11 14:42:46.638   683   683 E AlarmManager: SysUI package not found!
02-11 14:42:46.935   683   762 W StorageManagerService: No primary storage mounted!
02-11 14:42:46.981   683   762 W PackageManager: Privileged permission android.permission.WRITE_SECURE_SETTINGS for package com.yunos.tv.provision - not in privapp-permissions whitelist
02-11 14:42:47.116   683   762 W StorageManagerService: No primary storage mounted!
02-11 14:42:47.316   683   702 E PersistentDataBlockService: not able to find package 
02-11 14:42:47.316   683   702 E PersistentDataBlockService: android.content.pm.PackageManager$NameNotFoundException: 
02-11 14:42:47.316   683   702 E PersistentDataBlockService: 	at android.app.ApplicationPackageManager.getPackageUidAsUser(ApplicationPackageManager.java:282)
02-11 14:42:47.316   683   702 E PersistentDataBlockService: 	at com.android.server.PersistentDataBlockService.getAllowedUid(PersistentDataBlockService.java:112)
02-11 14:42:47.316   683   702 E PersistentDataBlockService: 	at com.android.server.PersistentDataBlockService.lambda$-com_android_server_PersistentDataBlockService_5033(PersistentDataBlockService.java:125)
02-11 14:42:47.316   683   702 E PersistentDataBlockService: 	at com.android.server.-$Lambda$VaVGUZuNs2jqHMhhxPzwNl4zK-M.$m$3(Unknown Source:4)
02-11 14:42:47.316   683   702 E PersistentDataBlockService: 	at com.android.server.-$Lambda$VaVGUZuNs2jqHMhhxPzwNl4zK-M.run(Unknown Source:23)
02-11 14:42:47.316   683   702 E PersistentDataBlockService: 	at java.util.concurrent.Executors$RunnableAdapter.call(Executors.java:457)
02-11 14:42:47.316   683   702 E PersistentDataBlockService: 	at java.util.concurrent.FutureTask.run(FutureTask.java:266)
02-11 14:42:47.316   683   702 E PersistentDataBlockService: 	at java.util.concurrent.ThreadPoolExecutor.runWorker(ThreadPoolExecutor.java:1162)
02-11 14:42:47.316   683   702 E PersistentDataBlockService: 	at java.util.concurrent.ThreadPoolExecutor$Worker.run(ThreadPoolExecutor.java:636)
02-11 14:42:47.316   683   702 E PersistentDataBlockService: 	at com.android.internal.util.ConcurrentUtils$1$1.run(ConcurrentUtils.java:59)
02-11 14:42:47.366   683   683 W TextServicesManagerService: no available spell checker services found
02-11 14:42:47.646   683   683 E MtkConnectivityService: Ignoring protectedNetwork 10
02-11 14:42:47.646   683   683 E MtkConnectivityService: Ignoring protectedNetwork 11
02-11 14:42:47.646   683   683 E MtkConnectivityService: Ignoring protectedNetwork 12
02-11 14:42:47.646   683   683 E MtkConnectivityService: Ignoring protectedNetwork 14
02-11 14:42:47.646   683   683 E MtkConnectivityService: Ignoring protectedNetwork 15
02-11 14:42:47.832   683   683 W DockObserver: This kernel does not have dock station support
02-11 14:42:47.834   683   683 W WiredAccessoryManager: This kernel does not have usb audio support
02-11 14:42:47.834   683   683 W WiredAccessoryManager: This kernel does not have HDMI audio support
02-11 14:42:47.845   683   683 E UsbDeviceManager: failed to write to /sys/class/android_usb/android0/f_rndis/ethaddr
02-11 14:42:47.857   683   683 E UsbPortManager: connectToProxy: usb hal service not found. Did the service fail to start?
02-11 14:42:47.857   683   683 E UsbPortManager: java.util.NoSuchElementException
02-11 14:42:47.857   683   683 E UsbPortManager: 	at android.os.HwBinder.getService(Native Method)
02-11 14:42:47.857   683   683 E UsbPortManager: 	at android.hardware.usb.V1_0.IUsb.getService(IUsb.java:44)
02-11 14:42:47.857   683   683 E UsbPortManager: 	at com.android.server.usb.UsbPortManager.connectToProxy(UsbPortManager.java:524)
02-11 14:42:47.857   683   683 E UsbPortManager: 	at com.android.server.usb.UsbPortManager.<init>(UsbPortManager.java:130)
02-11 14:42:47.857   683   683 E UsbPortManager: 	at com.android.server.usb.UsbService.<init>(UsbService.java:132)
02-11 14:42:47.857   683   683 E UsbPortManager: 	at com.android.server.usb.UsbService$Lifecycle.onStart(UsbService.java:68)
02-11 14:42:47.857   683   683 E UsbPortManager: 	at com.android.server.SystemServiceManager.startService(SystemServiceManager.java:124)
02-11 14:42:47.857   683   683 E UsbPortManager: 	at com.android.server.SystemServiceManager.startService(SystemServiceManager.java:111)
02-11 14:42:47.857   683   683 E UsbPortManager: 	at com.android.server.SystemServiceManager.startService(SystemServiceManager.java:70)
02-11 14:42:47.857   683   683 E UsbPortManager: 	at com.android.server.SystemServer.startOtherServices(SystemServer.java:1326)
02-11 14:42:47.857   683   683 E UsbPortManager: 	at com.android.server.SystemServer.run(SystemServer.java:417)
02-11 14:42:47.857   683   683 E UsbPortManager: 	at com.android.server.SystemServer.main(SystemServer.java:285)
02-11 14:42:47.857   683   683 E UsbPortManager: 	at java.lang.reflect.Method.invoke(Native Method)
02-11 14:42:47.857   683   683 E UsbPortManager: 	at com.android.internal.os.RuntimeInit$MethodAndArgsCaller.run(RuntimeInit.java:438)
02-11 14:42:47.857   683   683 E UsbPortManager: 	at com.android.internal.os.ZygoteInit.main(ZygoteInit.java:837)
02-11 14:42:47.999   683   683 E LockSettingsStorage: Cannot read file java.io.FileNotFoundException: /data/system/gatekeeper.password.key: open failed: ENOENT (No such file or directory)
02-11 14:42:48.000   683   683 E LockSettingsStorage: Cannot read file java.io.FileNotFoundException: /data/system/password.key: open failed: ENOENT (No such file or directory)
02-11 14:42:48.000   683   683 E LockSettingsStorage: Cannot read file java.io.FileNotFoundException: /data/system/gatekeeper.pattern.key: open failed: ENOENT (No such file or directory)
02-11 14:42:48.001   683   683 E LockSettingsStorage: Cannot read file java.io.FileNotFoundException: /data/system/gatekeeper.gesture.key: open failed: ENOENT (No such file or directory)
02-11 14:42:48.001   683   683 E LockSettingsStorage: Cannot read file java.io.FileNotFoundException: /data/system/gesture.key: open failed: ENOENT (No such file or directory)
02-11 14:42:48.072   683   683 W SoundTriggerHelper: listModules status=0, # of modules=0
02-11 14:42:48.108   683   715 W KeyguardServiceDelegate: onScreenTurningOn(): no keyguard service!
02-11 14:42:48.110   683   705 W WindowManager: Keyguard drawn timeout. Setting mKeyguardDrawComplete
02-11 14:42:48.123   683   683 W VoiceInteractionManagerService: no available voice recognition services found for user 0
02-11 14:42:48.154   277   277 E android.hardware.wifi@1.0-service: Failed to set DFS flag; DFS channels may be unavailable.
02-11 14:42:48.173   683   683 E PackageManager: Signature|privileged permissions not in privapp-permissions whitelist: {com.yunos.tv.provision: android.permission.WRITE_SECURE_SETTINGS}
02-11 14:42:48.186   366   366 E wificond: No Offload Service available
02-11 14:42:48.196   683   683 W ActivityManager: Unable to start service Intent { act=com.android.ITelecomService cmp=com.android.server.telecom/.components.TelecomService } U=0: not found
02-11 14:42:48.207   683   683 W InputMethodUtils: Found no fallback locale. imis=[InputMethodInfo{com.google.android.inputmethod.pinyin/.PinyinIME, settings: com.google.android.apps.inputmethod.pinyin.preference.SettingsActivity}]
02-11 14:42:48.221   683   683 W InputMethodUtils: Found no fallback locale. imis=[InputMethodInfo{com.google.android.inputmethod.pinyin/.PinyinIME, settings: com.google.android.apps.inputmethod.pinyin.preference.SettingsActivity}]
02-11 14:42:48.249   683   683 W SystemServiceManager: Service com.android.server.InputMethodManagerService$Lifecycle took 53 ms in onBootPhase
02-11 14:42:48.251   683   683 W TextServicesManagerService: no available spell checker services found
02-11 14:42:48.301   683   683 W ActivityManager: Unable to start service Intent { flg=0x100 cmp=com.android.systemui/.keyguard.KeyguardService } U=0: not found
02-11 14:42:48.334   683   711 E WifiDisplayController: actionAtDisconnected, null display
02-11 14:42:48.334   683   711 E WifiDisplayController: WFD disconnected, and WifiLock isn't Held!
02-11 14:42:48.669   683   861 W Watchdog: SWT Watchdog before synchronized:20043
02-11 14:42:48.670   683   861 W Watchdog: SWT Watchdog after synchronized:20043
02-11 14:42:48.761   683   683 W LocationManagerService: no network location provider found
02-11 14:42:48.781   683   683 E LocationManagerService: no geocoder provider found
02-11 14:42:48.799   683   707 E BatteryExternalStatsWorker: no controller energy info supplied for wifi
02-11 14:42:48.799   683   707 E BatteryExternalStatsWorker: no controller energy info supplied for telephony
02-11 14:42:48.800   683   707 E KernelUidCpuFreqTimeReader: Failed to read /proc/uid_time_in_state: java.io.FileNotFoundException: /proc/uid_time_in_state (No such file or directory)
02-11 14:42:48.832   683   683 W VoiceInteractionManagerService: no available voice recognition services found for user 0
02-11 14:42:48.846   808   808 E DexLoadReporter: Could not create the profile directory: /system/lib/oat/libsgmain.so.cur.prof
02-11 14:42:48.893   683   683 W ActivityManager: Slow operation: 58ms so far, now at startProcess: building log message
02-11 14:42:48.893   683   683 W ActivityManager: Slow operation: 58ms so far, now at startProcess: starting to update pids map
02-11 14:42:48.893   683   683 W ActivityManager: Slow operation: 58ms so far, now at startProcess: done updating pids map
02-11 14:42:49.148   683   683 W ContextImpl: Calling a method in the system process without a qualified user: android.app.ContextImpl.startService:1477 com.android.server.content.SyncManager$13.run:722 android.os.Handler.handleCallback:790 android.os.Handler.dispatchMessage:99 android.os.Looper.loop:164 
02-11 14:42:49.195   683   707 E BatteryExternalStatsWorker: no controller energy info supplied for wifi
02-11 14:42:49.255   683   707 E BatteryExternalStatsWorker: no controller energy info supplied for wifi
02-11 14:42:49.350   683   766 W NetworkStatsRecorder: unknown interfaces [p2p0, lo], ignoring those stats
02-11 14:42:49.351   683   766 W NetworkStatsRecorder: unknown interfaces [p2p0, lo], ignoring those stats
02-11 14:42:49.352   683   766 W NetworkStatsRecorder: unknown interfaces [p2p0], ignoring those stats
02-11 14:42:49.352   683   766 W NetworkStatsRecorder: unknown interfaces [p2p0], ignoring those stats
02-11 14:42:49.367   683   782 E ActivityThread: Failed to find provider info for com.android.calendar
02-11 14:42:49.369   683   782 E ActivityThread: Failed to find provider info for com.android.calendar
02-11 14:42:49.386   868   868 W ContextImpl: Calling a method in the system process without a qualified user: android.app.ContextImpl.startService:1477 android.content.ContextWrapper.startService:650 com.alibaba.ailabs.genie.osupdate.UpdateApplication.onCreate:36 android.app.Instrumentation.callApplicationOnCreate:1119 android.app.ActivityThread.handleBindApplication:5810 
02-11 14:42:49.442   808   944 E ActivityThread: Failed to find provider info for com.alibaba.ailabs.genie.assistant.server
02-11 14:42:49.613   808   944 I chatty  : uid=10029(com.android.systemui) ipc_core identical 2 lines
02-11 14:42:49.619   808   944 E ActivityThread: Failed to find provider info for com.alibaba.ailabs.genie.assistant.server
02-11 14:42:49.746   880   880 E DexLoadReporter: Could not create the profile directory: /system/lib/oat/libsgmain.so.cur.prof
02-11 14:42:50.193   880   981 W ContextImpl: Calling a method in the system process without a qualified user: android.app.ContextImpl.bindService:1557 android.content.ContextWrapper.bindService:684 mtopsdk.common.util.AsyncServiceBinder.asyncBind:125 mtopsdk.xstate.XState.init:73 mtopsdk.mtop.global.init.InnerMtopInitTask.executeCoreTask:58 
02-11 14:42:50.195   880   880 W ContextImpl: Calling a method in the system process without a qualified user: android.app.ContextImpl.startService:1477 android.content.ContextWrapper.startService:650 com.alibaba.ailabs.genie.smartapp.SmartappServiceManager.startService:33 com.alibaba.ailabs.genie.smartapp.SmartAppApplication.initMainProcess:226 com.alibaba.ailabs.genie.smartapp.SmartAppApplication.onCreate:158 
02-11 14:42:50.195   683   699 W ActivityManager: Unable to start service Intent { pkg=com.alibaba.ailabs.genie.smartapp cmp=com.alibaba.ailabs.genie.smartapp/.service.GenieManageServerService } U=0: not found
02-11 14:42:50.196   880   880 W ContextImpl: Calling a method in the system process without a qualified user: android.app.ContextImpl.startService:1477 android.content.ContextWrapper.startService:650 com.alibaba.ailabs.genie.smartapp.SmartappServiceManager.startService:56 com.alibaba.ailabs.genie.smartapp.SmartAppApplication.initMainProcess:226 com.alibaba.ailabs.genie.smartapp.SmartAppApplication.onCreate:158 
02-11 14:42:50.196   683   699 W ActivityManager: Unable to start service Intent { pkg=com.alibaba.ailabs.genie.smartapp cmp=com.alibaba.ailabs.genie.smartapp/.service.JobWakeUpService } U=0: not found
02-11 14:42:50.197   880   880 W ContextImpl: Calling a method in the system process without a qualified user: android.app.ContextImpl.startService:1477 android.content.ContextWrapper.startService:650 com.alibaba.ailabs.genie.smartapp.SmartappServiceManager.startService:70 com.alibaba.ailabs.genie.smartapp.SmartAppApplication.initMainProcess:226 com.alibaba.ailabs.genie.smartapp.SmartAppApplication.onCreate:158 
02-11 14:42:50.198   683   785 W ActivityManager: Unable to start service Intent { act=mtopsdk.xstate.aidl.IXState cat=[android.intent.category.DEFAULT] pkg=com.alibaba.ailabs.genie.smartapp cmp=com.alibaba.ailabs.genie.smartapp/mtopsdk.xstate.XStateService } U=0: not found
02-11 14:42:50.198   683   699 W ActivityManager: Unable to start service Intent { act=android.intent.action.VIEW dat=genie://com.alibaba.ailabs.basedomain pkg=com.alibaba.ailabs.genie.smartapp (has extras) } U=0: not found
02-11 14:42:50.215   880   880 W ContextImpl: Calling a method in the system process without a qualified user: android.app.ContextImpl.startService:1477 android.content.ContextWrapper.startService:650 com.alibaba.ailabs.genie.logger.service.sdk.GLogServer.startLogService:93 com.alibaba.ailabs.genie.logger.service.sdk.GLogServer.init:72 com.alibaba.ailabs.genie.smartapp.utils.GLogUtil.initService:36 
02-11 14:42:50.216   683   699 W ActivityManager: Unable to start service Intent { pkg=com.alibaba.ailabs.genie.smartapp cmp=com.alibaba.ailabs.genie.smartapp/com.alibaba.ailabs.genie.logger.service.LogService } U=0: not found
02-11 14:42:50.231   880   880 E ActivityThread: Failed to find provider info for com.alibaba.ailabs.genie.router.ipc.service
02-11 14:42:50.234   880   880 E ActivityThread: Failed to find provider info for com.alibaba.ailabs.genie.router.ipc.service
02-11 14:42:50.267   880   988 W ContextImpl: Calling a method in the system process without a qualified user: android.app.ContextImpl.bindService:1557 android.content.ContextWrapper.bindService:684 com.alibaba.ailabs.genie.service.GenieManageClient.getGenieManageService:313 com.alibaba.ailabs.genie.service.GenieManageClient.init:199 com.alibaba.ailabs.genie.smartapp.SmartAppApplication$2.run:257 
02-11 14:42:50.268   683   699 W ActivityManager: Unable to start service Intent { act=com.alibaba.ailabs.genie.smartapp.manage.service.action pkg=com.alibaba.ailabs.genie.smartapp } U=0: not found
02-11 14:42:50.295   808   944 E ActivityThread: Failed to find provider info for com.alibaba.ailabs.genie.assistant.server
02-11 14:42:50.298   808   944 E ActivityThread: Failed to find provider info for com.alibaba.ailabs.genie.assistant.server
02-11 14:42:50.570   880   880 W ContextImpl: Calling a method in the system process without a qualified user: android.app.ContextImpl.startService:1477 android.content.ContextWrapper.startService:650 com.alibaba.ailabs.genie.time.statistics.StatisticsApplication.startService:123 com.alibaba.ailabs.genie.time.statistics.StatisticsApplication.init:88 com.alibaba.ailabs.genie.smartapp.SmartAppApplication.initBundleApplication:333 
02-11 14:42:50.571   683   699 W ActivityManager: Unable to start service Intent { cmp=com.alibaba.ailabs.genie.smartapp/com.alibaba.ailabs.genie.time.service.TimerService } U=0: not found
02-11 14:42:50.593   880   989 E ActivityThread: Failed to find provider info for com.alibaba.ailabs.genie.assistant.server
02-11 14:42:50.601   880   880 W ContextImpl: Calling a method in the system process without a qualified user: android.app.ContextImpl.bindService:1557 android.content.ContextWrapper.bindService:684 com.alibaba.ailabs.genie.genieui.GenieBallApplication.init:37 com.alibaba.ailabs.genie.smartapp.SmartAppApplication.initBundleApplication:333 com.alibaba.ailabs.genie.smartapp.SmartAppApplication.modulesApplicationInit:320 
02-11 14:42:50.602   683   785 W ActivityManager: Unable to start service Intent { cmp=com.alibaba.ailabs.genie.smartapp/com.alibaba.ailabs.genie.genieui.service.AccessibilityMonitorService } U=0: not found
02-11 14:42:50.605   880   989 E ActivityThread: Failed to find provider info for com.alibaba.ailabs.genie.assistant.server
02-11 14:42:50.622   880   989 E ActivityThread: Failed to find provider info for com.alibaba.ailabs.genie.router.ipc.service
02-11 14:42:50.623   880   989 E ActivityThread: Failed to find provider info for com.alibaba.ailabs.genie.router.ipc.service
02-11 14:42:50.736   808   944 E ActivityThread: Failed to find provider info for com.alibaba.ailabs.genie.assistant.server
02-11 14:42:50.738   808   944 E ActivityThread: Failed to find provider info for com.alibaba.ailabs.genie.assistant.server
02-11 14:42:50.809   880   989 E ActivityThread: Failed to find provider info for com.alibaba.ailabs.genie.assistant.server
02-11 14:42:50.810   880   989 E ActivityThread: Failed to find provider info for com.alibaba.ailabs.genie.assistant.server
02-11 14:42:50.892   880   999 E DexLoadReporter: Could not create the profile directory: /system/lib/oat/libsgsecuritybody.so.cur.prof
02-11 14:42:50.925   880   989 E ActivityThread: Failed to find provider info for com.alibaba.ailabs.genie.assistant.server
02-11 14:42:50.927   880   989 E ActivityThread: Failed to find provider info for com.alibaba.ailabs.genie.assistant.server
02-11 14:42:50.976   880   880 E ActivityThread: Failed to find provider info for com.alibaba.ailabs.genie.assistant.server
02-11 14:42:50.979   880   880 E ActivityThread: Failed to find provider info for com.alibaba.ailabs.genie.assistant.server
02-11 14:42:50.979   880   999 E DexLoadReporter: Could not create the profile directory: /system/lib/oat/libsgavmp.so.cur.prof
02-11 14:42:50.984   880   880 E ActivityThread: Failed to find provider info for com.alibaba.ailabs.genie.assistant.server
02-11 14:42:51.013   880   880 I chatty  : uid=1000(system) com.alibaba.ailabs.genie.smartapp identical 8 lines
02-11 14:42:51.016   880   880 E ActivityThread: Failed to find provider info for com.alibaba.ailabs.genie.assistant.server
02-11 14:42:51.020   880   880 W ContextImpl: Calling a method in the system process without a qualified user: android.app.ContextImpl.startService:1477 android.content.ContextWrapper.startService:650 com.alibaba.ailabs.genie.utils.DataCenterUtils.startDataCenterService:226 com.alibaba.ailabs.genie.datacenter.GenieSettingApplication.init:45 com.alibaba.ailabs.genie.smartapp.SmartAppApplication.initBundleApplication:333 
02-11 14:42:51.025   683   938 W ActivityManager: Unable to start service Intent { cmp=com.alibaba.ailabs.genie.smartapp/com.alibaba.ailabs.genie.datacenter.DataCenterService } U=0: not found
02-11 14:42:51.038   880   880 W ContextImpl: Calling a method in the system process without a qualified user: android.app.ContextImpl.startService:1477 android.content.ContextWrapper.startService:650 com.alibaba.ailabs.genie.genieui.GenieUiApplication.init:29 com.alibaba.ailabs.genie.smartapp.SmartAppApplication.initBundleApplication:333 com.alibaba.ailabs.genie.smartapp.SmartAppApplication.modulesApplicationInit:320 
02-11 14:42:51.039   683   938 W ActivityManager: Unable to start service Intent { pkg=com.alibaba.ailabs.genie.smartapp cmp=com.alibaba.ailabs.genie.smartapp/com.alibaba.ailabs.genie.genieui.GenieAssistantUiService } U=0: not found
02-11 14:42:51.090   683   711 W WindowManager: App freeze timeout expired.
02-11 14:42:51.090   683   711 W WindowManager: Force clearing freeze: AppWindowToken{5b86a0a token=Token{9061980 ActivityRecord{2c83603 u0 com.alibaba.ailabs.genie.smartapp/com.alibaba.ailabs.genie.genieboot.activity.BootHomeActivity t1}}}
02-11 14:42:51.113   808   902 E DexLoadReporter: Could not create the profile directory: /system/lib/oat/libsgsecuritybody.so.cur.prof
02-11 14:42:51.183   808   902 E DexLoadReporter: Could not create the profile directory: /system/lib/oat/libsgmisc.so.cur.prof
02-11 14:42:51.198   880  1030 E ActivityThread: Failed to find provider info for com.alibaba.ailabs.genie.smartapp.ipc.second.server
02-11 14:42:51.225   880  1030 E ActivityThread: Failed to find provider info for com.alibaba.ailabs.genie.smartapp.ipc.second.server
02-11 14:42:51.231   880   989 E ActivityThread: Failed to find provider info for com.alibaba.ailabs.genie.router.ipc.service
02-11 14:42:51.235   880   989 E ActivityThread: Failed to find provider info for com.alibaba.ailabs.genie.router.ipc.service
02-11 14:42:51.340   808   944 E ActivityThread: Failed to find provider info for com.alibaba.ailabs.genie.assistant.server
02-11 14:42:51.348   808   944 E ActivityThread: Failed to find provider info for com.alibaba.ailabs.genie.assistant.server
02-11 14:42:51.382   880   989 E ActivityThread: Failed to find provider info for com.alibaba.ailabs.genie.assistant.server
02-11 14:42:51.390   880   880 W ContextImpl: Calling a method in the system process without a qualified user: android.app.ContextImpl.startActivity:855 android.content.ContextWrapper.startActivity:372 com.alibaba.ailabs.genie.genieboot.utils.BootUtils.startHomeActivity:101 com.alibaba.ailabs.genie.genieboot.utils.BootUtils.jumpAndSetAdultHome:78 com.alibaba.ailabs.genie.genieboot.utils.BootUtils.goHomeActivityAndSetProperties:58 
02-11 14:42:51.390   880   880 W ContextImpl: Calling a method in the system process without a qualified user: android.app.ContextImpl.startActivity:867 android.app.ContextImpl.startActivity:856 android.content.ContextWrapper.startActivity:372 com.alibaba.ailabs.genie.genieboot.utils.BootUtils.startHomeActivity:101 com.alibaba.ailabs.genie.genieboot.utils.BootUtils.jumpAndSetAdultHome:78 
02-11 14:42:51.391   880   989 E ActivityThread: Failed to find provider info for com.alibaba.ailabs.genie.assistant.server
02-11 14:42:51.435   880   989 I chatty  : uid=1000(system) ipc_core identical 1 line
02-11 14:42:51.438   880   989 E ActivityThread: Failed to find provider info for com.alibaba.ailabs.genie.assistant.server
02-11 14:42:51.751   880   989 E ActivityThread: Failed to find provider info for com.alibaba.ailabs.genie.router.ipc.service
02-11 14:42:51.858   880   989 I chatty  : uid=1000(system) ipc_core identical 2 lines
02-11 14:42:51.861   880   989 E ActivityThread: Failed to find provider info for com.alibaba.ailabs.genie.router.ipc.service
02-11 14:42:51.891  1040  1040 E DexLoadReporter: Could not create the profile directory: /system/lib/oat/libsgmain.so.cur.prof
02-11 14:42:52.115   880   989 E ActivityThread: Failed to find provider info for com.alibaba.ailabs.genie.smartapp.ipc.second.server
02-11 14:42:52.117   880   980 E DexLoadReporter: Could not create the profile directory: /system/lib/oat/libsgmisc.so.cur.prof
02-11 14:42:52.120   880   989 E ActivityThread: Failed to find provider info for com.alibaba.ailabs.genie.smartapp.ipc.second.server
02-11 14:42:52.335   808   944 E ActivityThread: Failed to find provider info for com.alibaba.ailabs.genie.assistant.server
02-11 14:42:52.339   808   944 E ActivityThread: Failed to find provider info for com.alibaba.ailabs.genie.assistant.server
02-11 14:42:52.405   880   989 E ActivityThread: Failed to find provider info for com.alibaba.ailabs.genie.assistant.server
02-11 14:42:52.408   880   989 E ActivityThread: Failed to find provider info for com.alibaba.ailabs.genie.assistant.server
02-11 14:42:52.463   683   699 W ActivityManager: Unable to start service Intent { act=com.alibaba.ailabs.genie.logger.LogService.action pkg=com.alibaba.ailabs.genie.smartapp } U=0: not found
02-11 14:42:52.482   808   944 E ActivityThread: Failed to find provider info for com.alibaba.ailabs.genie.assistant.server
02-11 14:42:52.490   808   944 E ActivityThread: Failed to find provider info for com.alibaba.ailabs.genie.assistant.server
02-11 14:42:52.504  1040  1076 E ActivityThread: Failed to find provider info for com.alibaba.ailabs.genie.assistant.server
02-11 14:42:52.514  1040  1076 I chatty  : uid=10022(com.alibaba.ailabs.genie.launcher) identical 2 lines
02-11 14:42:52.520  1040  1076 E ActivityThread: Failed to find provider info for com.alibaba.ailabs.genie.assistant.server
02-11 14:42:52.548   683   785 W ActivityManager: Unable to start service Intent { act=com.alibaba.ailabs.genie.logger.LogService.action pkg=com.alibaba.ailabs.genie.smartapp } U=0: not found
02-11 14:42:52.642   880   989 E ActivityThread: Failed to find provider info for com.alibaba.ailabs.genie.assistant.server
02-11 14:42:52.644   880   989 E ActivityThread: Failed to find provider info for com.alibaba.ailabs.genie.assistant.server
02-11 14:42:52.754  1040  1040 E ActivityThread: Failed to find provider info for com.alibaba.ailabs.genie.assistant.provider
02-11 14:42:52.756  1040  1040 I chatty  : uid=10022(com.alibaba.ailabs.genie.launcher) identical 1 line
02-11 14:42:52.759  1040  1040 E ActivityThread: Failed to find provider info for com.alibaba.ailabs.genie.assistant.provider
02-11 14:42:52.762  1040  1076 E ActivityThread: Failed to find provider info for com.alibaba.ailabs.genie.assistant.server
02-11 14:42:52.764  1040  1076 E ActivityThread: Failed to find provider info for com.alibaba.ailabs.genie.assistant.server
02-11 14:42:52.803  1040  1091 E ActivityThread: Failed to find provider info for com.alibaba.ailabs.genie.assistant.provider
02-11 14:42:52.816  1040  1091 I chatty  : uid=10022(com.alibaba.ailabs.genie.launcher) identical 2 lines
02-11 14:42:52.839  1040  1091 E ActivityThread: Failed to find provider info for com.alibaba.ailabs.genie.assistant.provider
02-11 14:42:52.883   880   989 E ActivityThread: Failed to find provider info for com.alibaba.ailabs.genie.smartapp.ipc.second.server
02-11 14:42:52.892   880   989 E ActivityThread: Failed to find provider info for com.alibaba.ailabs.genie.smartapp.ipc.second.server
02-11 14:42:53.028  1040  1091 E ActivityThread: Failed to find provider info for com.alibaba.ailabs.genie.smartapp.ipc.second.server
02-11 14:42:53.035  1040  1091 E ActivityThread: Failed to find provider info for com.alibaba.ailabs.genie.smartapp.ipc.second.server
02-11 14:42:53.225   880   989 E ActivityThread: Failed to find provider info for com.alibaba.ailabs.genie.router.ipc.service
02-11 14:42:53.227   880   989 E ActivityThread: Failed to find provider info for com.alibaba.ailabs.genie.router.ipc.service
02-11 14:42:53.271   880   880 W ContextImpl: Calling a method in the system process without a qualified user: android.app.ContextImpl.bindService:1557 android.content.ContextWrapper.bindService:684 com.alibaba.ailabs.genie.service.GenieManageClient.getGenieManageService:313 com.alibaba.ailabs.genie.service.GenieManageClient$1.run:269 android.os.Handler.handleCallback:790 
02-11 14:42:53.273   683   938 W ActivityManager: Unable to start service Intent { act=com.alibaba.ailabs.genie.smartapp.manage.service.action pkg=com.alibaba.ailabs.genie.smartapp } U=0: not found
02-11 14:42:53.519   880   989 E ActivityThread: Failed to find provider info for com.alibaba.ailabs.genie.router.ipc.service
02-11 14:42:53.521   880   989 E ActivityThread: Failed to find provider info for com.alibaba.ailabs.genie.router.ipc.service
02-11 14:42:53.528  1040  1076 E ActivityThread: Failed to find provider info for com.alibaba.ailabs.genie.smartapp.ipc.second.server
02-11 14:42:53.531  1040  1076 E ActivityThread: Failed to find provider info for com.alibaba.ailabs.genie.smartapp.ipc.second.server
02-11 14:42:53.562   683   704 W KeyguardServiceDelegate: onScreenTurningOn(): no keyguard service!
02-11 14:42:53.563   683   704 W WindowManager: ***** BOOT TIMEOUT: forcing display enabled
02-11 14:42:53.565   880   880 W ContextImpl: Calling a method in the system process without a qualified user: android.app.ContextImpl.startForegroundService:1483 android.content.ContextWrapper.startForegroundService:655 com.alibaba.ailabs.genie.genieboot.activity.BootHomeActivity.onDestroy:380 android.app.Activity.performDestroy:7235 android.app.Instrumentation.callActivityOnDestroy:1249 
02-11 14:42:53.566   683   705 W WindowManager: Keyguard drawn timeout. Setting mKeyguardDrawComplete
02-11 14:42:53.566   683   711 W WindowManager: Timeout waiting for drawn: undrawn=[Window{17a43a8 u0 com.alibaba.ailabs.genie.launcher/com.alibaba.ailabs.genie.launcher.activity.AdultHomeActivity}]
02-11 14:42:53.580   683   711 W ActivityManager: Unable to mark boot complete for abi: armeabi-v7a (android.os.ServiceSpecificException: Failed to unlink /data//dalvik-cache/arm/.booting (code 2))
02-11 14:42:54.134  1040  1062 E DexLoadReporter: Could not create the profile directory: /system/lib/oat/libsgsecuritybody.so.cur.prof
02-11 14:42:54.260  1040  1062 E DexLoadReporter: Could not create the profile directory: /system/lib/oat/libsgmisc.so.cur.prof
02-11 14:42:54.413   683   704 W TextServicesManagerService: no available spell checker services found
02-11 14:42:54.465   683   704 W SystemServiceManager: Service com.android.server.midi.MidiService$Lifecycle took 51 ms in onUnlockUser 
02-11 14:42:54.473   683   711 W WindowManager: App freeze timeout expired.
02-11 14:42:54.633   880  1194 W ContextImpl: Calling a method in the system process without a qualified user: android.app.ContextImpl.startService:1477 android.content.ContextWrapper.startService:650 com.alibaba.ailabs.genie.smartapp.service.JobWakeUpService$1.run:75 java.util.concurrent.Executors$RunnableAdapter.call:457 java.util.concurrent.FutureTask.run:266 
02-11 14:42:54.641   880  1194 W ContextImpl: Calling a method in the system process without a qualified user: android.app.ContextImpl.startService:1477 android.content.ContextWrapper.startService:650 com.alibaba.ailabs.genie.smartapp.service.JobWakeUpService$1.run:89 java.util.concurrent.Executors$RunnableAdapter.call:457 java.util.concurrent.FutureTask.run:266 
02-11 14:42:54.653   683   704 W SystemServiceManager: Service com.android.server.backup.BackupManagerService$Lifecycle took 189 ms in onUnlockUser 
02-11 14:42:54.654   683   704 W VoiceInteractionManagerService: no available voice recognition services found for user 0
02-11 14:42:54.655   683   709 W AppWidgetServiceImpl: Failed to read state: java.io.FileNotFoundException: /data/system/users/0/appwidgets.xml (No such file or directory)
02-11 14:42:54.740   683   704 W ActivityManager: Slow operation: 81ms so far, now at startProcess: returned from zygote!
02-11 14:42:54.740   683   704 W ActivityManager: Slow operation: 81ms so far, now at startProcess: done updating battery stats
02-11 14:42:54.746   683   704 W ActivityManager: Slow operation: 87ms so far, now at startProcess: building log message
02-11 14:42:54.746   683   704 W ActivityManager: Slow operation: 87ms so far, now at startProcess: starting to update pids map
02-11 14:42:54.746   683   704 W ActivityManager: Slow operation: 87ms so far, now at startProcess: done updating pids map
02-11 14:42:54.785   880   880 W ContextImpl: Calling a method in the system process without a qualified user: android.app.ContextImpl.bindService:1557 android.content.ContextWrapper.bindService:684 com.alibaba.ailabs.genie.smartapp.service.GenieManageServerService.onStartCommand:108 android.app.ActivityThread.handleServiceArgs:3531 android.app.ActivityThread.-wrap22:0 
02-11 14:42:54.939   880  1250 W ContextImpl: Calling a method in the system process without a qualified user: android.app.ContextImpl.sendBroadcast:967 android.content.ContextWrapper.sendBroadcast:437 com.taobao.aranger.core.ipc.provider.ARangerProvider$2.run:169 java.util.concurrent.ThreadPoolExecutor.runWorker:1162 java.util.concurrent.ThreadPoolExecutor$Worker.run:636 
02-11 14:42:55.068   683   683 E NotificationService: Muting recently noisy 0|com.alibaba.ailabs.genie.smartapp|1|null|1000
02-11 14:42:55.378   880   880 W ContextImpl: Calling a method in the system process without a qualified user: android.app.ContextImpl.startService:1477 android.content.ContextWrapper.startService:650 com.alibaba.ailabs.genie.time.statistics.StatisticsApplication.startService:123 com.alibaba.ailabs.genie.time.statistics.StatisticsApplication.access$000:47 com.alibaba.ailabs.genie.time.statistics.StatisticsApplication$5.onReceive:202 
02-11 14:42:55.461  1233  1233 W ContextImpl: Calling a method in the system process without a qualified user: android.app.ContextImpl.startService:1477 android.content.ContextWrapper.startService:650 com.aligenie.ags.AgsApp.onCreate:29 android.app.Instrumentation.callApplicationOnCreate:1119 android.app.ActivityThread.handleBindApplication:5810 
