02-11 14:44:57.874   683   785 W ActivityManager: Unable to start service Intent { act=com.alipay.arome.app.monitor.action.UPDATE_LOG_CONTEXT pkg=com.alipay.arome.app cmp=com.alipay.arome.app/com.alipay.mobile.common.logging.process.LogServiceInToolsProcess (has extras) } U=0: not found
02-11 14:44:57.936   683   785 W ActivityManager: Unable to start service Intent { act=com.alipay.arome.app.monitor.action.UPDATE_LOG_CONTEXT pkg=com.alipay.arome.app cmp=com.alipay.arome.app/com.alipay.mobile.common.logging.process.LogServiceInPushProcess (has extras) } U=0: not found
02-11 14:44:57.993   683   719 W ActivityManager: Unable to start service Intent { act=com.alipay.arome.app.monitor.action.UPDATE_LOG_CONTEXT pkg=com.alipay.arome.app cmp=com.alipay.arome.app/com.alipay.mobile.common.logging.process.LogServiceInToolsProcess (has extras) } U=0: not found
02-11 14:44:58.012   683   785 W ActivityManager: Unable to start service Intent { act=com.alipay.arome.app.monitor.action.UPDATE_LOG_CONTEXT pkg=com.alipay.arome.app cmp=com.alipay.arome.app/com.alipay.mobile.common.logging.process.LogServiceInPushProcess (has extras) } U=0: not found
02-11 14:44:58.026   683   785 W ActivityManager: Unable to start service Intent { act=com.alipay.arome.app.monitor.action.UPDATE_LOG_CONTEXT pkg=com.alipay.arome.app cmp=com.alipay.arome.app/com.alipay.mobile.common.logging.process.LogServiceInToolsProcess (has extras) } U=0: not found
02-11 14:44:58.031   683   785 W ActivityManager: Unable to start service Intent { act=com.alipay.arome.app.monitor.action.UPDATE_LOG_CONTEXT pkg=com.alipay.arome.app cmp=com.alipay.arome.app/com.alipay.mobile.common.logging.process.LogServiceInPushProcess (has extras) } U=0: not found
02-11 14:44:58.063   683   785 W ActivityManager: Unable to start service Intent { act=com.alipay.arome.app.monitor.action.UPDATE_LOG_CONTEXT pkg=com.alipay.arome.app cmp=com.alipay.arome.app/com.alipay.mobile.common.logging.process.LogServiceInToolsProcess (has extras) } U=0: not found
02-11 14:44:58.071   683   785 W ActivityManager: Unable to start service Intent { act=com.alipay.arome.app.monitor.action.UPDATE_LOG_CONTEXT pkg=com.alipay.arome.app cmp=com.alipay.arome.app/com.alipay.mobile.common.logging.process.LogServiceInPushProcess (has extras) } U=0: not found
02-11 14:44:58.075   683   785 W ActivityManager: Unable to start service Intent { act=com.alipay.arome.app.monitor.action.UPDATE_LOG_CONTEXT pkg=com.alipay.arome.app cmp=com.alipay.arome.app/com.alipay.mobile.common.logging.process.LogServiceInToolsProcess (has extras) } U=0: not found
02-11 14:45:06.080   683   766 W NetworkStatsRecorder: unknown interfaces [p2p0, lo], ignoring those stats
02-11 14:45:06.081   683   766 I chatty  : uid=1000(system) NetworkStats identical 2 lines
02-11 14:45:06.081   683   766 W NetworkStatsRecorder: unknown interfaces [p2p0, lo], ignoring those stats
02-11 14:45:06.331   683   719 W ActivityManager: Unable to start service Intent { act=com.alipay.arome.app.monitor.action.NOTE_TRAFIC_CONSUME pkg=com.alipay.arome.app cmp=com.alipay.arome.app/com.alipay.mobile.logmonitor.ClientMonitorService (has extras) } U=0: not found
02-11 14:45:07.629  3137  3408 E ActivityThread: Failed to find provider info for authentication.information
02-11 14:45:07.656  3137  3408 E ActivityThread: Failed to find provider info for authentication.information
02-11 14:45:07.667   683  2499 W ActivityManager: Unable to start service Intent { act=com.alipay.mobile.framework.mainprocess.start pkg=com.alipay.arome.app cmp=com.alipay.arome.app/com.alipay.pushsdk.push.AppInfoRecvIntentService } U=0: not found
02-11 14:45:07.681   683  2677 W ActivityManager: Unable to start service Intent { act=com.alipay.mobile.framework.BROUGHT_TO_FOREGROUND pkg=com.alipay.arome.app cmp=com.alipay.arome.app/com.alipay.pushsdk.push.AppInfoRecvIntentService } U=0: not found
02-11 14:45:10.563   683   766 W NetworkStatsRecorder: unknown interfaces [p2p0, lo], ignoring those stats
02-11 14:45:10.564   683   766 I chatty  : uid=1000(system) NetworkStats identical 2 lines
02-11 14:45:10.564   683   766 W NetworkStatsRecorder: unknown interfaces [p2p0, lo], ignoring those stats
02-11 14:45:10.572   683  2677 W ActivityManager: Unable to start service Intent { act=com.alipay.arome.app.monitor.action.upload.mdaplog pkg=com.alipay.arome.app cmp=com.alipay.arome.app/com.alipay.mobile.common.logging.process.LogServiceInToolsProcess (has extras) } U=0: not found
02-11 14:45:10.637   683  2677 W ActivityManager: Unable to start service Intent { act=com.alipay.arome.app.monitor.action.upload.mdaplog pkg=com.alipay.arome.app cmp=com.alipay.arome.app/com.alipay.mobile.common.logging.process.LogServiceInToolsProcess (has extras) } U=0: not found
02-11 14:45:11.175   683  2677 W AppOps  : Finishing op nesting under-run: uid 1000 pkg com.alibaba.ailabs.genie.smartapp code 24 time=0 duration=0 nesting=0
02-11 14:45:12.070   683   704 W ActivityManager: Launch timeout has expired, giving up wake lock!
02-11 14:45:12.382   683   766 W NetworkStatsRecorder: unknown interfaces [p2p0, lo], ignoring those stats
02-11 14:45:12.383   683   766 I chatty  : uid=1000(system) NetworkStats identical 2 lines
02-11 14:45:12.383   683   766 W NetworkStatsRecorder: unknown interfaces [p2p0, lo], ignoring those stats
02-11 14:45:18.626   880  1020 W ContextImpl: Calling a method in the system process without a qualified user: android.app.ContextImpl.startService:1477 com.alibaba.ailabs.genie.router.GenieAIRouter.openByUri:793 com.alibaba.ailabs.genie.router.GenieAIRouter.uriProcess:555 com.alibaba.ailabs.genie.router.GenieAIRouter.open:309 com.alibaba.ailabs.genie.router.service.GenieRouterService.onCommu:81 
02-11 14:45:18.707   683  1142 W ActivityManager: Unable to start service Intent { act=com.alipay.arome.app.monitor.action.NOTE_TRAFIC_CONSUME pkg=com.alipay.arome.app cmp=com.alipay.arome.app/com.alipay.mobile.logmonitor.ClientMonitorService (has extras) } U=0: not found
02-11 14:45:19.101   683  1142 W ActivityManager: Unable to start service Intent { act=com.alipay.arome.app.monitor.action.NOTE_TRAFIC_CONSUME pkg=com.alipay.arome.app cmp=com.alipay.arome.app/com.alipay.mobile.logmonitor.ClientMonitorService (has extras) } U=0: not found
02-11 14:45:19.232   683   861 W Watchdog: **Get SF Time **0
02-11 14:45:19.232   683   861 W Watchdog: SWT Watchdog before synchronized:170063
02-11 14:45:19.232   683   861 W Watchdog: SWT Watchdog after synchronized:170063
02-11 14:45:19.313   683  1142 W ActivityManager: Unable to start service Intent { act=com.alipay.arome.app.monitor.action.NOTE_TRAFIC_CONSUME pkg=com.alipay.arome.app cmp=com.alipay.arome.app/com.alipay.mobile.logmonitor.ClientMonitorService (has extras) } U=0: not found
02-11 14:45:20.500  3137  3928 E ActivityThread: Failed to find provider info for authentication.information
02-11 14:45:20.533  3137  3928 I chatty  : uid=10021(com.alipay.arome.app) identical 1 line
02-11 14:45:20.552  3137  3928 E ActivityThread: Failed to find provider info for authentication.information
02-11 14:45:20.783   683  1142 W ActivityManager: Unable to start service Intent { act=com.alipay.arome.app.monitor.action.upload.mdaplog pkg=com.alipay.arome.app cmp=com.alipay.arome.app/com.alipay.mobile.common.logging.process.LogServiceInToolsProcess (has extras) } U=0: not found
02-11 14:45:24.538   683   785 W ActivityManager: Unable to start service Intent { act=com.alipay.arome.app.monitor.action.upload.mdaplog pkg=com.alipay.arome.app cmp=com.alipay.arome.app/com.alipay.mobile.common.logging.process.LogServiceInToolsProcess (has extras) } U=0: not found
02-11 14:45:26.071  1569  1569 W ContextImpl: Calling a method in the system process without a qualified user: android.app.ContextImpl.startService:1477 android.content.ContextWrapper.startService:650 android.content.ContextWrapper.startService:650 com.alibaba.ailabs.basedomain.ui.BaseService.startSelf:408 com.alibaba.ailabs.basedomain.ui.alarm.AlarmScheduleSyncDataReceiver.onReceive:24 
02-11 14:45:44.765   683  2677 W ActivityManager: Unable to start service Intent { act=com.alipay.arome.app.monitor.action.upload.mdaplog pkg=com.alipay.arome.app cmp=com.alipay.arome.app/com.alipay.mobile.common.logging.process.LogServiceInToolsProcess (has extras) } U=0: not found
02-11 14:45:47.896   683  2677 W ActivityManager: Unable to start service Intent { act=com.alipay.arome.app.monitor.action.NOTE_TRAFIC_CONSUME pkg=com.alipay.arome.app cmp=com.alipay.arome.app/com.alipay.mobile.logmonitor.ClientMonitorService (has extras) } U=0: not found
02-11 14:45:48.567   683   766 W NetworkStatsRecorder: unknown interfaces [p2p0, lo], ignoring those stats
02-11 14:45:48.569   683   766 I chatty  : uid=1000(system) NetworkStats identical 2 lines
02-11 14:45:48.569   683   766 W NetworkStatsRecorder: unknown interfaces [p2p0, lo], ignoring those stats
02-11 14:45:48.640   683   785 W ActivityManager: Unable to start service Intent { act=com.alipay.arome.app.monitor.action.NOTE_TRAFIC_CONSUME pkg=com.alipay.arome.app cmp=com.alipay.arome.app/com.alipay.mobile.logmonitor.ClientMonitorService (has extras) } U=0: not found
02-11 14:45:49.061   683   699 W ActivityManager: Unable to start service Intent { act=com.alipay.arome.app.monitor.action.NOTE_TRAFIC_CONSUME pkg=com.alipay.arome.app cmp=com.alipay.arome.app/com.alipay.mobile.logmonitor.ClientMonitorService (has extras) } U=0: not found
--------- beginning of main
02-11 14:45:49.099   178   178 W bat_thread_kthr: type=1400 audit(0.0:141): avc: denied { write } for name="/" dev="mmcblk0p22" ino=2 scontext=u:r:kernel:s0 tcontext=u:object_r:system_data_file:s0 tclass=dir permissive=0
02-11 14:45:49.175  1149  1467 W UnconvWakeupManager: feed,72:feed when not started
02-11 14:45:49.232   683   861 W Watchdog: **Get SF Time **0
02-11 14:45:49.233   683   861 W Watchdog: SWT Watchdog before synchronized:200064
02-11 14:45:49.233   683   861 W Watchdog: SWT Watchdog after synchronized:200064
02-11 14:45:49.237   683   785 W ActivityManager: Unable to start service Intent { act=com.alipay.arome.app.monitor.action.NOTE_TRAFIC_CONSUME pkg=com.alipay.arome.app cmp=com.alipay.arome.app/com.alipay.mobile.logmonitor.ClientMonitorService (has extras) } U=0: not found
02-11 14:45:49.273  3137  3871 W System  : ClassLoader referenced unknown path: system/framework/mediatek-cta.jar
02-11 14:45:49.551  3137  3894 W System  : ClassLoader referenced unknown path: system/framework/mediatek-cta.jar
02-11 14:45:49.617  1149  1467 E MultiModalManager: event data is  = {"param_arr":[112.500000,0.657979,82.500000,0.214789,77.500000,0.127232],"score_arr":[6658216960,6658485760,6659294720,6660652544,6662568960,6665057792,6668126208,6671775232,6675996160,6680756224,6686005248,6691667456,6697633792,6703776256,6709938176,6715948544,6721630208,6726809600,6731331584,6735065088,6737921024,6739852800,6740857856,6740983808,6740314112,6738968064,6737084416,6734816256,6732321280,6729748480,6727236608,6724907520,6722864128,6721192448,6719952896,6719192064,6718937088,112.500000]}
02-11 14:45:49.696  3137  3872 W System  : ClassLoader referenced unknown path: system/framework/mediatek-cta.jar
02-11 14:45:49.901  3137  3849 W System  : ClassLoader referenced unknown path: system/framework/mediatek-cta.jar
02-11 14:45:49.931  3137  3821 W System  : ClassLoader referenced unknown path: system/framework/mediatek-cta.jar
02-11 14:45:49.935  3137  3844 W System  : ClassLoader referenced unknown path: system/framework/mediatek-cta.jar
02-11 14:45:49.981  3137  3897 W System  : ClassLoader referenced unknown path: system/framework/mediatek-cta.jar
02-11 14:45:49.999  3137  3899 W System  : ClassLoader referenced unknown path: system/framework/mediatek-cta.jar
02-11 14:45:50.506   683   706 W zygote  : kill(-2383, 9) failed: No such process
02-11 14:45:50.553   683   706 W zygote  : kill(-2139, 9) failed: No such process
02-11 14:45:50.580  1149  1192 W StatusProvider: TYPE_USER_TABLE callingPackage = com.alibaba.ailabs.genie.smartapp
02-11 14:45:50.583  1149  1557 W StatusProvider: TYPE_USER_TABLE callingPackage = com.alibaba.ailabs.genie.smartapp
02-11 14:45:50.238   683   785 I chatty  : uid=1000(system) Binder:683_4 identical 6 lines
02-11 14:45:50.332   683   785 W ActivityManager: Unable to start service Intent { act=com.alipay.arome.app.monitor.action.NOTE_TRAFIC_CONSUME pkg=com.alipay.arome.app cmp=com.alipay.arome.app/com.alipay.mobile.logmonitor.ClientMonitorService (has extras) } U=0: not found
02-11 14:45:50.629   683  2499 W ActivityManager: Unable to start service Intent { act=com.alipay.arome.app.monitor.action.NOTE_TRAFIC_CONSUME pkg=com.alipay.arome.app cmp=com.alipay.arome.app/com.alipay.mobile.logmonitor.ClientMonitorService (has extras) } U=0: not found
02-11 14:45:50.809  1149  1467 W UnconvWakeupManager: feed,72:feed when not started
02-11 14:45:51.728  1149  1467 E MultiModalManager: event data is  = {"param_arr":[102.500000,0.446493,97.500000,0.414847,77.500000,0.138660],"score_arr":[1407463168,1407557504,1407841280,1408317056,1408988544,1409858048,1410926848,1412191232,1413641472,1415259008,1417015552,1418871296,1420775040,1422666112,1424476160,1426133376,1427567872,1428716288,1429526912,1429964800,1430015104,1429682688,1428993280,1427990144,1426730240,1425279744,1423708928,1422087168,1420480000,1418945536,1417532800,1416281856,1415223552,1414380288,1413767808,1413396864,1413272576,102.500000]}
02-11 14:45:52.447  1149  1467 W UnconvWakeupManager: feed,72:feed when not started
02-11 14:45:53.865  1149  1467 E MultiModalManager: event data is  = {"param_arr":[77.500000,0.486045,72.500000,0.345632,67.500000,0.168323],"score_arr":[358662272,358694528,358790464,358947840,359162688,359429440,359740352,360085664,360453568,360830080,361199712,361545408,361849920,362096384,362269344,362356192,362347776,362239296,362031040,361728000,361339808,360879936,360364608,359811584,359239104,358664672,358104192,357571296,357077184,356630304,356236960,355901024,355624960,355410016,355256448,355164448,355133760,77.500000]}
02-11 14:45:54.087  1149  1467 W UnconvWakeupManager: feed,72:feed when not started
02-11 14:45:54.624   683  2499 W ActivityManager: Unable to start service Intent { act=com.alipay.arome.app.monitor.action.upload.mdaplog pkg=com.alipay.arome.app cmp=com.alipay.arome.app/com.alipay.mobile.common.logging.process.LogServiceInToolsProcess (has extras) } U=0: not found
02-11 14:45:54.744  1143  1358 E bt_mesh : [MESH][**][E][BECN] Invalid IV Update State: 0, discard
02-11 14:45:54.744  1143  1358 E bt_mesh : 
02-11 14:45:54.921  1149  1467 W Key_AGUI_ASE: ________________________________________________________________________________________________________________________
02-11 14:45:54.923  1149  1472 W Settings: Setting device_provisioned has moved from android.provider.Settings.Secure to android.provider.Settings.Global.
02-11 14:45:54.927  1149  1472 E GetAppInfoEx: getForegroundInfo{"packageName":"com.alipay.arome.app","className":"com.alipay.mobile.nebulax.integration.mpaas.activity.NebulaActivity$AppInsideMain"}
02-11 14:45:54.929  1149  1380 E SessionProxy: start talk sessionId = 1969524
02-11 14:45:54.931  1149  1472 E Websocket-gateway: Put to queue: type 1, size 453, sessionId 3446
02-11 14:45:54.931  1149  1472 E GcsManager: sending, requestId = 3446, eventNs = AliGenie.Microphone, eventName =Active
02-11 14:45:54.931  1149  1382 E SessionProxy: get systemContext sessionId = 1969524
02-11 14:45:54.932  1149  1494 E FocusMgr_Java: requestFocus get focus, status = 1, reason = 1
02-11 14:45:54.932  1149  1494 W AudioManager: Use of stream types is deprecated for operations other than volume control
02-11 14:45:54.934  1149  1452 E [apollo 2.17.4.113]: [MediaPlayer.cpp:1824] pauseToBuffering - call _pauseToBuffering in error state:2
02-11 14:45:54.935  1149  1380 E GetAppInfoEx: getForegroundInfo{"packageName":"com.alipay.arome.app","className":"com.alipay.mobile.nebulax.integration.mpaas.activity.NebulaActivity$AppInsideMain"}
02-11 14:45:54.935  1149  1380 E SessionDispatch: sessionId = 1969524, forground = 
02-11 14:45:54.935  1149  1681 E [apollo 2.17.4.113]: [FFmpegMediaStream.cpp:74] log_callback_ffmpeg - [40] av_log: [mp3 @ 0x887c1600] Skipping 0 bytes of junk at 6013.
02-11 14:45:54.935  1149  1681 E [apollo 2.17.4.113]: 
02-11 14:45:54.936  1149  1472 E GetAppInfoEx: getForegroundInfo{"packageName":"com.alipay.arome.app","className":"com.alipay.mobile.nebulax.integration.mpaas.activity.NebulaActivity$AppInsideMain"}
02-11 14:45:54.936  1149  1681 E [apollo 2.17.4.113]: [FFmpegMediaStream.cpp:74] log_callback_ffmpeg - [24] av_log: [mp3 @ 0x887c1600] Estimating duration from bitrate, this may be inaccurate
02-11 14:45:54.936  1149  1681 E [apollo 2.17.4.113]: 
02-11 14:45:54.936  1149  1681 W [apollo 2.17.4.113]: [FFmpegDataSource.cpp:2444] getRotation - wrong rotation, ignore it
02-11 14:45:54.932  1149  1494 W AudioManager: See the documentation of requestAudioFocus() for what to use instead with android.media.AudioAttributes to qualify your playback use case
02-11 14:45:54.937  1149  1656 E Websocket-gateway: MSG_TYPE_SEND_TEXT:3446, 453
02-11 14:45:54.938  1149  1380 E NativeUIManager: onRecordStart what = 1004sessionId = 1969524
02-11 14:45:54.939  1149  1149 E NativeUIManager: iuiManager what = 1004,sessionId = 1969524
02-11 14:45:54.942  1149  1494 E FocusMgr_Java: requestFocus status = 1, time = 1
02-11 14:45:54.944  1149  1458 E ClockTimer: ClockTimer:event:CLOCKEVENT_PLAY_STATUS, alarmstatus:CLOCK_STATUS_NEXT_TRIGGER_WAIT, msgstatus:CLOCK_STATUS_INIT
02-11 14:45:54.945  1149  1380 E SessionDispatch: sessionId = 1969524
02-11 14:45:54.945  1149  1380 E SessionDispatch: type =1010, arg1 =1  arg2=0, size = 1
02-11 14:45:54.947  1149  1494 E FocusMgr_Java: requestFocus get focus, status = 1, reason = 2
02-11 14:45:54.947  1149  1494 W AudioManager: Use of stream types is deprecated for operations other than volume control
02-11 14:45:54.947  1149  1494 W AudioManager: See the documentation of requestAudioFocus() for what to use instead with android.media.AudioAttributes to qualify your playback use case
02-11 14:45:54.947  1149  1458 E AudioStateManager: [source switch]Unknown source type=4
02-11 14:45:54.948  1149  1380 E SessionDispatch: type =11, arg1 =0  arg2=3149173, size = 1
02-11 14:45:54.950  1149  1685 W VISION  : AVEHandlerThread:[AVEManagerService.java run() :: line 353] --> cmd = stop args = 
02-11 14:45:54.952  1149  1149 W QUICK   : getCurrentScene info :SceneInfo{sceneType=router_loading, taskType=0}
02-11 14:45:54.952  1149  1494 E FocusMgr_Java: requestFocus status = 1, time = 1
02-11 14:45:54.954  1149  1149 E NativeUIManager: iuiManager what = 1101,sessionId = 1010
02-11 14:45:54.955  1698  1982 W Bundle  : Key status expected Boolean but value was a java.lang.Integer.  The default value false was returned.
02-11 14:45:54.955  1698  1982 W Bundle  : Attempt to cast generated internal exception:
02-11 14:45:54.955  1698  1982 W Bundle  : java.lang.ClassCastException: java.lang.Integer cannot be cast to java.lang.Boolean
02-11 14:45:54.955  1698  1982 W Bundle  : 	at android.os.BaseBundle.getBoolean(BaseBundle.java:863)
02-11 14:45:54.955  1698  1982 W Bundle  : 	at com.alibaba.ailabs.genie.assistant.sdk.agis.AguiCommonCallback.onCommu(AguiCommonCallback.java:46)
02-11 14:45:54.955  1698  1982 W Bundle  : 	at com.alibaba.ailabs.ipc.remote.CommuSvr$CommuStub.onCommu(CommuSvr.java:64)
02-11 14:45:54.955  1698  1982 W Bundle  : 	at com.alibaba.ailabs.ipc.ICommu$Stub.onTransact(ICommu.java:68)
02-11 14:45:54.955  1698  1982 W Bundle  : 	at android.os.Binder.execTransact(Binder.java:697)
02-11 14:45:54.956  1149  1149 E NativeUIManager: iuiManager what = 1101,sessionId = 11
02-11 14:45:54.956   880   880 E GenieUiController: scheduleList: {"duration":0,"status":4,"tips":"","type":0,"who":"agis"}
02-11 14:45:54.956   880   880 E GenieUiController: scheduleList: []
02-11 14:45:54.956   880   880 E GenieUiController: checkStatusInvalid: 
02-11 14:45:54.956   880   880 E GenieUiController: 55555555555555
02-11 14:45:54.957   880   880 E GenieUiController: scheduleList2222: [{"duration":0,"status":4,"tips":"","type":0,"who":"agis"}]
02-11 14:45:54.957  1149  1472 E GetAppInfoEx: getPackageInfo = packageName = com.alipay.arome.app, pkg = , className = com.alipay.mobile.nebulax.integration.mpaas.activity.NebulaActivity$AppInsideMain
02-11 14:45:54.973  1149  3051 W StatusProvider: TYPE_USER_TABLE callingPackage = com.alibaba.ailabs.genie.smartapp
02-11 14:45:54.978   284  2964 E APM_AudioPolicyManager: computeVolume stream:3 index:50 volumeDb:-25.000000
02-11 14:45:54.981   270   674 E AudioMTKGainController: Error: get mixer ctl fail, Audio_Speaker_PGA_gain
02-11 14:45:54.981   270   674 E AudioMTKGainController: Error: get mixer ctl fail, Audio_Speaker_PGA_gain
02-11 14:45:54.985   270   674 E AudioALSAPlaybackHandlerBase: -getHardwareBufferInfo(), pcm_get_htimestamp fail, ret = -1, pcm_get_error = 
02-11 14:45:54.986   683  2677 E AudioAttributes: Illegal value unmarshalling AudioAttributes, can't initialize bundle
02-11 14:45:54.986   683  2677 E AudioService.PlaybackActivityMonitor: Error updating audio attributes
02-11 14:45:54.993   270   674 E AudioALSAPlaybackHandlerBase: -getHardwareBufferInfo(), pcm_get_htimestamp fail, ret = -1, pcm_get_error = 
02-11 14:45:54.994   683  2499 E AudioAttributes: Illegal value unmarshalling AudioAttributes, can't initialize bundle
02-11 14:45:54.994   683  2499 E AudioService.PlaybackActivityMonitor: Error updating audio attributes
02-11 14:45:54.994   683  2499 E AudioAttributes: Illegal value unmarshalling AudioAttributes, can't initialize bundle
02-11 14:45:54.994   683  2499 E AudioService.PlaybackActivityMonitor: Error updating audio attributes
02-11 14:45:55.022  1149  1472 E GetAppInfoEx: getPackageInfo = {"appVersion":"517","appName":"","fingerPrint":"835631d2fbb137fc5fe6381219db6597fc8cdd54","packageName":"com.alibaba.ailabs.genie.webapps"}
02-11 14:45:55.023  1149  1472 E Websocket-gateway: Put to queue: type 1, size 1989, sessionId 1969524
02-11 14:45:55.024  1149  1472 E GcsManager: sending, requestId = 1969524, eventNs = AliGenie.Microphone, eventName =ListenStarted
02-11 14:45:55.025  1149  1472 E SessionManager: send startListened sessionId = 1969524
02-11 14:45:55.025  1149  1472 E Websocket-gateway: Put to queue: type 3, size 108, sessionId 1969524
02-11 14:45:55.026  1149  1472 E Websocket-gateway: Put to queue: type 3, size 69, sessionId 1969524
02-11 14:45:55.026  1149  1656 E Websocket-gateway: MSG_TYPE_SEND_TEXT:1969524, 1989
02-11 14:45:55.027  1149  1656 E Websocket-gateway: MSG_TYPE_SEND_BIN_START:1969524
02-11 14:45:55.027  1149  1656 E Websocket-gateway: MSG_TYPE_SEND_BIN_ING:1969524, 108
02-11 14:45:55.027  1149  1656 E Websocket-gateway: MSG_TYPE_SEND_BIN_ING:1969524, 69
02-11 14:45:55.036  1149  1471 E Websocket-gateway: Put to queue: type 3, size 453, sessionId 1969524
02-11 14:45:55.046  1149  1656 E Websocket-gateway: MSG_TYPE_SEND_BIN_ING:1969524, 453
02-11 14:45:55.046  1149  1471 E Websocket-gateway: Put to queue: type 3, size 453, sessionId 1969524
02-11 14:45:55.055  1149  1471 E Websocket-gateway: Put to queue: type 3, size 453, sessionId 1969524
02-11 14:45:55.064  1149  1656 E Websocket-gateway: MSG_TYPE_SEND_BIN_ING:1969524, 453
02-11 14:45:55.065  1149  1471 E Websocket-gateway: Put to queue: type 3, size 453, sessionId 1969524
02-11 14:45:55.066  1149  1656 E Websocket-gateway: MSG_TYPE_SEND_BIN_ING:1969524, 453
02-11 14:45:55.066  1149  1656 E Websocket-gateway: MSG_TYPE_SEND_BIN_ING:1969524, 453
02-11 14:45:55.078  1149  1471 E Websocket-gateway: Put to queue: type 3, size 453, sessionId 1969524
02-11 14:45:55.087  1149  1656 E Websocket-gateway: MSG_TYPE_SEND_BIN_ING:1969524, 453
02-11 14:45:55.087  1149  1471 E Websocket-gateway: Put to queue: type 3, size 453, sessionId 1969524
02-11 14:45:55.097  1149  1656 E Websocket-gateway: MSG_TYPE_SEND_BIN_ING:1969524, 453
02-11 14:45:55.097  1149  1471 E Websocket-gateway: Put to queue: type 3, size 453, sessionId 1969524
02-11 14:45:55.101  1149  1656 E Websocket-gateway: MSG_TYPE_SEND_BIN_ING:1969524, 453
02-11 14:45:55.109  1149  1471 E Websocket-gateway: Put to queue: type 3, size 453, sessionId 1969524
02-11 14:45:55.113  1149  1656 E Websocket-gateway: MSG_TYPE_SEND_BIN_ING:1969524, 453
02-11 14:45:55.118  1149  1471 E Websocket-gateway: Put to queue: type 3, size 453, sessionId 1969524
02-11 14:45:55.124  1149  1656 E Websocket-gateway: MSG_TYPE_SEND_BIN_ING:1969524, 453
02-11 14:45:55.132  1149  1471 E Websocket-gateway: Put to queue: type 3, size 453, sessionId 1969524
02-11 14:45:55.134  1149  1656 E Websocket-gateway: MSG_TYPE_SEND_BIN_ING:1969524, 453
02-11 14:45:55.144  1149  1471 E Websocket-gateway: Put to queue: type 3, size 453, sessionId 1969524
02-11 14:45:55.145  1149  1656 E Websocket-gateway: MSG_TYPE_SEND_BIN_ING:1969524, 453
02-11 14:45:55.156  1149  1471 E Websocket-gateway: Put to queue: type 3, size 453, sessionId 1969524
02-11 14:45:55.157  1149  1656 E Websocket-gateway: MSG_TYPE_SEND_BIN_ING:1969524, 453
02-11 14:45:55.166  1149  1685 W VISION  : AVEHandlerThread:[AVEManagerService.java run() :: line 353] --> cmd = activityChange args = com.alipay.arome.app/com.alipay.mobile.nebulax.integration.mpaas.activity.NebulaActivity$AppInsideMain
02-11 14:45:55.167  1149  1471 E Websocket-gateway: Put to queue: type 3, size 453, sessionId 1969524
02-11 14:45:55.177  1149  1471 E Websocket-gateway: Put to queue: type 3, size 453, sessionId 1969524
02-11 14:45:55.177  1149  1656 E Websocket-gateway: MSG_TYPE_SEND_BIN_ING:1969524, 453
02-11 14:45:55.178  1149  1656 E Websocket-gateway: MSG_TYPE_SEND_BIN_ING:1969524, 453
02-11 14:45:55.179  1149  1471 W LocalASRManager: feed,249: actually feed
02-11 14:45:55.186  1149  1471 W LocalASRManager: feed,249: actually feed
02-11 14:45:55.189  1149  1471 E Websocket-gateway: Put to queue: type 3, size 453, sessionId 1969524
02-11 14:45:55.193  1149  1471 W LocalASRManager: feed,249: actually feed
02-11 14:45:55.198  1149  1656 E Websocket-gateway: MSG_TYPE_SEND_BIN_ING:1969524, 453
02-11 14:45:55.199  1149  1471 E Websocket-gateway: Put to queue: type 3, size 453, sessionId 1969524
02-11 14:45:55.201  1149  1471 W LocalASRManager: feed,249: actually feed
02-11 14:45:55.209  1149  1656 E Websocket-gateway: MSG_TYPE_SEND_BIN_ING:1969524, 453
02-11 14:45:55.258   808   808 W SystemUI-Access: [AccessibilityServiceGesture:onAccessibilityEvent:9] classN.equals(lastClass) return android.widget.LinearLayout
02-11 14:45:55.286  1149  1471 W LocalASRManager: feed,249: actually feed
02-11 14:45:55.291  1149  1471 E Websocket-gateway: Put to queue: type 3, size 453, sessionId 1969524
02-11 14:45:55.291  1149  1471 W LocalASRManager: feed,249: actually feed
02-11 14:45:55.293  1149  1656 E Websocket-gateway: MSG_TYPE_SEND_BIN_ING:1969524, 453
02-11 14:45:55.313  1149  1459 W SystemStateManager: current mode is not standby.
02-11 14:45:55.313  1149  1459 W SystemStateManager: current mode is not standby.
02-11 14:45:55.328  1149  1471 W LocalASRManager: feed,249: actually feed
02-11 14:45:55.358  1149  1471 E Websocket-gateway: Put to queue: type 3, size 453, sessionId 1969524
02-11 14:45:55.365  1149  1656 E Websocket-gateway: MSG_TYPE_SEND_BIN_ING:1969524, 453
02-11 14:45:55.376  1149  1471 W LocalASRManager: feed,249: actually feed
02-11 14:45:55.381  1149  1458 E ClockTimer: ClockTimer:event:CLOCKEVENT_PLAY_STATUS, alarmstatus:CLOCK_STATUS_NEXT_TRIGGER_WAIT, msgstatus:CLOCK_STATUS_INIT
02-11 14:45:55.382  1149  1471 W LocalASRManager: feed,249: actually feed
02-11 14:45:55.382  1149  1380 E SessionDispatch: type =11, arg1 =12  arg2=3149173, size = 1
02-11 14:45:55.382  1149  2674 W [apollo 2.17.4.113]: [AudioTrackConsumer.cpp:188] onNextAudioDataNeeded - AudioTrackConsumer: :onNextAudioDataNeeded stop return
02-11 14:45:55.383  1149  1380 E SessionDispatch: type =17, arg1 =12  arg2=3149173, size = 1
02-11 14:45:55.383  1149  1149 E NativeUIManager: iuiManager what = 1101,sessionId = 11
02-11 14:45:55.386  1149  1149 E NativeUIManager: iuiManager what = 1101,sessionId = 17
02-11 14:45:55.409  1149  1471 W LocalASRManager: feed,249: actually feed
02-11 14:45:55.411  1149  1471 W LocalASRManager: feed,249: actually feed
02-11 14:45:55.450  1149  1471 E Websocket-gateway: Put to queue: type 3, size 453, sessionId 1969524
02-11 14:45:55.452  1149  1471 W LocalASRManager: feed,249: actually feed
02-11 14:45:55.456  1149  1656 E Websocket-gateway: MSG_TYPE_SEND_BIN_ING:1969524, 453
02-11 14:45:55.492  1149  1471 W LocalASRManager: feed,249: actually feed
02-11 14:45:55.530  1149  1471 W LocalASRManager: feed,249: actually feed
02-11 14:45:55.568  1149  1471 E Websocket-gateway: Put to queue: type 3, size 453, sessionId 1969524
02-11 14:45:55.569  1149  1471 W LocalASRManager: feed,249: actually feed
02-11 14:45:55.572  1149  1471 W LocalASRManager: feed,249: actually feed
02-11 14:45:55.577  1149  1656 E Websocket-gateway: MSG_ON_RECEIVE_TEXT_FINAL_MSG 540
02-11 14:45:55.577  1149  1656 E Websocket-gateway: MSG_TYPE_SEND_BIN_ING:1969524, 453
02-11 14:45:55.578  1149  1380 E SessionProxy: suqiang_debug:sessionId=1969524, mFilterWord=
02-11 14:45:55.578  1149  1380 E SessionProxy: suqiang_debug:sessionId=1969524, mFilterWord=
02-11 14:45:55.578  1149  1546 E Performance: asr first text =   , sessionId = 1969524
02-11 14:45:55.610  1149  1471 W LocalASRManager: feed,249: actually feed
02-11 14:45:55.650  1149  1471 W LocalASRManager: feed,249: actually feed
02-11 14:45:55.690  1149  1471 E Websocket-gateway: Put to queue: type 3, size 453, sessionId 1969524
02-11 14:45:55.690  1149  1471 W LocalASRManager: feed,249: actually feed
02-11 14:45:55.691  1149  1656 E Websocket-gateway: MSG_TYPE_SEND_BIN_ING:1969524, 453
02-11 14:45:55.722  1149  1467 W UnconvWakeupManager: feed,72:feed when not started
02-11 14:45:55.726  1149  1471 W LocalASRManager: feed,249: actually feed
02-11 14:45:55.730  1149  1471 W LocalASRManager: feed,249: actually feed
02-11 14:45:55.764   880   880 E GenieTalkController:  mNextShowCorpus.clear()  size  = 0
02-11 14:45:55.772  1149  1471 W LocalASRManager: feed,249: actually feed
02-11 14:45:55.811  1149  1471 E Websocket-gateway: Put to queue: type 3, size 453, sessionId 1969524
02-11 14:45:55.813  1149  1656 E Websocket-gateway: MSG_TYPE_SEND_BIN_ING:1969524, 453
02-11 14:45:55.813  1149  1471 W LocalASRManager: feed,249: actually feed
02-11 14:45:55.827   683  2677 E AudioAttributes: Illegal value unmarshalling AudioAttributes, can't initialize bundle
02-11 14:45:55.827   683  2677 E AudioService.PlaybackActivityMonitor: Error updating audio attributes
02-11 14:45:55.829  1149  1451 W [apollo 2.17.4.113]: [MediaPlayer.cpp:647] stop - stop was already called
02-11 14:45:55.829  1149  1667 W [apollo 2.17.4.113]: [Looper.hpp:730] postInternal - TaskQueue(0x88e99578) is not running, task ignored, looper:FFmpegMediaTrack(0x87a211e0), _started:1, _detached:1
02-11 14:45:55.855  1149  1471 W LocalASRManager: feed,249: actually feed
02-11 14:45:55.890  1149  1471 I chatty  : uid=1000(system) AG-speech_dispa identical 1 line
02-11 14:45:55.892  1149  1471 W LocalASRManager: feed,249: actually feed
02-11 14:45:55.931  1149  1471 E Websocket-gateway: Put to queue: type 3, size 453, sessionId 1969524
02-11 14:45:55.932  1149  1471 W LocalASRManager: feed,249: actually feed
02-11 14:45:55.934  1149  1656 E Websocket-gateway: MSG_TYPE_SEND_BIN_ING:1969524, 453
02-11 14:45:55.968  1149  1467 E MultiModalManager: event data is  = {"param_arr":[97.500000,0.511867,87.500000,0.278005,92.500000,0.210128],"score_arr":[4268208,4269384.500000,4272899,4278700.500000,4286698.500000,4296754.500000,4308670.500000,4322179.500000,4336935,4352509.500000,4368395,4384017,4398748.500000,4411947.500000,4422989.500000,4431308.500000,4436442.500000,4438066.500000,4436024,4430338,4421210,4409005.500000,4394224,4377457.500000,4359351.500000,4340558.500000,4321701.500000,4303346.500000,4285979.500000,4270001,4255724.500000,4243378.500000,4233127.500000,4225077,4219292,4215809,4214646.500000,97.500000]}
02-11 14:45:55.971  1149  1471 W LocalASRManager: feed,249: actually feed
02-11 14:45:56.009  1149  1471 W LocalASRManager: feed,249: actually feed
02-11 14:45:56.048  1149  1471 E Websocket-gateway: Put to queue: type 3, size 453, sessionId 1969524
02-11 14:45:56.048  1149  1471 W LocalASRManager: feed,249: actually feed
02-11 14:45:56.051  1149  1471 W LocalASRManager: feed,249: actually feed
02-11 14:45:56.056  1149  1656 E Websocket-gateway: MSG_TYPE_SEND_BIN_ING:1969524, 453
02-11 14:45:56.108  1149  1471 W LocalASRManager: feed,249: actually feed
02-11 14:45:56.131  1149  1471 W LocalASRManager: feed,249: actually feed
02-11 14:45:56.169  1149  1471 E Websocket-gateway: Put to queue: type 3, size 453, sessionId 1969524
02-11 14:45:56.169  1149  1471 W LocalASRManager: feed,249: actually feed
02-11 14:45:56.178  1149  1656 E Websocket-gateway: MSG_TYPE_SEND_BIN_ING:1969524, 453
02-11 14:45:56.207  1149  1471 W LocalASRManager: feed,249: actually feed
02-11 14:45:56.209  1149  1471 I chatty  : uid=1000(system) AG-speech_dispa identical 1 line
02-11 14:45:56.251  1149  1471 W LocalASRManager: feed,249: actually feed
02-11 14:45:56.288  1149  1471 E Websocket-gateway: Put to queue: type 3, size 453, sessionId 1969524
02-11 14:45:56.290  1149  1471 W LocalASRManager: feed,249: actually feed
02-11 14:45:56.294  1149  1656 E Websocket-gateway: MSG_TYPE_SEND_BIN_ING:1969524, 453
02-11 14:45:56.332  1149  1471 W LocalASRManager: feed,249: actually feed
02-11 14:45:56.367  1149  1471 I chatty  : uid=1000(system) AG-speech_dispa identical 1 line
02-11 14:45:56.369  1149  1471 W LocalASRManager: feed,249: actually feed
02-11 14:45:56.409  1149  1471 E Websocket-gateway: Put to queue: type 3, size 453, sessionId 1969524
02-11 14:45:56.411  1149  1471 W LocalASRManager: feed,249: actually feed
02-11 14:45:56.416  1149  1656 E Websocket-gateway: MSG_TYPE_SEND_BIN_ING:1969524, 453
02-11 14:45:56.450  1149  1471 W LocalASRManager: feed,249: actually feed
02-11 14:45:56.489  1149  1471 W LocalASRManager: feed,249: actually feed
02-11 14:45:56.526  1149  1471 E Websocket-gateway: Put to queue: type 3, size 453, sessionId 1969524
02-11 14:45:56.526  1149  1471 W LocalASRManager: feed,249: actually feed
02-11 14:45:56.527  1149  1656 E Websocket-gateway: MSG_TYPE_SEND_BIN_ING:1969524, 453
02-11 14:45:56.532  1149  1471 W LocalASRManager: feed,249: actually feed
02-11 14:45:56.570  1149  1471 I chatty  : uid=1000(system) AG-speech_dispa identical 1 line
02-11 14:45:56.611  1149  1471 W LocalASRManager: feed,249: actually feed
02-11 14:45:56.654  1149  1471 E Websocket-gateway: Put to queue: type 3, size 453, sessionId 1969524
02-11 14:45:56.655  1149  1471 W LocalASRManager: feed,249: actually feed
02-11 14:45:56.663  1149  1656 E Websocket-gateway: MSG_TYPE_SEND_BIN_ING:1969524, 453
02-11 14:45:56.685  1149  1471 W LocalASRManager: feed,249: actually feed
02-11 14:45:56.688  1149  1471 I chatty  : uid=1000(system) AG-speech_dispa identical 1 line
02-11 14:45:56.732  1149  1471 W LocalASRManager: feed,249: actually feed
02-11 14:45:56.769  1149  1471 E Websocket-gateway: Put to queue: type 3, size 453, sessionId 1969524
02-11 14:45:56.771  1149  1471 W LocalASRManager: feed,249: actually feed
02-11 14:45:56.774  1149  1656 E Websocket-gateway: MSG_TYPE_SEND_BIN_ING:1969524, 453
02-11 14:45:56.812  1149  1471 W LocalASRManager: feed,249: actually feed
02-11 14:45:56.851  1149  1471 W LocalASRManager: feed,249: actually feed
02-11 14:45:56.891  1149  1471 E Websocket-gateway: Put to queue: type 3, size 453, sessionId 1969524
02-11 14:45:56.893  1149  1471 W LocalASRManager: feed,249: actually feed
02-11 14:45:56.899  1149  1656 E Websocket-gateway: MSG_TYPE_SEND_BIN_ING:1969524, 453
02-11 14:45:56.932  1149  1471 W LocalASRManager: feed,249: actually feed
02-11 14:45:56.969  1149  1471 W LocalASRManager: feed,249: actually feed
02-11 14:45:57.019  1149  1471 E Websocket-gateway: Put to queue: type 3, size 453, sessionId 1969524
02-11 14:45:57.021  1149  1656 E Websocket-gateway: MSG_TYPE_SEND_BIN_ING:1969524, 453
02-11 14:45:57.022  1149  1471 W LocalASRManager: feed,249: actually feed
02-11 14:45:57.058  1149  1471 W LocalASRManager: feed,249: actually feed
02-11 14:45:57.075  1149  1656 E Websocket-gateway: MSG_ON_RECEIVE_TEXT_FINAL_MSG 544
02-11 14:45:57.077  1149  1380 E SessionProxy: suqiang_debug:sessionId=1969524, mFilterWord=
02-11 14:45:57.077  1149  1380 E SessionProxy: suqiang_debug:sessionId=1969524, mFilterWord=
02-11 14:45:57.091  1149  1471 W LocalASRManager: feed,249: actually feed
02-11 14:45:57.133  1149  1471 E Websocket-gateway: Put to queue: type 3, size 453, sessionId 1969524
02-11 14:45:57.133  1149  1471 W LocalASRManager: feed,249: actually feed
02-11 14:45:57.137  1149  1656 E Websocket-gateway: MSG_TYPE_SEND_BIN_ING:1969524, 453
02-11 14:45:57.176  1149  1471 W LocalASRManager: feed,249: actually feed
02-11 14:45:57.180  1149  1471 I chatty  : uid=1000(system) AG-speech_dispa identical 1 line
02-11 14:45:57.221  1149  1471 W LocalASRManager: feed,249: actually feed
02-11 14:45:57.233  1149  1471 E Websocket-gateway: Put to queue: type 3, size 453, sessionId 1969524
02-11 14:45:57.235  1149  1471 W LocalASRManager: feed,249: actually feed
02-11 14:45:57.238  1149  1656 E Websocket-gateway: MSG_TYPE_SEND_BIN_ING:1969524, 453
02-11 14:45:57.252  3137  4042 W System  : ClassLoader referenced unknown path: system/framework/mediatek-cta.jar
02-11 14:45:57.289  1149  1471 W LocalASRManager: feed,249: actually feed
02-11 14:45:57.331  1149  1471 W LocalASRManager: feed,249: actually feed
02-11 14:45:57.332  1149  1467 W UnconvWakeupManager: feed,72:feed when not started
02-11 14:45:57.334  1149  1471 W LocalASRManager: feed,249: actually feed
02-11 14:45:57.370  1149  1471 E Websocket-gateway: Put to queue: type 3, size 453, sessionId 1969524
02-11 14:45:57.372  1149  1471 W LocalASRManager: feed,249: actually feed
02-11 14:45:57.375  1149  1656 E Websocket-gateway: MSG_TYPE_SEND_BIN_ING:1969524, 453
02-11 14:45:57.379   683   766 W NetworkStatsRecorder: unknown interfaces [p2p0, lo], ignoring those stats
02-11 14:45:57.412  1149  1471 W LocalASRManager: feed,249: actually feed
02-11 14:45:57.449  1149  1471 W LocalASRManager: feed,249: actually feed
02-11 14:45:57.493  1149  1471 E Websocket-gateway: Put to queue: type 3, size 453, sessionId 1969524
02-11 14:45:57.493  1149  1471 W LocalASRManager: feed,249: actually feed
02-11 14:45:57.496  1149  1471 W LocalASRManager: feed,249: actually feed
02-11 14:45:57.497  1149  1656 E Websocket-gateway: MSG_TYPE_SEND_BIN_ING:1969524, 453
02-11 14:45:57.533  1149  1471 W LocalASRManager: feed,249: actually feed
02-11 14:45:57.380   683   766 I chatty  : uid=1000(system) NetworkStats identical 2 lines
02-11 14:45:57.380   683   766 W NetworkStatsRecorder: unknown interfaces [p2p0, lo], ignoring those stats
02-11 14:45:57.549   683   719 W ActivityManager: Unable to start service Intent { act=com.alipay.arome.app.monitor.action.NOTE_TRAFIC_CONSUME pkg=com.alipay.arome.app cmp=com.alipay.arome.app/com.alipay.mobile.logmonitor.ClientMonitorService (has extras) } U=0: not found
02-11 14:45:57.555   278   388 W IMGMemtrackHAL: hal_get_memory: memtrack cache rebuild was required
02-11 14:45:57.570  1149  1471 W LocalASRManager: feed,249: actually feed
02-11 14:45:57.609  1149  1471 E Websocket-gateway: Put to queue: type 3, size 453, sessionId 1969524
02-11 14:45:57.609  1149  1471 W LocalASRManager: feed,249: actually feed
02-11 14:45:57.618  1149  1656 E Websocket-gateway: MSG_TYPE_SEND_BIN_ING:1969524, 453
02-11 14:45:57.648  1149  1471 W LocalASRManager: feed,249: actually feed
02-11 14:45:57.651  1149  1471 W LocalASRManager: feed,249: actually feed
02-11 14:45:57.679  1149  1656 E Websocket-gateway: MSG_ON_RECEIVE_TEXT_FINAL_MSG 552
02-11 14:45:57.680  1149  1380 E SessionProxy: suqiang_debug:sessionId=1969524, mFilterWord=
02-11 14:45:57.680  1149  1380 E SessionProxy: suqiang_debug:sessionId=1969524, mFilterWord=
02-11 14:45:57.692  1149  1471 W LocalASRManager: feed,249: actually feed
02-11 14:45:57.729  1149  1471 E Websocket-gateway: Put to queue: type 3, size 453, sessionId 1969524
02-11 14:45:57.731  1149  1471 W LocalASRManager: feed,249: actually feed
02-11 14:45:57.731  1149  1656 E Websocket-gateway: MSG_TYPE_SEND_BIN_ING:1969524, 453
02-11 14:45:57.776  1149  1471 W LocalASRManager: feed,249: actually feed
02-11 14:45:57.777  1149  1469 W LocalASRManager: onEouEvent,308:stop local asr by eou
02-11 14:45:57.809  1149  1656 E Websocket-gateway: MSG_ON_RECEIVE_TEXT_FINAL_MSG 542
02-11 14:45:57.809  1149  1546 E RouterManager: stop listen, feedBackListener = 1, payLoad = { "recordId": "d82fe64867e302111445549200006258", "vadDelayInMillis": 0, "vadFrameSeq": 0 }
02-11 14:45:57.811  1149  1471 W LocalASRManager: feed,249: actually feed
02-11 14:45:57.821  1149  1472 E Websocket-gateway: Put to queue: type 3, size 382, sessionId 1969524
02-11 14:45:57.822  1149  1472 E Websocket-gateway: Put to queue: type 4, size 1712, sessionId 1969524
02-11 14:45:57.823  1149  1380 E SessionProxy: stop talk sessionId = 1969524
02-11 14:45:57.823  1149  1472 E Websocket-gateway: Put to queue: type 1, size 517, sessionId 3447
02-11 14:45:57.823  1149  1472 E GcsManager: sending, requestId = 3447, eventNs = AliGenie.Microphone, eventName =Inactive
02-11 14:45:57.824  1149  1149 E NativeUIManager: iuiManager what = 1011,sessionId = 1969524
02-11 14:45:57.824  1149  1656 E Websocket-gateway: MSG_ON_RECEIVE_TEXT_FINAL_MSG 551
02-11 14:45:57.824  1149  1656 E Websocket-gateway: MSG_TYPE_SEND_BIN_ING:1969524, 382
02-11 14:45:57.824  1149  1656 E Websocket-gateway: MSG_TYPE_SEND_BIN_FINAL:1969524, 1712
02-11 14:45:57.825  1149  1656 E Websocket-gateway: MSG_TYPE_SEND_TEXT:3447, 517
02-11 14:45:57.825  1698  1982 W Bundle  : Key status expected Boolean but value was a java.lang.Integer.  The default value false was returned.
02-11 14:45:57.826  1698  1982 W Bundle  : Attempt to cast generated internal exception:
02-11 14:45:57.826  1698  1982 W Bundle  : java.lang.ClassCastException: java.lang.Integer cannot be cast to java.lang.Boolean
02-11 14:45:57.826  1698  1982 W Bundle  : 	at android.os.BaseBundle.getBoolean(BaseBundle.java:863)
02-11 14:45:57.826  1698  1982 W Bundle  : 	at com.alibaba.ailabs.genie.assistant.sdk.agis.AguiCommonCallback.onCommu(AguiCommonCallback.java:46)
02-11 14:45:57.826  1698  1982 W Bundle  : 	at com.alibaba.ailabs.ipc.remote.CommuSvr$CommuStub.onCommu(CommuSvr.java:64)
02-11 14:45:57.826  1698  1982 W Bundle  : 	at com.alibaba.ailabs.ipc.ICommu$Stub.onTransact(ICommu.java:68)
02-11 14:45:57.826  1698  1982 W Bundle  : 	at android.os.Binder.execTransact(Binder.java:697)
02-11 14:45:57.826  1149  1380 E SessionDispatch: sessionId = 1969524
02-11 14:45:57.827  1149  1380 E SessionProxy: suqiang_debug:sessionId=1969524, mFilterWord=
02-11 14:45:57.827  1149  1380 E SessionProxy: suqiang_debug:sessionId=1969524, mFilterWord=
02-11 14:45:57.856  1149  2059 W TGEngineAdapter.cpp: mainProcess,712:stop local asr again
02-11 14:45:57.976  1149  1656 E Websocket-gateway: MSG_ON_RECEIVE_TEXT_FINAL_MSG 567
02-11 14:45:57.976  1149  1546 E Performance: asr-asrResult last text =          , sessionId = 1969524
02-11 14:45:57.976  1149  1380 E SessionProxy: stream finish sessionId = 1969524, text =          
02-11 14:45:57.976  1149  1380 E SessionProxy: suqiang_debug:sessionId=1969524, mFilterWord=
02-11 14:45:57.977  1149  1380 E SessionProxy: suqiang_debug:sessionId=1969524, mFilterWord=
02-11 14:45:57.977  1149  1380 E NativeUIManager: onStreaming sessionId = 1969524streamText = 
02-11 14:45:57.978  1149  1149 E NativeUIManager: iuiManager what = 1005,sessionId = 1969524
02-11 14:45:57.978  1149  1380 E SessionDispatch: sessionId = 1969524, isFinished = 1, text = 
02-11 14:45:57.982   880   880 E GenieUiController: scheduleList: {"duration":0,"status":4,"tips":"","type":0,"who":"agis"}
02-11 14:45:57.982   880   880 E GenieUiController: scheduleList: []
02-11 14:45:57.982   880   880 E GenieUiController: checkStatusInvalid: the same status :com.alibaba.ailabs.genie.client.data.ChangeStatusReqData@4525a1f
02-11 14:45:57.982   880   880 E GenieUiController: changeStatus: 
02-11 14:45:58.089  1149  1467 E MultiModalManager: event data is  = {"param_arr":[77.500000,0.670767,82.500000,0.304206,72.500000,0.025027],"score_arr":[146263760,146284576,146346704,146449168,146590176,146767056,146975952,147211728,147467696,147735744,148006128,148267968,148509424,148718368,148883136,148993232,149040288,149018624,148925904,148763360,148535664,148250736,147919008,147552656,147164736,146768272,146375552,145997504,145643344,145320400,145034160,144788448,144585696,144427312,144313984,144245936,144223264,77.500000]}
02-11 14:45:58.298  1698  1839 W System.err: java.net.SocketTimeoutException: Poll timed out
02-11 14:45:58.298  1698  1839 W System.err: 	at libcore.io.IoBridge.poll(IoBridge.java:691)
02-11 14:45:58.298  1698  1839 W System.err: 	at java.net.PlainDatagramSocketImpl.doRecv(PlainDatagramSocketImpl.java:149)
02-11 14:45:58.299  1698  1839 W System.err: 	at java.net.PlainDatagramSocketImpl.receive0(PlainDatagramSocketImpl.java:140)
02-11 14:45:58.299  1698  1839 W System.err: 	at java.net.AbstractPlainDatagramSocketImpl.receive(AbstractPlainDatagramSocketImpl.java:143)
02-11 14:45:58.299  1698  1839 W System.err: 	at java.net.DatagramSocket.receive(DatagramSocket.java:847)
02-11 14:45:58.299  1698  1839 W System.err: 	at com.linkkit.perceive.q.c(UdpClient.java:108)
02-11 14:45:58.299  1698  1839 W System.err: 	at com.linkkit.perceive.u$1.run(UserInfoUdpServer.java:85)
02-11 14:45:58.299  1698  1839 W System.err: 	at java.util.concurrent.Executors$RunnableAdapter.call(Executors.java:457)
02-11 14:45:58.299  1698  1839 W System.err: 	at java.util.concurrent.FutureTask.run(FutureTask.java:266)
02-11 14:45:58.299  1698  1839 W System.err: 	at java.util.concurrent.ThreadPoolExecutor.runWorker(ThreadPoolExecutor.java:1162)
02-11 14:45:58.299  1698  1839 W System.err: 	at java.util.concurrent.ThreadPoolExecutor$Worker.run(ThreadPoolExecutor.java:636)
02-11 14:45:58.299  1698  1839 W System.err: 	at java.lang.Thread.run(Thread.java:764)
02-11 14:45:58.780  3137  3323 W zygote  : Unsupported class loader
02-11 14:45:58.984  1149  1467 W UnconvWakeupManager: feed,72:feed when not started
02-11 14:45:59.037  1149  1656 E Websocket-gateway: MSG_ON_RECEIVE_TEXT_MSG 8192
02-11 14:45:59.041  1149  1656 E Websocket-gateway: MSG_ON_RECEIVE_TEXT_FINAL_MSG 5945
02-11 14:45:59.043  1149  1546 E agui_log: size = 14457, offset = 14457, max_size = 4066
02-11 14:45:59.045  1149  1380 E SessionDispatch: sessionId = 1969524, code = 0, data= 1
02-11 14:45:59.047  1149  1380 E JNI_COMM: appDetailInfo = 0, app command info:1
02-11 14:45:59.047  1149  1380 E JNI_COMM: command info, domain:AliGenie.WebApp, command:ShoppingRender
02-11 14:45:59.056  1149  1380 E agui_log: size = 13797, offset = 13797, max_size = 4066
02-11 14:45:59.099   178   178 W bat_thread_kthr: type=1400 audit(0.0:142): avc: denied { write } for name="/" dev="mmcblk0p22" ino=2 scontext=u:r:kernel:s0 tcontext=u:object_r:system_data_file:s0 tclass=dir permissive=0
02-11 14:45:59.258  1149  1380 E SessionDispatch: no app client, sessionId = 1969524
