02-11 14:42:55.477  1233  1233 W ContextImpl: Calling a method in the system process without a qualified user: android.app.ContextImpl.startService:1477 android.content.ContextWrapper.startService:650 com.aligenie.ags.AgsApp.onCreate:103 android.app.Instrumentation.callApplicationOnCreate:1119 android.app.ActivityThread.handleBindApplication:5810 
02-11 14:42:55.479  1233  1233 W ContextImpl: Calling a method in the system process without a qualified user: android.app.ContextImpl.startService:1477 android.content.ContextWrapper.startService:650 com.aligenie.ags.AgsApp.onCreate:113 android.app.Instrumentation.callApplicationOnCreate:1119 android.app.ActivityThread.handleBindApplication:5810 
02-11 14:42:55.730   880   901 W ContextImpl: Calling a method in the system process without a qualified user: android.app.ContextImpl.bindService:1557 android.content.ContextWrapper.bindService:684 anetwork.channel.aidl.adapter.RemoteGetterHelper.asyncBindService:124 anetwork.channel.aidl.adapter.RemoteGetterHelper.initRemoteGetterAndWait:70 anetwork.channel.aidl.adapter.NetworkProxy.initDelegateInstance:98 
02-11 14:42:55.933  1149  1149 W ContextImpl: Calling a method in the system process without a qualified user: android.app.ContextImpl.bindService:1557 android.content.ContextWrapper.bindService:684 com.alibaba.ailabs.genie.service.GenieManageClient.getGenieManageService:313 com.alibaba.ailabs.genie.service.GenieManageClient.init:199 com.alibaba.ailabs.genie.assistant.MainApplication.init:83 
02-11 14:42:55.957  1149  1149 W ContextImpl: Calling a method in the system process without a qualified user: android.app.ContextImpl.startService:1477 android.content.ContextWrapper.startService:650 com.alibaba.ailabs.genie.assistant.MainApplication.startService:271 com.alibaba.ailabs.genie.assistant.MainApplication.init:109 com.alibaba.ailabs.genie.smartapp.SmartAppApplication.initBundleApplication:333 
02-11 14:42:55.958  1203  1203 E DexLoadReporter: Could not create the profile directory: /system/lib/oat/libsgmain.so.cur.prof
02-11 14:42:56.012   683   710 E BluetoothManagerService: Fail to bind to: Intent { act=android.bluetooth.IBluetoothHeadset }
02-11 14:42:56.012   683   710 W BluetoothManagerService: Unable to bind with intent: Intent { act=android.bluetooth.IBluetoothHeadset }
02-11 14:42:56.174  1203  1369 W ContextImpl: Calling a method in the system process without a qualified user: android.app.ContextImpl.bindService:1557 android.content.ContextWrapper.bindService:684 mtopsdk.common.util.AsyncServiceBinder.asyncBind:125 mtopsdk.xstate.XState.init:73 mtopsdk.mtop.global.init.InnerMtopInitTask.executeCoreTask:58 
02-11 14:42:56.174   683  1234 W ActivityManager: Unable to start service Intent { act=mtopsdk.xstate.aidl.IXState cat=[android.intent.category.DEFAULT] pkg=com.alibaba.ailabs.genie.custom.rtc cmp=com.alibaba.ailabs.genie.custom.rtc/mtopsdk.xstate.XStateService } U=0: not found
02-11 14:42:56.331  1203  1203 W ContextImpl: Calling a method in the system process without a qualified user: android.app.ContextImpl.startService:1477 android.content.ContextWrapper.startService:650 com.alibaba.ailabs.genie.custom.rtc.app.RTCApplication.onCreate:69 android.app.Instrumentation.callApplicationOnCreate:1119 android.app.ActivityThread.handleBindApplication:5810 
02-11 14:42:56.470   683  1125 W AppOps  : Finishing op nesting under-run: uid 1000 pkg com.alibaba.ailabs.genie.smartapp code 24 time=0 duration=0 nesting=0
02-11 14:42:56.626  1233  1233 W ContextImpl: Calling a method in the system process without a qualified user: android.app.ContextImpl.startService:1477 android.content.ContextWrapper.startService:650 com.aligenie.ags.analytics.service.ICService.onCreate:12 android.app.ActivityThread.handleCreateService:3396 android.app.ActivityThread.-wrap5:0 
02-11 14:42:56.696   288   288 W SurfaceFlingerInspector: Slow frame composition:  prepareFrame took 61 ms
02-11 14:42:56.851   366   366 W wificond: Scan is not started. Ignore abort request
02-11 14:42:57.156  1203  1375 W ActivityThread: ClassLoader.getResourceAsStream: The class loader returned by Thread.getContextClassLoader() may fail for processes that host multiple applications. You should explicitly specify a context class loader. For example: Thread.setContextClassLoader(getClass().getClassLoader());
02-11 14:42:57.620  1149  1149 W ContextImpl: Calling a method in the system process without a qualified user: android.app.ContextImpl.startService:1477 android.content.ContextWrapper.startService:650 com.alibaba.ailabs.genie.assistant.GenieAssistantUIManager.<init>:404 com.alibaba.ailabs.genie.assistant.MainApplication.init:140 com.alibaba.ailabs.genie.smartapp.SmartAppApplication.initBundleApplication:333 
02-11 14:42:57.630  1149  1149 W ContextImpl: Calling a method in the system process without a qualified user: android.app.ContextImpl.bindService:1557 android.content.ContextWrapper.bindService:684 com.alibaba.ailabs.genie.client.GenieUiClient.initial:224 com.alibaba.ailabs.genie.assistant.GenieAssistantUIManager.<init>:406 com.alibaba.ailabs.genie.assistant.MainApplication.init:140 
02-11 14:42:57.741  1149  1149 W ContextImpl: Calling a method in the system process without a qualified user: android.app.ContextImpl.bindService:1557 android.content.ContextWrapper.bindService:684 com.alibaba.ailabs.genie.client.GenieUiClient.initial:224 com.alibaba.ailabs.genie.assistant.GenieAssistantUIManager.<init>:418 com.alibaba.ailabs.genie.assistant.MainApplication.init:140 
02-11 14:42:57.757  1149  1149 W ContextImpl: Calling a method in the system process without a qualified user: android.app.ContextImpl.bindService:1557 android.content.ContextWrapper.bindService:684 com.alibaba.ailabs.genie.assistant.GenieAssistantUIManager.initAVEManagerService:399 com.alibaba.ailabs.genie.assistant.GenieAssistantUIManager.<init>:421 com.alibaba.ailabs.genie.assistant.MainApplication.init:140 
02-11 14:42:57.766   880   880 W ContextImpl: Calling a method in the system process without a qualified user: android.app.ContextImpl.bindService:1557 android.content.ContextWrapper.bindService:684 com.alibaba.ailabs.genie.genieui.GenieAssistantUiService.startAccessService:133 com.alibaba.ailabs.genie.genieui.GenieAssistantUiService.onCreate:94 android.app.ActivityThread.handleCreateService:3396 
02-11 14:42:57.917   683   775 W NetworkStatsRecorder: unknown interfaces [wlan0, p2p0, lo], ignoring those stats
02-11 14:42:57.917   683   775 W NetworkStatsRecorder: unknown interfaces [wlan0, p2p0, lo], ignoring those stats
02-11 14:42:57.917   683   775 W NetworkStatsRecorder: unknown interfaces [p2p0, lo], ignoring those stats
02-11 14:42:57.996   683   775 I chatty  : uid=1000(system) ConnectivitySer identical 4 lines
02-11 14:42:57.996   683   775 W NetworkStatsRecorder: unknown interfaces [p2p0, lo], ignoring those stats
02-11 14:42:58.109  1149  1516 W ContextImpl: Calling a method in the system process without a qualified user: android.app.ContextImpl.bindService:1557 android.content.ContextWrapper.bindService:684 com.loc.d.m:22 com.loc.d.a:0 com.loc.d$b.onLooperPrepared:9 
02-11 14:42:58.134  1149  1149 W ContextImpl: Calling a method in the system process without a qualified user: android.app.ContextImpl.startService:1477 android.content.ContextWrapper.startService:650 com.alibaba.ailabs.genie.assistant.MainApplication.init:180 com.alibaba.ailabs.genie.smartapp.SmartAppApplication.initBundleApplication:333 com.alibaba.ailabs.genie.smartapp.SmartAppApplication.modulesApplicationInit:320 
02-11 14:42:58.187  1431  1431 W ContextImpl: Calling a method in the system process without a qualified user: android.app.ContextImpl.bindService:1557 android.content.ContextWrapper.bindService:684 b.a.a.b.b.c.d.h:7 b.a.a.b.b.c.d.a:9 com.android.settings.SettingApplication.onCreate:10 
02-11 14:42:58.210  1203  1368 E DexLoadReporter: Could not create the profile directory: /system/lib/oat/libsgsecuritybody.so.cur.prof
02-11 14:42:58.274   683   707 E BatteryExternalStatsWorker: no controller energy info supplied for wifi
02-11 14:42:58.381  1431  1431 W ContextImpl: Calling a method in the system process without a qualified user: android.app.ContextImpl.bindService:1557 android.content.ContextWrapper.bindService:684 com.android.settings.DynamicSettingsDataSynchronize.k:3 com.android.settings.SettingApplication.onCreate:14 android.app.Instrumentation.callApplicationOnCreate:1119 
02-11 14:42:59.266   683   782 W ActivityManager: Unable to launch app com.android.providers.calendar/10004 for provider com.android.calendar: process is bad
02-11 14:42:59.267   683   782 E ActivityThread: Failed to find provider info for com.android.calendar
02-11 14:42:59.303   683   782 W ActivityManager: Unable to launch app com.android.providers.calendar/10004 for provider com.android.calendar: process is bad
02-11 14:42:59.306   683  1190 W BroadcastQueue: Unable to launch app com.android.providers.calendar/10004 for broadcast Intent { act=android.intent.action.PRE_BOOT_COMPLETED flg=0x2000110 cmp=com.android.providers.calendar/.CalendarUpgradeReceiver }: process is bad
02-11 14:42:59.307   683   704 W BroadcastQueue: Background execution not allowed: receiving Intent { act=android.net.wifi.STATE_CHANGE flg=0x4000010 (has extras) } to com.alibaba.ailabs.genie.custom.rtc/.common.register.RegisterReceiver
02-11 14:42:59.308   683   704 W BroadcastQueue: Background execution not allowed: receiving Intent { act=android.net.wifi.STATE_CHANGE flg=0x4000010 (has extras) } to com.alibaba.ailabs.genie.smartapp/com.alibaba.ailabs.basedomain.ui.alarm.NetWorkChangeReceiver
02-11 14:42:59.308   683   704 W BroadcastQueue: Background execution not allowed: receiving Intent { act=android.net.wifi.STATE_CHANGE flg=0x4000010 (has extras) } to com.alibaba.ailabs.genie.smartapp/com.alibaba.ailabs.genie.datacenter.DataCenterReceiver
02-11 14:42:59.308   683   704 W BroadcastQueue: Background execution not allowed: receiving Intent { act=android.net.wifi.STATE_CHANGE flg=0x4000010 (has extras) } to com.alibaba.ailabs.genie.custom.rtc/.common.register.RegisterReceiver
02-11 14:42:59.367   683   782 E ActivityThread: Failed to find provider info for com.android.calendar
02-11 14:42:59.421   683   705 W Looper  : Dispatch took 113ms on android.ui, h=Handler (com.android.server.am.PreBootBroadcaster$1) {116bd04} cb=null msg=1
02-11 14:42:59.423   683   704 W BroadcastQueue: Background execution not allowed: receiving Intent { act=android.net.wifi.STATE_CHANGE flg=0x4000010 (has extras) } to com.alibaba.ailabs.genie.smartapp/com.alibaba.ailabs.basedomain.ui.alarm.NetWorkChangeReceiver
02-11 14:42:59.423   683   704 W BroadcastQueue: Background execution not allowed: receiving Intent { act=android.net.wifi.STATE_CHANGE flg=0x4000010 (has extras) } to com.alibaba.ailabs.genie.smartapp/com.alibaba.ailabs.genie.datacenter.DataCenterReceiver
02-11 14:42:59.423   683   704 W BroadcastQueue: Background execution not allowed: receiving Intent { act=android.net.wifi.STATE_CHANGE flg=0x4000010 (has extras) } to com.alibaba.ailabs.genie.custom.rtc/.common.register.RegisterReceiver
02-11 14:42:59.431   683   704 W BroadcastQueue: Background execution not allowed: receiving Intent { act=android.net.wifi.STATE_CHANGE flg=0x4000010 (has extras) } to com.alibaba.ailabs.genie.smartapp/com.alibaba.ailabs.basedomain.ui.alarm.NetWorkChangeReceiver
02-11 14:42:59.434   683   704 W BroadcastQueue: Background execution not allowed: receiving Intent { act=android.net.wifi.STATE_CHANGE flg=0x4000010 (has extras) } to com.alibaba.ailabs.genie.smartapp/com.alibaba.ailabs.genie.datacenter.DataCenterReceiver
02-11 14:42:59.434   683   704 W BroadcastQueue: Background execution not allowed: receiving Intent { act=android.net.wifi.STATE_CHANGE flg=0x4000010 (has extras) } to com.alibaba.ailabs.genie.custom.rtc/.common.register.RegisterReceiver
02-11 14:42:59.434   683   704 W BroadcastQueue: Background execution not allowed: receiving Intent { act=android.net.wifi.STATE_CHANGE flg=0x4000010 (has extras) } to com.alibaba.ailabs.genie.smartapp/com.alibaba.ailabs.basedomain.ui.alarm.NetWorkChangeReceiver
02-11 14:42:59.434   683   704 W BroadcastQueue: Background execution not allowed: receiving Intent { act=android.net.wifi.STATE_CHANGE flg=0x4000010 (has extras) } to com.alibaba.ailabs.genie.smartapp/com.alibaba.ailabs.genie.datacenter.DataCenterReceiver
02-11 14:42:59.435   683   704 W BroadcastQueue: Background execution not allowed: receiving Intent { act=android.net.wifi.STATE_CHANGE flg=0x4000010 (has extras) } to com.alibaba.ailabs.genie.custom.rtc/.common.register.RegisterReceiver
02-11 14:42:59.435   683   704 W BroadcastQueue: Background execution not allowed: receiving Intent { act=android.net.wifi.STATE_CHANGE flg=0x4000010 (has extras) } to com.alibaba.ailabs.genie.smartapp/com.alibaba.ailabs.basedomain.ui.alarm.NetWorkChangeReceiver
02-11 14:42:59.435   683   704 W BroadcastQueue: Background execution not allowed: receiving Intent { act=android.net.wifi.STATE_CHANGE flg=0x4000010 (has extras) } to com.alibaba.ailabs.genie.smartapp/com.alibaba.ailabs.genie.datacenter.DataCenterReceiver
02-11 14:42:59.435   683   704 W BroadcastQueue: Background execution not allowed: receiving Intent { act=android.net.wifi.STATE_CHANGE flg=0x4000010 (has extras) } to com.alibaba.ailabs.genie.custom.rtc/.common.register.RegisterReceiver
02-11 14:42:59.435   683   704 W BroadcastQueue: Background execution not allowed: receiving Intent { act=android.net.wifi.STATE_CHANGE flg=0x4000010 (has extras) } to com.alibaba.ailabs.genie.smartapp/com.alibaba.ailabs.basedomain.ui.alarm.NetWorkChangeReceiver
02-11 14:42:59.435   683   704 W BroadcastQueue: Background execution not allowed: receiving Intent { act=android.net.wifi.STATE_CHANGE flg=0x4000010 (has extras) } to com.alibaba.ailabs.genie.smartapp/com.alibaba.ailabs.genie.datacenter.DataCenterReceiver
02-11 14:42:59.632   683   938 W ActivityManager: Slow operation: 84ms so far, now at startProcess: returned from zygote!
02-11 14:42:59.632   683   938 W ActivityManager: Slow operation: 84ms so far, now at startProcess: done updating battery stats
02-11 14:42:59.633   683   938 W ActivityManager: Slow operation: 85ms so far, now at startProcess: building log message
02-11 14:42:59.633   683   938 W ActivityManager: Slow operation: 85ms so far, now at startProcess: starting to update pids map
02-11 14:42:59.633   683   938 W ActivityManager: Slow operation: 85ms so far, now at startProcess: done updating pids map
02-11 14:42:59.633   683   938 W ActivityManager: Slow operation: 85ms so far, now at startProcess: done starting proc!
02-11 14:42:59.688  1431  1556 W ActivityThread: ClassLoader.getResourceAsStream: The class loader returned by Thread.getContextClassLoader() may fail for processes that host multiple applications. You should explicitly specify a context class loader. For example: Thread.setContextClassLoader(getClass().getClassLoader());
02-11 14:42:59.763   683  1551 W ActivityManager: Unable to start service Intent { act=com.google.android.gms.ads.identifier.service.START pkg=com.google.android.gms } U=0: not found
02-11 14:43:00.113  1203  1368 E DexLoadReporter: Could not create the profile directory: /system/lib/oat/libsgmisc.so.cur.prof
02-11 14:43:00.653   880   880 W ContextImpl: Calling a method in the system process without a qualified user: android.app.ContextImpl.startService:1477 android.content.ContextWrapper.startService:650 com.alibaba.ailabs.genie.time.statistics.StatisticsApplication.startService:123 com.alibaba.ailabs.genie.time.statistics.StatisticsApplication.access$000:47 com.alibaba.ailabs.genie.time.statistics.StatisticsApplication$1.run:98 
02-11 14:43:00.718   880   982 W ContextImpl: Calling a method in the system process without a qualified user: android.app.ContextImpl.bindService:1557 android.content.ContextWrapper.bindService:684 com.alibaba.analytics.AnalyticsMgr.bindService:244 com.alibaba.analytics.AnalyticsMgr.access$700:34 com.alibaba.analytics.AnalyticsMgr$UtDelayInitTask.run:624 
02-11 14:43:00.866  1203  1526 E DexLoadReporter: Could not create the profile directory: /system/lib/oat/libsgavmp.so.cur.prof
02-11 14:43:01.713  1569  1569 E DexLoadReporter: Could not create the profile directory: /system/lib/oat/libsgmain.so.cur.prof
02-11 14:43:02.016  1569  1666 W ContextImpl: Calling a method in the system process without a qualified user: android.app.ContextImpl.bindService:1557 android.content.ContextWrapper.bindService:684 mtopsdk.common.util.AsyncServiceBinder.asyncBind:125 mtopsdk.xstate.XState.init:73 mtopsdk.mtop.global.init.InnerMtopInitTask.executeCoreTask:58 
02-11 14:43:02.180  1569  1569 W ContextImpl: Calling a method in the system process without a qualified user: android.app.ContextImpl.bindService:1557 android.content.ContextWrapper.bindService:684 com.alibaba.ailabs.genie.service.GenieManageClient.getGenieManageService:313 com.alibaba.ailabs.genie.service.GenieManageClient.init:199 com.alibaba.ailabs.genie.musicplayer.App.init:92 
02-11 14:43:02.958   880   880 W ContextImpl: Calling a method in the system process without a qualified user: android.app.ContextImpl.bindService:1557 android.content.ContextWrapper.bindService:684 com.alibaba.ailabs.genie.service.GenieManageClient.getGenieManageService:313 com.alibaba.ailabs.genie.service.GenieManageClient$1.run:269 android.os.Handler.handleCallback:790 
02-11 14:43:03.116  1569  1569 W ContextImpl: Calling a method in the system process without a qualified user: android.app.ContextImpl.startService:1477 android.content.ContextWrapper.startService:650 com.alibaba.ailabs.genie.smartapp.SmartAppApplication.startIoTService:211 com.alibaba.ailabs.genie.smartapp.SmartAppApplication.startIoTProcWhenBusinessStart:185 com.alibaba.ailabs.genie.smartapp.SmartAppApplication.onCreate:173 
02-11 14:43:03.356   880  1695 W ContextImpl: Calling a method in the system process without a qualified user: android.app.ContextImpl.bindService:1557 android.content.ContextWrapper.bindService:684 com.alibaba.analytics.core.logbuilder.GoogleAdvertisingIdClient.initAdvertisingIdInfo:55 com.alibaba.analytics.core.Variables$1.run:218 java.lang.Thread.run:764 
02-11 14:43:03.359   683  1141 W ActivityManager: Unable to start service Intent { act=com.google.android.gms.ads.identifier.service.START pkg=com.google.android.gms } U=0: not found
02-11 14:43:03.968   880   982 W ContextImpl: Calling a method in the system process without a qualified user: android.app.ContextImpl.sendBroadcast:967 android.content.ContextWrapper.sendBroadcast:437 com.alibaba.analytics.core.config.UTConfigMgr.postServerConfig:57 com.alibaba.analytics.core.config.SystemConfigMgr.dispatch:167 com.alibaba.analytics.core.config.SystemConfigMgr.updateConfig:149 
02-11 14:43:04.021   880   982 W ContextImpl: Calling a method in the system process without a qualified user: android.app.ContextImpl.sendBroadcast:967 android.content.ContextWrapper.sendBroadcast:437 com.alibaba.analytics.core.config.UTConfigMgr.postServerConfig:57 com.alibaba.analytics.core.config.SystemConfigMgr.dispatch:167 com.alibaba.analytics.core.config.SystemConfigMgr.updateConfig:149 
02-11 14:43:04.107  1569  1665 E DexLoadReporter: Could not create the profile directory: /system/lib/oat/libsgsecuritybody.so.cur.prof
02-11 14:43:04.157   880   982 W ContextImpl: Calling a method in the system process without a qualified user: android.app.ContextImpl.sendBroadcast:967 android.content.ContextWrapper.sendBroadcast:437 com.alibaba.analytics.core.config.UTConfigMgr.postServerConfig:57 com.alibaba.analytics.core.config.SystemConfigMgr.dispatch:167 com.alibaba.analytics.core.config.SystemConfigMgr.updateConfig:149 
02-11 14:43:04.256  1698  1698 W ContextImpl: Calling a method in the system process without a qualified user: android.app.ContextImpl.bindService:1557 android.content.ContextWrapper.bindService:684 com.alibaba.ailabs.genie.logger.sdk.GLog.bindLoggerService:141 com.alibaba.ailabs.genie.logger.sdk.GLog.init:69 com.alibaba.ailabs.iot.smartapp_genie_platform_implement.service.IoTConnectionLayerProvider.onInit:27 
02-11 14:43:04.572  1569  1665 E DexLoadReporter: Could not create the profile directory: /system/lib/oat/libsgmisc.so.cur.prof
02-11 14:43:05.045  1698  1698 E DexLoadReporter: Could not create the profile directory: /system/lib/oat/libsgmain.so.cur.prof
02-11 14:43:06.700  1203  1370 W ContextImpl: Calling a method in the system process without a qualified user: android.app.ContextImpl.bindService:1557 android.content.ContextWrapper.bindService:684 com.alibaba.analytics.AnalyticsMgr.bindService:244 com.alibaba.analytics.AnalyticsMgr.access$700:34 com.alibaba.analytics.AnalyticsMgr$UtDelayInitTask.run:624 
02-11 14:43:06.755  1698  1698 W ActivityThread: ClassLoader.getResourceAsStream: The class loader returned by Thread.getContextClassLoader() may fail for processes that host multiple applications. You should explicitly specify a context class loader. For example: Thread.setContextClassLoader(getClass().getClassLoader());
02-11 14:43:06.852  1203  1811 W ContextImpl: Calling a method in the system process without a qualified user: android.app.ContextImpl.bindService:1557 android.content.ContextWrapper.bindService:684 com.alibaba.analytics.core.logbuilder.GoogleAdvertisingIdClient.initAdvertisingIdInfo:55 com.alibaba.analytics.core.Variables$1.run:218 java.lang.Thread.run:764 
02-11 14:43:06.853   683  1141 W ActivityManager: Unable to start service Intent { act=com.google.android.gms.ads.identifier.service.START pkg=com.google.android.gms } U=0: not found
02-11 14:43:06.899  1203  1370 W ContextImpl: Calling a method in the system process without a qualified user: android.app.ContextImpl.sendBroadcast:967 android.content.ContextWrapper.sendBroadcast:437 com.alibaba.analytics.core.config.UTConfigMgr.postServerConfig:57 com.alibaba.analytics.core.config.SystemConfigMgr.dispatch:167 com.alibaba.analytics.core.config.SystemConfigMgr.updateConfig:149 
02-11 14:43:06.906  1203  1370 I chatty  : uid=1000(system) Analytics_Clien identical 1 line
02-11 14:43:06.912  1203  1370 W ContextImpl: Calling a method in the system process without a qualified user: android.app.ContextImpl.sendBroadcast:967 android.content.ContextWrapper.sendBroadcast:437 com.alibaba.analytics.core.config.UTConfigMgr.postServerConfig:57 com.alibaba.analytics.core.config.SystemConfigMgr.dispatch:167 com.alibaba.analytics.core.config.SystemConfigMgr.updateConfig:149 
02-11 14:43:07.085  1203  1376 W ContextImpl: Calling a method in the system process without a qualified user: android.app.ContextImpl.sendBroadcast:967 android.content.ContextWrapper.sendBroadcast:437 com.alibaba.analytics.core.config.UTConfigMgr.postServerConfig:57 com.alibaba.analytics.core.config.UTBussinessConfBiz.onOrangeConfigurationArrive:20 com.alibaba.analytics.core.config.UTBaseConfMgr._dispatchConfig:257 
02-11 14:43:07.816  1698  1803 W ContextImpl: Calling a method in the system process without a qualified user: android.app.ContextImpl.bindService:1557 android.content.ContextWrapper.bindService:684 mtopsdk.common.util.AsyncServiceBinder.asyncBind:125 mtopsdk.xstate.a.a:73 mtopsdk.mtop.global.init.InnerMtopInitTask.executeCoreTask:58 
02-11 14:43:07.847   683   785 W ActivityManager: Unable to start service Intent { act=mtopsdk.xstate.aidl.IXState cat=[android.intent.category.DEFAULT] pkg=com.alibaba.ailabs.genie.iot cmp=com.alibaba.ailabs.genie.iot/mtopsdk.xstate.XStateService } U=0: not found
02-11 14:43:08.080   683   703 W ActivityManager: Unable to start service Intent { cmp=com.android.printspooler/.model.PrintSpoolerService } U=0: not found
02-11 14:43:08.109  1203  1800 W ContextImpl: Calling a method in the system process without a qualified user: android.app.ContextImpl.bindService:1557 android.content.ContextWrapper.bindService:684 anetwork.channel.aidl.adapter.RemoteGetterHelper.asyncBindService:124 anetwork.channel.aidl.adapter.RemoteGetterHelper.initRemoteGetterAndWait:70 anetwork.channel.aidl.adapter.NetworkProxy.initDelegateInstance:98 
02-11 14:43:08.110   683   863 W ActivityManager: Unable to start service Intent { act=anetwork.channel.aidl.IRemoteNetworkGetter cat=[android.intent.category.DEFAULT] cmp=com.alibaba.ailabs.genie.custom.rtc/anetwork.channel.aidl.NetworkService } U=0: not found
02-11 14:43:08.410   683   863 W BroadcastQueue: Background execution not allowed: receiving Intent { act=android.net.wifi.STATE_CHANGE flg=0x4000010 (has extras) } to com.alibaba.ailabs.genie.custom.rtc/.common.register.RegisterReceiver
02-11 14:43:08.411   683   704 W BroadcastQueue: Background execution not allowed: receiving Intent { act=android.net.wifi.STATE_CHANGE flg=0x4000010 (has extras) } to com.alibaba.ailabs.genie.smartapp/com.alibaba.ailabs.basedomain.ui.alarm.NetWorkChangeReceiver
02-11 14:43:08.411   683   704 W BroadcastQueue: Background execution not allowed: receiving Intent { act=android.net.wifi.STATE_CHANGE flg=0x4000010 (has extras) } to com.alibaba.ailabs.genie.smartapp/com.alibaba.ailabs.genie.datacenter.DataCenterReceiver
02-11 14:43:08.411   683   704 W BroadcastQueue: Background execution not allowed: receiving Intent { act=android.net.wifi.STATE_CHANGE flg=0x4000010 (has extras) } to com.alibaba.ailabs.genie.custom.rtc/.common.register.RegisterReceiver
02-11 14:43:08.411   683   704 W BroadcastQueue: Background execution not allowed: receiving Intent { act=android.net.wifi.STATE_CHANGE flg=0x4000010 (has extras) } to com.alibaba.ailabs.genie.smartapp/com.alibaba.ailabs.basedomain.ui.alarm.NetWorkChangeReceiver
02-11 14:43:08.411   683   704 W BroadcastQueue: Background execution not allowed: receiving Intent { act=android.net.wifi.STATE_CHANGE flg=0x4000010 (has extras) } to com.alibaba.ailabs.genie.smartapp/com.alibaba.ailabs.genie.datacenter.DataCenterReceiver
02-11 14:43:08.411   683   704 W BroadcastQueue: Background execution not allowed: receiving Intent { act=android.net.wifi.STATE_CHANGE flg=0x4000010 (has extras) } to com.alibaba.ailabs.genie.custom.rtc/.common.register.RegisterReceiver
02-11 14:43:08.412   683   704 W BroadcastQueue: Background execution not allowed: receiving Intent { act=android.net.wifi.STATE_CHANGE flg=0x4000010 (has extras) } to com.alibaba.ailabs.genie.smartapp/com.alibaba.ailabs.basedomain.ui.alarm.NetWorkChangeReceiver
02-11 14:43:08.412   683   704 W BroadcastQueue: Background execution not allowed: receiving Intent { act=android.net.wifi.STATE_CHANGE flg=0x4000010 (has extras) } to com.alibaba.ailabs.genie.smartapp/com.alibaba.ailabs.genie.datacenter.DataCenterReceiver
02-11 14:43:08.417  1698  1802 E DexLoadReporter: Could not create the profile directory: /system/lib/oat/libsgsecuritybody.so.cur.prof
02-11 14:43:08.584  1698  1802 E DexLoadReporter: Could not create the profile directory: /system/lib/oat/libsgmisc.so.cur.prof
02-11 14:43:08.646   880   880 W ContextImpl: Calling a method in the system process without a qualified user: android.app.ContextImpl.startService:1477 android.content.ContextWrapper.startService:650 android.content.ContextWrapper.startService:650 com.alibaba.ailabs.genie.utils.DataCenterUtils.uploadDndModeInfo:216 com.alibaba.ailabs.genie.datacenter.DataCenterReceiver.onReceive:239 
02-11 14:43:08.712   683   863 W ActivityManager: Slow operation: 56ms so far, now at startProcess: returned from zygote!
02-11 14:43:08.712   683   863 W ActivityManager: Slow operation: 57ms so far, now at startProcess: done updating battery stats
02-11 14:43:08.713   683   863 W ActivityManager: Slow operation: 57ms so far, now at startProcess: building log message
02-11 14:43:08.713   683   863 W ActivityManager: Slow operation: 57ms so far, now at startProcess: starting to update pids map
02-11 14:43:08.713   683   863 W ActivityManager: Slow operation: 57ms so far, now at startProcess: done updating pids map
02-11 14:43:08.713   683   863 W ActivityManager: Slow operation: 58ms so far, now at startProcess: done starting proc!
02-11 14:43:08.976  1569  1850 E DexLoadReporter: Could not create the profile directory: /system/lib/oat/libsgavmp.so.cur.prof
02-11 14:43:09.215  1698  1856 E DexLoadReporter: Could not create the profile directory: /system/lib/oat/libsgavmp.so.cur.prof
02-11 14:43:09.632   880  1696 W ContextImpl: Calling a method in the system process without a qualified user: android.app.ContextImpl.sendBroadcast:967 android.content.ContextWrapper.sendBroadcast:437 com.alibaba.analytics.core.config.UTConfigMgr.postServerConfig:57 com.alibaba.analytics.core.config.UTBussinessConfBiz.onOrangeConfigurationArrive:20 com.alibaba.analytics.core.config.UTBaseConfMgr._dispatchConfig:257 
02-11 14:43:10.995   880   880 W ContextImpl: Calling a method in the system process without a qualified user: android.app.ContextImpl.startService:1477 android.content.ContextWrapper.startService:650 com.alibaba.ailabs.genie.task.TaskApplication.startTaskService:89 com.alibaba.ailabs.genie.task.TaskApplication.access$000:27 com.alibaba.ailabs.genie.task.TaskApplication$1.run:48 
02-11 14:43:11.135   880   880 W ContextImpl: Calling a method in the system process without a qualified user: android.app.ContextImpl.startService:1477 android.content.ContextWrapper.startService:650 com.alibaba.ailabs.genie.task.TaskApplication.startAbcService:102 com.alibaba.ailabs.genie.task.TaskApplication$1.run:50 com.alibaba.ailabs.genie.utils.task.UIHandler$RunnableWrapper.run:26 
02-11 14:43:11.463   880   880 W ContextImpl: Calling a method in the system process without a qualified user: android.app.ContextImpl.startService:1477 android.content.ContextWrapper.startService:650 com.alibaba.ailabs.genie.utils.DataCenterUtils.startDataCenterService:235 com.alibaba.ailabs.genie.datacenter.DataCenterReceiver.handleNetworkStateChanged:285 com.alibaba.ailabs.genie.datacenter.DataCenterReceiver.onReceive:202 
02-11 14:43:11.465   880   880 W ContextImpl: Calling a method in the system process without a qualified user: android.app.ContextImpl.startService:1477 android.content.ContextWrapper.startService:650 com.alibaba.ailabs.genie.datacenter.DataCenterReceiver.onReceive:209 android.app.LoadedApk$ReceiverDispatcher$Args.lambda$-android_app_LoadedApk$ReceiverDispatcher$Args_52497:1313 android.app.-$Lambda$aS31cHIhRx41653CMnd4gZqshIQ.$m$7:4 
02-11 14:43:11.722   880   880 W ContextImpl: Calling a method in the system process without a qualified user: android.app.ContextImpl.bindService:1557 android.content.ContextWrapper.bindService:684 com.alibaba.ailabs.genie.message.popwindow.MessageClient.bindService:460 com.alibaba.ailabs.genie.message.MessageCenterApplication$1.run:21 android.os.Handler.handleCallback:790 
02-11 14:43:12.049  1569  1669 W ContextImpl: Calling a method in the system process without a qualified user: android.app.ContextImpl.bindService:1557 android.content.ContextWrapper.bindService:684 com.alibaba.analytics.AnalyticsMgr.bindService:244 com.alibaba.analytics.AnalyticsMgr.access$700:34 com.alibaba.analytics.AnalyticsMgr$UtDelayInitTask.run:624 
02-11 14:43:12.262  1569  1569 W ContextImpl: Calling a method in the system process without a qualified user: android.app.ContextImpl.startService:1477 android.content.ContextWrapper.startService:650 android.content.ContextWrapper.startService:650 com.alibaba.ailabs.basedomain.ui.BaseService.startSelf:408 com.alibaba.ailabs.basedomain.common.UserInfoChangeReceiver.onReceive:27 
02-11 14:43:12.724   880   880 W ContextImpl: Calling a method in the system process without a qualified user: android.app.ContextImpl.bindService:1557 android.content.ContextWrapper.bindService:684 com.alibaba.ailabs.genie.message.client.MessageCenterClient.bindService:81 com.alibaba.ailabs.genie.message.client.MessageCenterClient.init:47 com.alibaba.genie.waft.gcs.featurefeedback.FeatureFeedbackApplication.initMessageCenter:52 
02-11 14:43:13.447  1698  1835 W ContextImpl: Calling a method in the system process without a qualified user: android.app.ContextImpl.bindService:1557 android.content.ContextWrapper.bindService:684 anetwork.channel.aidl.adapter.c.a:124 anetwork.channel.aidl.adapter.c.a:70 anetwork.channel.aidl.adapter.b.a:98 
02-11 14:43:13.448   683  1142 W ActivityManager: Unable to start service Intent { act=anetwork.channel.aidl.IRemoteNetworkGetter cat=[android.intent.category.DEFAULT] cmp=com.alibaba.ailabs.genie.iot/anetwork.channel.aidl.a } U=0: not found
02-11 14:43:14.243  2003  2003 E DexLoadReporter: Could not create the profile directory: /system/lib/oat/libsgmain.so.cur.prof
02-11 14:43:15.210   880   880 W ContextImpl: Calling a method in the system process without a qualified user: android.app.ContextImpl.startService:1477 android.content.ContextWrapper.startService:650 android.content.ContextWrapper.startService:650 com.alibaba.ailabs.genie.utils.DataCenterUtils.startDataCenterService:235 com.alibaba.ailabs.genie.datacenter.DataCenterReceiver.onReceive:215 
02-11 14:43:15.255   880  1325 W ContextImpl: Calling a method in the system process without a qualified user: android.app.ContextImpl.startService:1477 com.alibaba.ailabs.genie.router.GenieAIRouter.openByUri:793 com.alibaba.ailabs.genie.router.GenieAIRouter.uriProcess:555 com.alibaba.ailabs.genie.router.GenieAIRouter.open:309 com.alibaba.ailabs.genie.router.service.GenieRouterService.onCommu:81 
02-11 14:43:15.362  2003  2087 W ContextImpl: Calling a method in the system process without a qualified user: android.app.ContextImpl.bindService:1557 android.content.ContextWrapper.bindService:684 mtopsdk.common.util.AsyncServiceBinder.asyncBind:125 mtopsdk.xstate.XState.a:73 mtopsdk.mtop.global.init.InnerMtopInitTask.executeCoreTask:58 
02-11 14:43:15.363   683  1142 W ActivityManager: Unable to start service Intent { act=mtopsdk.xstate.aidl.IXState cat=[android.intent.category.DEFAULT] pkg=com.alibaba.ailabs.genie.rtc cmp=com.alibaba.ailabs.genie.rtc/mtopsdk.xstate.XStateService } U=0: not found
02-11 14:43:15.373   880  1842 W ContextImpl: Calling a method in the system process without a qualified user: android.app.ContextImpl.startService:1477 com.alibaba.ailabs.genie.router.GenieAIRouter.openByUri:793 com.alibaba.ailabs.genie.router.GenieAIRouter.uriProcess:555 com.alibaba.ailabs.genie.router.GenieAIRouter.open:309 com.alibaba.ailabs.genie.router.service.GenieRouterService.onCommu:81 
02-11 14:43:15.436   880  1325 W ContextImpl: Calling a method in the system process without a qualified user: android.app.ContextImpl.startService:1477 com.alibaba.ailabs.genie.router.GenieAIRouter.openByUri:793 com.alibaba.ailabs.genie.router.GenieAIRouter.uriProcess:555 com.alibaba.ailabs.genie.router.GenieAIRouter.open:309 com.alibaba.ailabs.genie.router.service.GenieRouterService.onCommu:81 
02-11 14:43:15.530   880  1842 W ContextImpl: Calling a method in the system process without a qualified user: android.app.ContextImpl.startService:1477 com.alibaba.ailabs.genie.router.GenieAIRouter.openByUri:793 com.alibaba.ailabs.genie.router.GenieAIRouter.uriProcess:555 com.alibaba.ailabs.genie.router.GenieAIRouter.open:309 com.alibaba.ailabs.genie.router.service.GenieRouterService.onCommu:81 
02-11 14:43:15.585   880  1842 W ContextImpl: Calling a method in the system process without a qualified user: android.app.ContextImpl.startService:1477 com.alibaba.ailabs.genie.router.GenieAIRouter.openByUri:793 com.alibaba.ailabs.genie.router.GenieAIRouter.uriProcess:555 com.alibaba.ailabs.genie.router.GenieAIRouter.open:309 com.alibaba.ailabs.genie.router.service.GenieRouterService.onCommu:81 
02-11 14:43:15.606   683   683 E NotificationService: Muting recently noisy 0|com.alibaba.ailabs.genie.iot|1|null|1000
02-11 14:43:15.665   880  1325 W ContextImpl: Calling a method in the system process without a qualified user: android.app.ContextImpl.startService:1477 com.alibaba.ailabs.genie.router.GenieAIRouter.openByUri:793 com.alibaba.ailabs.genie.router.GenieAIRouter.uriProcess:555 com.alibaba.ailabs.genie.router.GenieAIRouter.open:309 com.alibaba.ailabs.genie.router.service.GenieRouterService.onCommu:81 
02-11 14:43:15.728   880  1325 W ContextImpl: Calling a method in the system process without a qualified user: android.app.ContextImpl.startService:1477 com.alibaba.ailabs.genie.router.GenieAIRouter.openByUri:793 com.alibaba.ailabs.genie.router.GenieAIRouter.uriProcess:555 com.alibaba.ailabs.genie.router.GenieAIRouter.open:309 com.alibaba.ailabs.genie.router.service.GenieRouterService.onCommu:81 
02-11 14:43:15.817   683   683 E NotificationService: Muting recently noisy 0|com.alibaba.ailabs.genie.iot|1|null|1000
02-11 14:43:15.955   683   683 E NotificationService: Muting recently noisy 0|com.alibaba.ailabs.genie.iot|1|null|1000
02-11 14:43:16.025   880  1842 W ContextImpl: Calling a method in the system process without a qualified user: android.app.ContextImpl.startService:1477 com.alibaba.ailabs.genie.router.GenieAIRouter.openByUri:793 com.alibaba.ailabs.genie.router.GenieAIRouter.uriProcess:555 com.alibaba.ailabs.genie.router.GenieAIRouter.open:309 com.alibaba.ailabs.genie.router.service.GenieRouterService.onCommu:81 
02-11 14:43:16.316   683   683 E NotificationService: Muting recently noisy 0|com.alibaba.ailabs.genie.iot|1|null|1000
02-11 14:43:16.748   683   766 W NetworkStatsRecorder: unknown interfaces [p2p0, lo], ignoring those stats
02-11 14:43:16.754   683   766 I chatty  : uid=1000(system) NetworkStats identical 2 lines
02-11 14:43:16.757   683   766 W NetworkStatsRecorder: unknown interfaces [p2p0, lo], ignoring those stats
02-11 14:43:16.911   880  1325 W ContextImpl: Calling a method in the system process without a qualified user: android.app.ContextImpl.startService:1477 com.alibaba.ailabs.genie.router.GenieAIRouter.openByUri:793 com.alibaba.ailabs.genie.router.GenieAIRouter.uriProcess:555 com.alibaba.ailabs.genie.router.GenieAIRouter.open:309 com.alibaba.ailabs.genie.router.service.GenieRouterService.onCommu:81 
02-11 14:43:17.303   880  1842 W ContextImpl: Calling a method in the system process without a qualified user: android.app.ContextImpl.startService:1477 com.alibaba.ailabs.genie.router.GenieAIRouter.openByUri:793 com.alibaba.ailabs.genie.router.GenieAIRouter.uriProcess:555 com.alibaba.ailabs.genie.router.GenieAIRouter.open:309 com.alibaba.ailabs.genie.router.service.GenieRouterService.onCommu:81 
02-11 14:43:17.306   880  1020 W ContextImpl: Calling a method in the system process without a qualified user: android.app.ContextImpl.startService:1477 com.alibaba.ailabs.genie.router.GenieAIRouter.openByUri:793 com.alibaba.ailabs.genie.router.GenieAIRouter.uriProcess:555 com.alibaba.ailabs.genie.router.GenieAIRouter.open:309 com.alibaba.ailabs.genie.router.service.GenieRouterService.onCommu:81 
02-11 14:43:17.320   880  1020 W ContextImpl: Calling a method in the system process without a qualified user: android.app.ContextImpl.startService:1477 com.alibaba.ailabs.genie.router.GenieAIRouter.openByUri:793 com.alibaba.ailabs.genie.router.GenieAIRouter.uriProcess:555 com.alibaba.ailabs.genie.router.GenieAIRouter.open:309 com.alibaba.ailabs.genie.router.service.GenieRouterService.onCommu:81 
02-11 14:43:17.959  1698  1836 W ContextImpl: Calling a method in the system process without a qualified user: android.app.ContextImpl.bindService:1557 android.content.ContextWrapper.bindService:684 com.alibaba.analytics.AnalyticsMgr.bindService:244 com.alibaba.analytics.AnalyticsMgr.access$700:34 com.alibaba.analytics.AnalyticsMgr$UtDelayInitTask.run:624 
02-11 14:43:17.998   683   683 E NotificationService: Muting recently noisy 0|com.alibaba.ailabs.genie.iot|1|null|1000
02-11 14:43:18.125   683   703 E RemotePrintSpooler: Error pruning approved print services.
02-11 14:43:18.125   683   703 E RemotePrintSpooler: java.util.concurrent.TimeoutException: Cannot get spooler!
02-11 14:43:18.125   683   703 E RemotePrintSpooler: 	at com.android.server.print.RemotePrintSpooler.bindLocked(RemotePrintSpooler.java:631)
02-11 14:43:18.125   683   703 E RemotePrintSpooler: 	at com.android.server.print.RemotePrintSpooler.getRemoteInstanceLazy(RemotePrintSpooler.java:592)
02-11 14:43:18.125   683   703 E RemotePrintSpooler: 	at com.android.server.print.RemotePrintSpooler.pruneApprovedPrintServices(RemotePrintSpooler.java:509)
02-11 14:43:18.125   683   703 E RemotePrintSpooler: 	at com.android.server.print.UserState.prunePrintServices(UserState.java:1014)
02-11 14:43:18.125   683   703 E RemotePrintSpooler: 	at com.android.server.print.UserState.<init>(UserState.java:165)
02-11 14:43:18.125   683   703 E RemotePrintSpooler: 	at com.android.server.print.PrintManagerService$PrintManagerImpl.getOrCreateUserStateLocked(PrintManagerService.java:842)
02-11 14:43:18.125   683   703 E RemotePrintSpooler: 	at com.android.server.print.PrintManagerService$PrintManagerImpl.-wrap0(Unknown Source:0)
02-11 14:43:18.125   683   703 E RemotePrintSpooler: 	at com.android.server.print.PrintManagerService$PrintManagerImpl$3.run(PrintManagerService.java:863)
02-11 14:43:18.125   683   703 E RemotePrintSpooler: 	at android.os.Handler.handleCallback(Handler.java:790)
02-11 14:43:18.125   683   703 E RemotePrintSpooler: 	at android.os.Handler.dispatchMessage(Handler.java:99)
02-11 14:43:18.125   683   703 E RemotePrintSpooler: 	at android.os.Looper.loop(Looper.java:164)
02-11 14:43:18.125   683   703 E RemotePrintSpooler: 	at android.os.HandlerThread.run(HandlerThread.java:65)
02-11 14:43:18.177   683   703 W ActivityManager: Unable to start service Intent { cmp=com.android.printspooler/.model.PrintSpoolerService } U=0: not found
02-11 14:43:18.343  1569  1569 W ContextImpl: Calling a method in the system process without a qualified user: android.app.ContextImpl.startService:1477 android.content.ContextWrapper.startService:650 android.content.ContextWrapper.startService:650 com.alibaba.ailabs.basedomain.ui.BaseService.startSelf:408 com.alibaba.ailabs.basedomain.common.UserInfoChangeReceiver.onReceive:34 
02-11 14:43:18.560   868   868 W ContextImpl: Calling a method in the system process without a qualified user: android.app.ContextImpl.startService:1477 android.content.ContextWrapper.startService:650 android.content.ContextWrapper.startService:650 com.alibaba.ailabs.genie.osupdate.UpdateBroadcastReceiver.onReceive:22 android.app.ActivityThread.handleReceiver:3244 
02-11 14:43:18.566   683  1190 W BroadcastQueue: Unable to launch app com.aliyun.uuid/1000 for broadcast Intent { act=android.intent.action.BOOT_COMPLETED flg=0x9000010 (has extras) }: process is bad
02-11 14:43:18.570   868   958 W ContextImpl: Calling a method in the system process without a qualified user: android.app.ContextImpl.sendBroadcast:967 android.content.ContextWrapper.sendBroadcast:437 com.alibaba.ailabs.genie.osupdate.UpdateService.sendSystemUpdateCompletedBroadcast:1657 com.alibaba.ailabs.genie.osupdate.UpdateService.onBootup:1090 com.alibaba.ailabs.genie.osupdate.UpdateService.access$1100:58 
02-11 14:43:18.575   880   880 W ContextImpl: Calling a method in the system process without a qualified user: android.app.ContextImpl.startService:1477 android.content.ContextWrapper.startService:650 com.alibaba.ailabs.genie.utils.DataCenterUtils.startDataCenterService:235 com.alibaba.ailabs.genie.datacenter.DataCenterReceiver.onReceive:89 android.app.LoadedApk$ReceiverDispatcher$Args.lambda$-android_app_LoadedApk$ReceiverDispatcher$Args_52497:1313 
02-11 14:43:18.631   683  1190 W ActivityManager: Slow operation: 52ms so far, now at startProcess: returned from zygote!
02-11 14:43:18.631   683  1190 W ActivityManager: Slow operation: 52ms so far, now at startProcess: done updating battery stats
02-11 14:43:18.632   683  1190 W ActivityManager: Slow operation: 52ms so far, now at startProcess: building log message
02-11 14:43:18.632   683  1190 W ActivityManager: Slow operation: 53ms so far, now at startProcess: starting to update pids map
02-11 14:43:18.632   683  1190 W ActivityManager: Slow operation: 53ms so far, now at startProcess: done updating pids map
02-11 14:43:18.632   683  1190 W ActivityManager: Slow operation: 53ms so far, now at startProcess: done starting proc!
02-11 14:43:19.224   683   861 W Watchdog: **Get SF Time **0
02-11 14:43:19.224   683   861 W Watchdog: SWT Watchdog before synchronized:50056
02-11 14:43:19.224   683   861 W Watchdog: SWT Watchdog after synchronized:50056
02-11 14:43:19.229   683   683 E NotificationService: Muting recently noisy 0|com.alibaba.ailabs.genie.iot|1|null|1000
02-11 14:43:19.392   683   683 I chatty  : uid=1000 system_server identical 1 line
02-11 14:43:19.687   683   683 E NotificationService: Muting recently noisy 0|com.alibaba.ailabs.genie.iot|1|null|1000
02-11 14:43:19.724  2178  2178 E DexLoadReporter: Could not create the profile directory: /system/lib/oat/libsgmain.so.cur.prof
02-11 14:43:20.052  2178  2229 W ContextImpl: Calling a method in the system process without a qualified user: android.app.ContextImpl.bindService:1557 android.content.ContextWrapper.bindService:684 mtopsdk.common.util.AsyncServiceBinder.asyncBind:125 mtopsdk.xstate.XState.a:73 mtopsdk.mtop.global.init.InnerMtopInitTask.executeCoreTask:58 
02-11 14:43:20.053   683   785 W ActivityManager: Unable to start service Intent { act=mtopsdk.xstate.aidl.IXState cat=[android.intent.category.DEFAULT] pkg=com.alibaba.ailabs.genie.rtc cmp=com.alibaba.ailabs.genie.rtc/mtopsdk.xstate.XStateService } U=0: not found
02-11 14:43:20.148  2178  2178 W ContextImpl: Calling a method in the system process without a qualified user: android.app.ContextImpl.startForegroundService:1483 android.content.ContextWrapper.startForegroundService:655 com.alibaba.ailabs.genie.rtc.app.RTCNotifyService.start:34 com.alibaba.ailabs.genie.rtc.alive.BootMsgReceiver.onReceive:20 android.app.ActivityThread.handleReceiver:3244 
02-11 14:43:20.231   683   683 E NotificationService: Muting recently noisy 0|com.alibaba.ailabs.genie.rtc|1|null|1000
02-11 14:43:20.298  2178  2234 W ActivityThread: ClassLoader.getResourceAsStream: The class loader returned by Thread.getContextClassLoader() may fail for processes that host multiple applications. You should explicitly specify a context class loader. For example: Thread.setContextClassLoader(getClass().getClassLoader());
02-11 14:43:20.508  2178  2259 W ContextImpl: Calling a method in the system process without a qualified user: android.app.ContextImpl.bindService:1557 android.content.ContextWrapper.bindService:684 com.taobao.orange.OrangeConfigImpl.b:518 com.taobao.orange.OrangeConfigImpl.a:490 com.taobao.orange.OrangeConfigImpl$2.run:97 
02-11 14:43:20.810  1698  2277 W ContextImpl: Calling a method in the system process without a qualified user: android.app.ContextImpl.bindService:1557 android.content.ContextWrapper.bindService:684 com.alibaba.analytics.core.logbuilder.GoogleAdvertisingIdClient.initAdvertisingIdInfo:55 com.alibaba.analytics.core.Variables$1.run:218 java.lang.Thread.run:764 
02-11 14:43:20.819   683  1141 W ActivityManager: Unable to start service Intent { act=com.google.android.gms.ads.identifier.service.START pkg=com.google.android.gms } U=0: not found
02-11 14:43:21.313  1698  1836 W ContextImpl: Calling a method in the system process without a qualified user: android.app.ContextImpl.sendBroadcast:967 android.content.ContextWrapper.sendBroadcast:437 com.alibaba.analytics.core.config.UTConfigMgr.postServerConfig:57 com.alibaba.analytics.core.config.SystemConfigMgr.dispatch:167 com.alibaba.analytics.core.config.SystemConfigMgr.updateConfig:149 
02-11 14:43:21.540  1698  1836 I chatty  : uid=1000(system) Analytics_Clien identical 1 line
02-11 14:43:21.643  1698  1836 W ContextImpl: Calling a method in the system process without a qualified user: android.app.ContextImpl.sendBroadcast:967 android.content.ContextWrapper.sendBroadcast:437 com.alibaba.analytics.core.config.UTConfigMgr.postServerConfig:57 com.alibaba.analytics.core.config.SystemConfigMgr.dispatch:167 com.alibaba.analytics.core.config.SystemConfigMgr.updateConfig:149 
02-11 14:43:21.807  1569  1569 W ContextImpl: Calling a method in the system process without a qualified user: android.app.ContextImpl.startService:1477 android.content.ContextWrapper.startService:650 android.content.ContextWrapper.startService:650 com.alibaba.ailabs.basedomain.ui.BaseService.startSelf:408 com.alibaba.ailabs.basedomain.ui.alarm.AutoStartBroadcastReceiver.startAlarmService:91 
02-11 14:43:22.018  2178  2308 E DexLoadReporter: Could not create the profile directory: /system/lib/oat/libsgsecuritybody.so.cur.prof
02-11 14:43:22.345  2178  2308 E DexLoadReporter: Could not create the profile directory: /system/lib/oat/libsgavmp.so.cur.prof
02-11 14:43:22.513   880   960 W ContextImpl: Calling a method in the system process without a qualified user: android.app.ContextImpl.sendBroadcast:967 android.content.ContextWrapper.sendBroadcast:437 com.ta.audid.filesync.UtdidBroadcastMgr.sendBroadCast:68 com.ta.audid.device.AppUtdid$1.run:176 java.util.concurrent.Executors$RunnableAdapter.call:457 
02-11 14:43:23.158  2178  2227 E DexLoadReporter: Could not create the profile directory: /system/lib/oat/libsgmisc.so.cur.prof
02-11 14:43:23.966   880   880 W ContextImpl: Calling a method in the system process without a qualified user: android.app.ContextImpl.startService:1477 android.content.ContextWrapper.startService:650 android.content.ContextWrapper.startService:650 com.alibaba.ailabs.genie.utils.DataCenterUtils.startDataCenterService:235 com.alibaba.ailabs.genie.datacenter.DataCenterReceiver.onReceive:89 
